2019-08-01 23:00:50 DEBUG RegistrationService:40 - URI /mybank/
2019-08-01 23:00:50 DEBUG RegistrationService:42 - User 0has permission
2019-08-01 23:00:50 DEBUG RegistrationService:40 - URI /mybank/home;jsessionid=6D032FC2AB585060061E883089BD7CDA
2019-08-01 23:00:50 DEBUG RegistrationService:45 - User 0does not have permission
2019-08-01 23:00:50 DEBUG RegistrationService:40 - URI /mybank/
2019-08-01 23:00:50 DEBUG RegistrationService:42 - User 0has permission
2019-08-01 23:00:50 DEBUG RegistrationService:40 - URI /mybank/home
2019-08-01 23:00:50 DEBUG RegistrationService:42 - User 0has permission
2019-08-01 23:00:50 DEBUG Servlet:56 - Servlet /mybank/home
2019-08-01 23:00:50 DEBUG HomeCommand:22 - User GUEST
2019-08-01 23:00:50 DEBUG Servlet:64 - Redirecting to redirect:login
2019-08-01 23:00:50 DEBUG RegistrationService:40 - URI /mybank/login
2019-08-01 23:00:50 DEBUG RegistrationService:45 - User 0does not have permission
2019-08-01 23:00:56 DEBUG RegistrationService:40 - URI /mybank/
2019-08-01 23:00:56 DEBUG RegistrationService:42 - User 0has permission
2019-08-01 23:00:56 DEBUG RegistrationService:40 - URI /mybank/home
2019-08-01 23:00:56 DEBUG RegistrationService:42 - User 0has permission
2019-08-01 23:00:56 DEBUG Servlet:56 - Servlet /mybank/home
2019-08-01 23:00:56 DEBUG HomeCommand:22 - User GUEST
2019-08-01 23:00:56 DEBUG Servlet:64 - Redirecting to redirect:login
2019-08-01 23:00:56 DEBUG RegistrationService:40 - URI /mybank/login
2019-08-01 23:00:56 DEBUG RegistrationService:45 - User 0does not have permission
2019-08-01 23:01:24 DEBUG RegistrationService:40 - URI /mybank/
2019-08-01 23:01:24 DEBUG RegistrationService:42 - User 0has permission
2019-08-01 23:01:24 DEBUG RegistrationService:40 - URI /mybank/home;jsessionid=E4D355B41350A5F4BD50A4F5DCC28F23
2019-08-01 23:01:24 DEBUG RegistrationService:45 - User 0does not have permission
2019-08-01 23:01:24 DEBUG RegistrationService:40 - URI /mybank/
2019-08-01 23:01:24 DEBUG RegistrationService:42 - User 0has permission
2019-08-01 23:01:24 DEBUG RegistrationService:40 - URI /mybank/home
2019-08-01 23:01:24 DEBUG RegistrationService:42 - User 0has permission
2019-08-01 23:01:24 DEBUG Servlet:56 - Servlet /mybank/home
2019-08-01 23:01:24 DEBUG HomeCommand:22 - User GUEST
2019-08-01 23:01:24 DEBUG Servlet:64 - Redirecting to redirect:/guest/login
2019-08-01 23:01:50 DEBUG RegistrationService:40 - URI /mybank/
2019-08-01 23:01:50 DEBUG RegistrationService:42 - User 0has permission
2019-08-01 23:01:50 DEBUG RegistrationService:40 - URI /mybank/home;jsessionid=643DD59D5F4F2D2730EFE4CE0088A2F0
2019-08-01 23:01:50 DEBUG RegistrationService:45 - User 0does not have permission
2019-08-01 23:01:50 DEBUG RegistrationService:40 - URI /mybank/
2019-08-01 23:01:50 DEBUG RegistrationService:42 - User 0has permission
2019-08-01 23:01:50 DEBUG RegistrationService:40 - URI /mybank/home
2019-08-01 23:01:50 DEBUG RegistrationService:42 - User 0has permission
2019-08-01 23:01:50 DEBUG Servlet:56 - Servlet /mybank/home
2019-08-01 23:01:50 DEBUG HomeCommand:22 - User GUEST
2019-08-01 23:01:50 DEBUG Servlet:64 - Redirecting to redirect:/mybank/guest/login
2019-08-01 23:01:50 DEBUG RegistrationService:40 - URI /mybank/guest/login
2019-08-01 23:01:50 DEBUG RegistrationService:42 - User 0has permission
2019-08-01 23:01:50 DEBUG Servlet:56 - Servlet /mybank/guest/login
2019-08-01 23:01:50 DEBUG LoginCommand:54 - User USER
2019-08-01 23:01:50 DEBUG Servlet:64 - Redirecting to redirect:/mybank/home
2019-08-01 23:01:50 DEBUG RegistrationService:40 - URI /mybank/home
2019-08-01 23:01:50 DEBUG RegistrationService:42 - User 0has permission
2019-08-01 23:01:50 DEBUG Servlet:56 - Servlet /mybank/home
2019-08-01 23:01:50 DEBUG HomeCommand:22 - User USER
2019-08-01 23:01:50 DEBUG Servlet:64 - Redirecting to redirect:login
2019-08-01 23:01:50 DEBUG RegistrationService:40 - URI /mybank/login
2019-08-01 23:01:50 DEBUG RegistrationService:45 - User 0does not have permission
2019-08-01 23:02:05 DEBUG RegistrationService:40 - URI /mybank/home
2019-08-01 23:02:05 DEBUG RegistrationService:42 - User 0has permission
2019-08-01 23:02:05 DEBUG Servlet:56 - Servlet /mybank/home
2019-08-01 23:02:05 DEBUG HomeCommand:22 - User USER
2019-08-01 23:02:05 DEBUG Servlet:64 - Redirecting to redirect:login
2019-08-01 23:02:05 DEBUG RegistrationService:40 - URI /mybank/login
2019-08-01 23:02:05 DEBUG RegistrationService:45 - User 0does not have permission
2019-08-01 23:02:25 DEBUG RegistrationService:40 - URI /mybank/
2019-08-01 23:02:25 DEBUG RegistrationService:42 - User 0has permission
2019-08-01 23:02:26 DEBUG RegistrationService:40 - URI /mybank/home;jsessionid=521E11CB03CAB128700EF79ACD1BD31D
2019-08-01 23:02:26 DEBUG RegistrationService:45 - User 0does not have permission
2019-08-01 23:02:26 DEBUG RegistrationService:40 - URI /mybank/
2019-08-01 23:02:26 DEBUG RegistrationService:42 - User 0has permission
2019-08-01 23:02:26 DEBUG RegistrationService:40 - URI /mybank/home
2019-08-01 23:02:26 DEBUG RegistrationService:42 - User 0has permission
2019-08-01 23:02:26 DEBUG Servlet:56 - Servlet /mybank/home
2019-08-01 23:02:26 DEBUG HomeCommand:22 - User GUEST
2019-08-01 23:02:26 DEBUG Servlet:64 - Redirecting to redirect:mybank/guest/login
2019-08-01 23:02:26 DEBUG RegistrationService:40 - URI /mybank/mybank/guest/login
2019-08-01 23:02:26 DEBUG RegistrationService:42 - User 0has permission
2019-08-01 23:02:26 DEBUG Servlet:56 - Servlet /mybank/mybank/guest/login
2019-08-01 23:02:26 DEBUG LoginCommand:54 - User USER
2019-08-01 23:02:26 DEBUG Servlet:64 - Redirecting to redirect:/mybank/home
2019-08-01 23:02:26 DEBUG RegistrationService:40 - URI /mybank/home
2019-08-01 23:02:26 DEBUG RegistrationService:42 - User 0has permission
2019-08-01 23:02:26 DEBUG Servlet:56 - Servlet /mybank/home
2019-08-01 23:02:26 DEBUG HomeCommand:22 - User USER
2019-08-01 23:02:26 DEBUG Servlet:64 - Redirecting to redirect:login
2019-08-01 23:02:26 DEBUG RegistrationService:40 - URI /mybank/login
2019-08-01 23:02:26 DEBUG RegistrationService:45 - User 0does not have permission
2019-08-01 23:02:40 DEBUG RegistrationService:40 - URI /mybank/
2019-08-01 23:02:40 DEBUG RegistrationService:42 - User 0has permission
2019-08-01 23:02:40 DEBUG RegistrationService:40 - URI /mybank/home;jsessionid=AF00DD7F41912E3FBEEBCCA12BDB4907
2019-08-01 23:02:40 DEBUG RegistrationService:45 - User 0does not have permission
2019-08-01 23:02:40 DEBUG RegistrationService:40 - URI /mybank/
2019-08-01 23:02:40 DEBUG RegistrationService:42 - User 0has permission
2019-08-01 23:02:40 DEBUG RegistrationService:40 - URI /mybank/home
2019-08-01 23:02:40 DEBUG RegistrationService:42 - User 0has permission
2019-08-01 23:02:40 DEBUG Servlet:56 - Servlet /mybank/home
2019-08-01 23:02:40 DEBUG HomeCommand:22 - User GUEST
2019-08-01 23:02:40 DEBUG Servlet:64 - Redirecting to redirect:mybank/guest/login
2019-08-01 23:02:40 DEBUG RegistrationService:40 - URI /mybank/mybank/guest/login
2019-08-01 23:02:40 DEBUG RegistrationService:42 - User 0has permission
2019-08-01 23:02:40 DEBUG Servlet:56 - Servlet /mybank/mybank/guest/login
2019-08-01 23:02:40 DEBUG LoginCommand:54 - User USER
2019-08-01 23:02:40 DEBUG Servlet:64 - Redirecting to redirect:/mybank/home
2019-08-01 23:02:40 DEBUG RegistrationService:40 - URI /mybank/home
2019-08-01 23:02:40 DEBUG RegistrationService:42 - User 0has permission
2019-08-01 23:02:40 DEBUG Servlet:56 - Servlet /mybank/home
2019-08-01 23:02:40 DEBUG HomeCommand:22 - User USER
2019-08-01 23:02:40 DEBUG Servlet:64 - Redirecting to redirect:fuck
2019-08-01 23:02:40 DEBUG RegistrationService:40 - URI /mybank/fuck
2019-08-01 23:02:40 DEBUG RegistrationService:45 - User 0does not have permission
2019-08-01 23:02:57 DEBUG RegistrationService:40 - URI /mybank/logout
2019-08-01 23:02:57 DEBUG RegistrationService:45 - User 0does not have permission
2019-08-01 23:03:04 DEBUG RegistrationService:40 - URI /mybank/user/logout
2019-08-01 23:03:04 DEBUG RegistrationService:42 - User 0has permission
2019-08-01 23:03:04 DEBUG Servlet:56 - Servlet /mybank/user/logout
2019-08-01 23:03:04 DEBUG HomeCommand:22 - User USER
2019-08-01 23:03:04 DEBUG Servlet:64 - Redirecting to redirect:fuck
2019-08-01 23:03:04 DEBUG RegistrationService:40 - URI /mybank/user/fuck
2019-08-01 23:03:04 DEBUG RegistrationService:42 - User 0has permission
2019-08-01 23:03:04 DEBUG Servlet:56 - Servlet /mybank/user/fuck
2019-08-01 23:03:04 DEBUG HomeCommand:22 - User USER
2019-08-01 23:03:04 DEBUG Servlet:64 - Redirecting to redirect:fuck
2019-08-01 23:03:04 DEBUG RegistrationService:40 - URI /mybank/user/fuck
2019-08-01 23:03:04 DEBUG RegistrationService:42 - User 0has permission
2019-08-01 23:03:04 DEBUG Servlet:56 - Servlet /mybank/user/fuck
2019-08-01 23:03:04 DEBUG HomeCommand:22 - User USER
2019-08-01 23:03:04 DEBUG Servlet:64 - Redirecting to redirect:fuck
2019-08-01 23:03:04 DEBUG RegistrationService:40 - URI /mybank/user/fuck
2019-08-01 23:03:04 DEBUG RegistrationService:42 - User 0has permission
2019-08-01 23:03:04 DEBUG Servlet:56 - Servlet /mybank/user/fuck
2019-08-01 23:03:04 DEBUG HomeCommand:22 - User USER
2019-08-01 23:03:04 DEBUG Servlet:64 - Redirecting to redirect:fuck
2019-08-01 23:03:04 DEBUG RegistrationService:40 - URI /mybank/user/fuck
2019-08-01 23:03:04 DEBUG RegistrationService:42 - User 0has permission
2019-08-01 23:03:04 DEBUG Servlet:56 - Servlet /mybank/user/fuck
2019-08-01 23:03:04 DEBUG HomeCommand:22 - User USER
2019-08-01 23:03:04 DEBUG Servlet:64 - Redirecting to redirect:fuck
2019-08-01 23:03:04 DEBUG RegistrationService:40 - URI /mybank/user/fuck
2019-08-01 23:03:04 DEBUG RegistrationService:42 - User 0has permission
2019-08-01 23:03:04 DEBUG Servlet:56 - Servlet /mybank/user/fuck
2019-08-01 23:03:04 DEBUG HomeCommand:22 - User USER
2019-08-01 23:03:04 DEBUG Servlet:64 - Redirecting to redirect:fuck
2019-08-01 23:03:04 DEBUG RegistrationService:40 - URI /mybank/user/fuck
2019-08-01 23:03:04 DEBUG RegistrationService:42 - User 0has permission
2019-08-01 23:03:04 DEBUG Servlet:56 - Servlet /mybank/user/fuck
2019-08-01 23:03:04 DEBUG HomeCommand:22 - User USER
2019-08-01 23:03:04 DEBUG Servlet:64 - Redirecting to redirect:fuck
2019-08-01 23:03:04 DEBUG RegistrationService:40 - URI /mybank/user/fuck
2019-08-01 23:03:04 DEBUG RegistrationService:42 - User 0has permission
2019-08-01 23:03:04 DEBUG Servlet:56 - Servlet /mybank/user/fuck
2019-08-01 23:03:04 DEBUG HomeCommand:22 - User USER
2019-08-01 23:03:04 DEBUG Servlet:64 - Redirecting to redirect:fuck
2019-08-01 23:03:04 DEBUG RegistrationService:40 - URI /mybank/user/fuck
2019-08-01 23:03:04 DEBUG RegistrationService:42 - User 0has permission
2019-08-01 23:03:04 DEBUG Servlet:56 - Servlet /mybank/user/fuck
2019-08-01 23:03:04 DEBUG HomeCommand:22 - User USER
2019-08-01 23:03:04 DEBUG Servlet:64 - Redirecting to redirect:fuck
2019-08-01 23:03:04 DEBUG RegistrationService:40 - URI /mybank/user/fuck
2019-08-01 23:03:04 DEBUG RegistrationService:42 - User 0has permission
2019-08-01 23:03:04 DEBUG Servlet:56 - Servlet /mybank/user/fuck
2019-08-01 23:03:04 DEBUG HomeCommand:22 - User USER
2019-08-01 23:03:04 DEBUG Servlet:64 - Redirecting to redirect:fuck
2019-08-01 23:03:04 DEBUG RegistrationService:40 - URI /mybank/user/fuck
2019-08-01 23:03:04 DEBUG RegistrationService:42 - User 0has permission
2019-08-01 23:03:04 DEBUG Servlet:56 - Servlet /mybank/user/fuck
2019-08-01 23:03:04 DEBUG HomeCommand:22 - User USER
2019-08-01 23:03:04 DEBUG Servlet:64 - Redirecting to redirect:fuck
2019-08-01 23:03:04 DEBUG RegistrationService:40 - URI /mybank/user/fuck
2019-08-01 23:03:04 DEBUG RegistrationService:42 - User 0has permission
2019-08-01 23:03:04 DEBUG Servlet:56 - Servlet /mybank/user/fuck
2019-08-01 23:03:04 DEBUG HomeCommand:22 - User USER
2019-08-01 23:03:04 DEBUG Servlet:64 - Redirecting to redirect:fuck
2019-08-01 23:03:04 DEBUG RegistrationService:40 - URI /mybank/user/fuck
2019-08-01 23:03:04 DEBUG RegistrationService:42 - User 0has permission
2019-08-01 23:03:04 DEBUG Servlet:56 - Servlet /mybank/user/fuck
2019-08-01 23:03:04 DEBUG HomeCommand:22 - User USER
2019-08-01 23:03:04 DEBUG Servlet:64 - Redirecting to redirect:fuck
2019-08-01 23:03:04 DEBUG RegistrationService:40 - URI /mybank/user/fuck
2019-08-01 23:03:04 DEBUG RegistrationService:42 - User 0has permission
2019-08-01 23:03:04 DEBUG Servlet:56 - Servlet /mybank/user/fuck
2019-08-01 23:03:04 DEBUG HomeCommand:22 - User USER
2019-08-01 23:03:04 DEBUG Servlet:64 - Redirecting to redirect:fuck
2019-08-01 23:03:04 DEBUG RegistrationService:40 - URI /mybank/user/fuck
2019-08-01 23:03:04 DEBUG RegistrationService:42 - User 0has permission
2019-08-01 23:03:04 DEBUG Servlet:56 - Servlet /mybank/user/fuck
2019-08-01 23:03:04 DEBUG HomeCommand:22 - User USER
2019-08-01 23:03:04 DEBUG Servlet:64 - Redirecting to redirect:fuck
2019-08-01 23:03:04 DEBUG RegistrationService:40 - URI /mybank/user/fuck
2019-08-01 23:03:04 DEBUG RegistrationService:42 - User 0has permission
2019-08-01 23:03:04 DEBUG Servlet:56 - Servlet /mybank/user/fuck
2019-08-01 23:03:04 DEBUG HomeCommand:22 - User USER
2019-08-01 23:03:04 DEBUG Servlet:64 - Redirecting to redirect:fuck
2019-08-01 23:03:04 DEBUG RegistrationService:40 - URI /mybank/user/fuck
2019-08-01 23:03:04 DEBUG RegistrationService:42 - User 0has permission
2019-08-01 23:03:04 DEBUG Servlet:56 - Servlet /mybank/user/fuck
2019-08-01 23:03:04 DEBUG HomeCommand:22 - User USER
2019-08-01 23:03:04 DEBUG Servlet:64 - Redirecting to redirect:fuck
2019-08-01 23:03:04 DEBUG RegistrationService:40 - URI /mybank/user/fuck
2019-08-01 23:03:04 DEBUG RegistrationService:42 - User 0has permission
2019-08-01 23:03:04 DEBUG Servlet:56 - Servlet /mybank/user/fuck
2019-08-01 23:03:04 DEBUG HomeCommand:22 - User USER
2019-08-01 23:03:04 DEBUG Servlet:64 - Redirecting to redirect:fuck
2019-08-01 23:03:04 DEBUG RegistrationService:40 - URI /mybank/user/fuck
2019-08-01 23:03:04 DEBUG RegistrationService:42 - User 0has permission
2019-08-01 23:03:04 DEBUG Servlet:56 - Servlet /mybank/user/fuck
2019-08-01 23:03:04 DEBUG HomeCommand:22 - User USER
2019-08-01 23:03:04 DEBUG Servlet:64 - Redirecting to redirect:fuck
2019-08-01 23:03:04 DEBUG RegistrationService:40 - URI /mybank/user/fuck
2019-08-01 23:03:04 DEBUG RegistrationService:42 - User 0has permission
2019-08-01 23:03:04 DEBUG Servlet:56 - Servlet /mybank/user/fuck
2019-08-01 23:03:04 DEBUG HomeCommand:22 - User USER
2019-08-01 23:03:04 DEBUG Servlet:64 - Redirecting to redirect:fuck
2019-08-01 23:03:04 DEBUG RegistrationService:40 - URI /mybank/user/fuck
2019-08-01 23:03:04 DEBUG RegistrationService:42 - User 0has permission
2019-08-01 23:03:04 DEBUG Servlet:56 - Servlet /mybank/user/fuck
2019-08-01 23:03:04 DEBUG HomeCommand:22 - User USER
2019-08-01 23:03:04 DEBUG Servlet:64 - Redirecting to redirect:fuck
2019-08-01 23:03:04 DEBUG RegistrationService:40 - URI /mybank/user/fuck
2019-08-01 23:03:04 DEBUG RegistrationService:42 - User 0has permission
2019-08-01 23:03:04 DEBUG Servlet:56 - Servlet /mybank/user/fuck
2019-08-01 23:03:04 DEBUG HomeCommand:22 - User USER
2019-08-01 23:03:04 DEBUG Servlet:64 - Redirecting to redirect:fuck
2019-08-01 23:03:04 DEBUG RegistrationService:40 - URI /mybank/user/fuck
2019-08-01 23:03:04 DEBUG RegistrationService:42 - User 0has permission
2019-08-01 23:03:04 DEBUG Servlet:56 - Servlet /mybank/user/fuck
2019-08-01 23:03:04 DEBUG HomeCommand:22 - User USER
2019-08-01 23:03:04 DEBUG Servlet:64 - Redirecting to redirect:fuck
2019-08-01 23:03:04 DEBUG RegistrationService:40 - URI /mybank/user/fuck
2019-08-01 23:03:04 DEBUG RegistrationService:42 - User 0has permission
2019-08-01 23:03:04 DEBUG Servlet:56 - Servlet /mybank/user/fuck
2019-08-01 23:03:04 DEBUG HomeCommand:22 - User USER
2019-08-01 23:03:04 DEBUG Servlet:64 - Redirecting to redirect:fuck
2019-08-01 23:03:04 DEBUG RegistrationService:40 - URI /mybank/user/fuck
2019-08-01 23:03:04 DEBUG RegistrationService:42 - User 0has permission
2019-08-01 23:03:04 DEBUG Servlet:56 - Servlet /mybank/user/fuck
2019-08-01 23:03:04 DEBUG HomeCommand:22 - User USER
2019-08-01 23:03:04 DEBUG Servlet:64 - Redirecting to redirect:fuck
2019-08-01 23:03:04 DEBUG RegistrationService:40 - URI /mybank/user/fuck
2019-08-01 23:03:04 DEBUG RegistrationService:42 - User 0has permission
2019-08-01 23:03:04 DEBUG Servlet:56 - Servlet /mybank/user/fuck
2019-08-01 23:03:04 DEBUG HomeCommand:22 - User USER
2019-08-01 23:03:04 DEBUG Servlet:64 - Redirecting to redirect:fuck
2019-08-01 23:03:04 DEBUG RegistrationService:40 - URI /mybank/user/fuck
2019-08-01 23:03:04 DEBUG RegistrationService:42 - User 0has permission
2019-08-01 23:03:04 DEBUG Servlet:56 - Servlet /mybank/user/fuck
2019-08-01 23:03:04 DEBUG HomeCommand:22 - User USER
2019-08-01 23:03:04 DEBUG Servlet:64 - Redirecting to redirect:fuck
2019-08-01 23:03:04 DEBUG RegistrationService:40 - URI /mybank/user/fuck
2019-08-01 23:03:04 DEBUG RegistrationService:42 - User 0has permission
2019-08-01 23:03:04 DEBUG Servlet:56 - Servlet /mybank/user/fuck
2019-08-01 23:03:04 DEBUG HomeCommand:22 - User USER
2019-08-01 23:03:04 DEBUG Servlet:64 - Redirecting to redirect:fuck
2019-08-01 23:03:04 DEBUG RegistrationService:40 - URI /mybank/user/fuck
2019-08-01 23:03:04 DEBUG RegistrationService:42 - User 0has permission
2019-08-01 23:03:04 DEBUG Servlet:56 - Servlet /mybank/user/fuck
2019-08-01 23:03:04 DEBUG HomeCommand:22 - User USER
2019-08-01 23:03:04 DEBUG Servlet:64 - Redirecting to redirect:fuck
2019-08-01 23:03:04 DEBUG RegistrationService:40 - URI /mybank/user/fuck
2019-08-01 23:03:04 DEBUG RegistrationService:42 - User 0has permission
2019-08-01 23:03:04 DEBUG Servlet:56 - Servlet /mybank/user/fuck
2019-08-01 23:03:04 DEBUG HomeCommand:22 - User USER
2019-08-01 23:03:04 DEBUG Servlet:64 - Redirecting to redirect:fuck
2019-08-01 23:03:04 DEBUG RegistrationService:40 - URI /mybank/user/fuck
2019-08-01 23:03:04 DEBUG RegistrationService:42 - User 0has permission
2019-08-01 23:03:04 DEBUG Servlet:56 - Servlet /mybank/user/fuck
2019-08-01 23:03:04 DEBUG HomeCommand:22 - User USER
2019-08-01 23:03:04 DEBUG Servlet:64 - Redirecting to redirect:fuck
2019-08-01 23:03:04 DEBUG RegistrationService:40 - URI /mybank/user/fuck
2019-08-01 23:03:04 DEBUG RegistrationService:42 - User 0has permission
2019-08-01 23:03:04 DEBUG Servlet:56 - Servlet /mybank/user/fuck
2019-08-01 23:03:04 DEBUG HomeCommand:22 - User USER
2019-08-01 23:03:04 DEBUG Servlet:64 - Redirecting to redirect:fuck
2019-08-01 23:03:04 DEBUG RegistrationService:40 - URI /mybank/user/fuck
2019-08-01 23:03:04 DEBUG RegistrationService:42 - User 0has permission
2019-08-01 23:03:04 DEBUG Servlet:56 - Servlet /mybank/user/fuck
2019-08-01 23:03:04 DEBUG HomeCommand:22 - User USER
2019-08-01 23:03:04 DEBUG Servlet:64 - Redirecting to redirect:fuck
2019-08-01 23:03:04 DEBUG RegistrationService:40 - URI /mybank/user/fuck
2019-08-01 23:03:04 DEBUG RegistrationService:42 - User 0has permission
2019-08-01 23:03:04 DEBUG Servlet:56 - Servlet /mybank/user/fuck
2019-08-01 23:03:04 DEBUG HomeCommand:22 - User USER
2019-08-01 23:03:04 DEBUG Servlet:64 - Redirecting to redirect:fuck
2019-08-01 23:03:04 DEBUG RegistrationService:40 - URI /mybank/user/fuck
2019-08-01 23:03:04 DEBUG RegistrationService:42 - User 0has permission
2019-08-01 23:03:04 DEBUG Servlet:56 - Servlet /mybank/user/fuck
2019-08-01 23:03:04 DEBUG HomeCommand:22 - User USER
2019-08-01 23:03:04 DEBUG Servlet:64 - Redirecting to redirect:fuck
2019-08-01 23:03:04 DEBUG RegistrationService:40 - URI /mybank/user/fuck
2019-08-01 23:03:04 DEBUG RegistrationService:42 - User 0has permission
2019-08-01 23:03:04 DEBUG Servlet:56 - Servlet /mybank/user/fuck
2019-08-01 23:03:04 DEBUG HomeCommand:22 - User USER
2019-08-01 23:03:04 DEBUG Servlet:64 - Redirecting to redirect:fuck
2019-08-01 23:03:04 DEBUG RegistrationService:40 - URI /mybank/user/fuck
2019-08-01 23:03:04 DEBUG RegistrationService:42 - User 0has permission
2019-08-01 23:03:04 DEBUG Servlet:56 - Servlet /mybank/user/fuck
2019-08-01 23:03:04 DEBUG HomeCommand:22 - User USER
2019-08-01 23:03:04 DEBUG Servlet:64 - Redirecting to redirect:fuck
2019-08-01 23:03:04 DEBUG RegistrationService:40 - URI /mybank/user/fuck
2019-08-01 23:03:04 DEBUG RegistrationService:42 - User 0has permission
2019-08-01 23:03:04 DEBUG Servlet:56 - Servlet /mybank/user/fuck
2019-08-01 23:03:04 DEBUG HomeCommand:22 - User USER
2019-08-01 23:03:04 DEBUG Servlet:64 - Redirecting to redirect:fuck
2019-08-01 23:03:04 DEBUG RegistrationService:40 - URI /mybank/user/fuck
2019-08-01 23:03:04 DEBUG RegistrationService:42 - User 0has permission
2019-08-01 23:03:04 DEBUG Servlet:56 - Servlet /mybank/user/fuck
2019-08-01 23:03:04 DEBUG HomeCommand:22 - User USER
2019-08-01 23:03:04 DEBUG Servlet:64 - Redirecting to redirect:fuck
2019-08-01 23:03:04 DEBUG RegistrationService:40 - URI /mybank/user/fuck
2019-08-01 23:03:04 DEBUG RegistrationService:42 - User 0has permission
2019-08-01 23:03:04 DEBUG Servlet:56 - Servlet /mybank/user/fuck
2019-08-01 23:03:04 DEBUG HomeCommand:22 - User USER
2019-08-01 23:03:04 DEBUG Servlet:64 - Redirecting to redirect:fuck
2019-08-01 23:03:09 DEBUG RegistrationService:40 - URI /mybank/user/fuck
2019-08-01 23:03:09 DEBUG RegistrationService:42 - User 0has permission
2019-08-01 23:03:09 DEBUG Servlet:56 - Servlet /mybank/user/fuck
2019-08-01 23:03:09 DEBUG HomeCommand:22 - User USER
2019-08-01 23:03:09 DEBUG Servlet:64 - Redirecting to redirect:fuck
2019-08-01 23:03:09 DEBUG RegistrationService:40 - URI /mybank/user/fuck
2019-08-01 23:03:09 DEBUG RegistrationService:42 - User 0has permission
2019-08-01 23:03:09 DEBUG Servlet:56 - Servlet /mybank/user/fuck
2019-08-01 23:03:09 DEBUG HomeCommand:22 - User USER
2019-08-01 23:03:09 DEBUG Servlet:64 - Redirecting to redirect:fuck
2019-08-01 23:03:09 DEBUG RegistrationService:40 - URI /mybank/user/fuck
2019-08-01 23:03:09 DEBUG RegistrationService:42 - User 0has permission
2019-08-01 23:03:09 DEBUG Servlet:56 - Servlet /mybank/user/fuck
2019-08-01 23:03:09 DEBUG HomeCommand:22 - User USER
2019-08-01 23:03:09 DEBUG Servlet:64 - Redirecting to redirect:fuck
2019-08-01 23:03:09 DEBUG RegistrationService:40 - URI /mybank/user/fuck
2019-08-01 23:03:09 DEBUG RegistrationService:42 - User 0has permission
2019-08-01 23:03:09 DEBUG Servlet:56 - Servlet /mybank/user/fuck
2019-08-01 23:03:09 DEBUG HomeCommand:22 - User USER
2019-08-01 23:03:09 DEBUG Servlet:64 - Redirecting to redirect:fuck
2019-08-01 23:03:09 DEBUG RegistrationService:40 - URI /mybank/user/fuck
2019-08-01 23:03:09 DEBUG RegistrationService:42 - User 0has permission
2019-08-01 23:03:09 DEBUG Servlet:56 - Servlet /mybank/user/fuck
2019-08-01 23:03:09 DEBUG HomeCommand:22 - User USER
2019-08-01 23:03:09 DEBUG Servlet:64 - Redirecting to redirect:fuck
2019-08-01 23:03:09 DEBUG RegistrationService:40 - URI /mybank/user/fuck
2019-08-01 23:03:09 DEBUG RegistrationService:42 - User 0has permission
2019-08-01 23:03:09 DEBUG Servlet:56 - Servlet /mybank/user/fuck
2019-08-01 23:03:09 DEBUG HomeCommand:22 - User USER
2019-08-01 23:03:09 DEBUG Servlet:64 - Redirecting to redirect:fuck
2019-08-01 23:03:09 DEBUG RegistrationService:40 - URI /mybank/user/fuck
2019-08-01 23:03:09 DEBUG RegistrationService:42 - User 0has permission
2019-08-01 23:03:09 DEBUG Servlet:56 - Servlet /mybank/user/fuck
2019-08-01 23:03:09 DEBUG HomeCommand:22 - User USER
2019-08-01 23:03:09 DEBUG Servlet:64 - Redirecting to redirect:fuck
2019-08-01 23:03:09 DEBUG RegistrationService:40 - URI /mybank/user/fuck
2019-08-01 23:03:09 DEBUG RegistrationService:42 - User 0has permission
2019-08-01 23:03:09 DEBUG Servlet:56 - Servlet /mybank/user/fuck
2019-08-01 23:03:09 DEBUG HomeCommand:22 - User USER
2019-08-01 23:03:09 DEBUG Servlet:64 - Redirecting to redirect:fuck
2019-08-01 23:03:09 DEBUG RegistrationService:40 - URI /mybank/user/fuck
2019-08-01 23:03:09 DEBUG RegistrationService:42 - User 0has permission
2019-08-01 23:03:09 DEBUG Servlet:56 - Servlet /mybank/user/fuck
2019-08-01 23:03:09 DEBUG HomeCommand:22 - User USER
2019-08-01 23:03:09 DEBUG Servlet:64 - Redirecting to redirect:fuck
2019-08-01 23:03:09 DEBUG RegistrationService:40 - URI /mybank/user/fuck
2019-08-01 23:03:09 DEBUG RegistrationService:42 - User 0has permission
2019-08-01 23:03:09 DEBUG Servlet:56 - Servlet /mybank/user/fuck
2019-08-01 23:03:09 DEBUG HomeCommand:22 - User USER
2019-08-01 23:03:09 DEBUG Servlet:64 - Redirecting to redirect:fuck
2019-08-01 23:03:09 DEBUG RegistrationService:40 - URI /mybank/user/fuck
2019-08-01 23:03:09 DEBUG RegistrationService:42 - User 0has permission
2019-08-01 23:03:09 DEBUG Servlet:56 - Servlet /mybank/user/fuck
2019-08-01 23:03:09 DEBUG HomeCommand:22 - User USER
2019-08-01 23:03:09 DEBUG Servlet:64 - Redirecting to redirect:fuck
2019-08-01 23:03:09 DEBUG RegistrationService:40 - URI /mybank/user/fuck
2019-08-01 23:03:09 DEBUG RegistrationService:42 - User 0has permission
2019-08-01 23:03:09 DEBUG Servlet:56 - Servlet /mybank/user/fuck
2019-08-01 23:03:09 DEBUG HomeCommand:22 - User USER
2019-08-01 23:03:09 DEBUG Servlet:64 - Redirecting to redirect:fuck
2019-08-01 23:03:09 DEBUG RegistrationService:40 - URI /mybank/user/fuck
2019-08-01 23:03:09 DEBUG RegistrationService:42 - User 0has permission
2019-08-01 23:03:09 DEBUG Servlet:56 - Servlet /mybank/user/fuck
2019-08-01 23:03:09 DEBUG HomeCommand:22 - User USER
2019-08-01 23:03:09 DEBUG Servlet:64 - Redirecting to redirect:fuck
2019-08-01 23:03:09 DEBUG RegistrationService:40 - URI /mybank/user/fuck
2019-08-01 23:03:09 DEBUG RegistrationService:42 - User 0has permission
2019-08-01 23:03:09 DEBUG Servlet:56 - Servlet /mybank/user/fuck
2019-08-01 23:03:09 DEBUG HomeCommand:22 - User USER
2019-08-01 23:03:09 DEBUG Servlet:64 - Redirecting to redirect:fuck
2019-08-01 23:03:09 DEBUG RegistrationService:40 - URI /mybank/user/fuck
2019-08-01 23:03:09 DEBUG RegistrationService:42 - User 0has permission
2019-08-01 23:03:09 DEBUG Servlet:56 - Servlet /mybank/user/fuck
2019-08-01 23:03:09 DEBUG HomeCommand:22 - User USER
2019-08-01 23:03:09 DEBUG Servlet:64 - Redirecting to redirect:fuck
2019-08-01 23:03:09 DEBUG RegistrationService:40 - URI /mybank/user/fuck
2019-08-01 23:03:09 DEBUG RegistrationService:42 - User 0has permission
2019-08-01 23:03:09 DEBUG Servlet:56 - Servlet /mybank/user/fuck
2019-08-01 23:03:09 DEBUG HomeCommand:22 - User USER
2019-08-01 23:03:09 DEBUG Servlet:64 - Redirecting to redirect:fuck
2019-08-01 23:03:09 DEBUG RegistrationService:40 - URI /mybank/user/fuck
2019-08-01 23:03:09 DEBUG RegistrationService:42 - User 0has permission
2019-08-01 23:03:09 DEBUG Servlet:56 - Servlet /mybank/user/fuck
2019-08-01 23:03:09 DEBUG HomeCommand:22 - User USER
2019-08-01 23:03:09 DEBUG Servlet:64 - Redirecting to redirect:fuck
2019-08-01 23:03:09 DEBUG RegistrationService:40 - URI /mybank/user/fuck
2019-08-01 23:03:09 DEBUG RegistrationService:42 - User 0has permission
2019-08-01 23:03:09 DEBUG Servlet:56 - Servlet /mybank/user/fuck
2019-08-01 23:03:09 DEBUG HomeCommand:22 - User USER
2019-08-01 23:03:09 DEBUG Servlet:64 - Redirecting to redirect:fuck
2019-08-01 23:03:09 DEBUG RegistrationService:40 - URI /mybank/user/fuck
2019-08-01 23:03:09 DEBUG RegistrationService:42 - User 0has permission
2019-08-01 23:03:09 DEBUG Servlet:56 - Servlet /mybank/user/fuck
2019-08-01 23:03:09 DEBUG HomeCommand:22 - User USER
2019-08-01 23:03:09 DEBUG Servlet:64 - Redirecting to redirect:fuck
2019-08-01 23:03:09 DEBUG RegistrationService:40 - URI /mybank/user/fuck
2019-08-01 23:03:09 DEBUG RegistrationService:42 - User 0has permission
2019-08-01 23:03:09 DEBUG Servlet:56 - Servlet /mybank/user/fuck
2019-08-01 23:03:09 DEBUG HomeCommand:22 - User USER
2019-08-01 23:03:09 DEBUG Servlet:64 - Redirecting to redirect:fuck
2019-08-01 23:03:44 DEBUG RegistrationService:40 - URI /mybank/
2019-08-01 23:03:44 DEBUG RegistrationService:42 - User 0has permission
2019-08-01 23:03:44 DEBUG RegistrationService:40 - URI /mybank/home;jsessionid=9F3F3CCEFE5A469121D4ED891BB76184
2019-08-01 23:03:44 DEBUG RegistrationService:45 - User 0does not have permission
2019-08-01 23:03:44 DEBUG RegistrationService:40 - URI /mybank/
2019-08-01 23:03:44 DEBUG RegistrationService:42 - User 0has permission
2019-08-01 23:03:44 DEBUG RegistrationService:40 - URI /mybank/home
2019-08-01 23:03:44 DEBUG RegistrationService:42 - User 0has permission
2019-08-01 23:03:44 DEBUG Servlet:56 - Servlet /mybank/home
2019-08-01 23:03:44 DEBUG HomeCommand:22 - User GUEST
2019-08-01 23:03:44 DEBUG Servlet:64 - Redirecting to redirect:mybank/guest/login
2019-08-01 23:03:44 DEBUG RegistrationService:40 - URI /mybank/mybank/guest/login
2019-08-01 23:03:44 DEBUG RegistrationService:42 - User 0has permission
2019-08-01 23:03:44 DEBUG Servlet:56 - Servlet /mybank/mybank/guest/login
2019-08-01 23:03:44 DEBUG LoginCommand:54 - User USER
2019-08-01 23:03:44 DEBUG Servlet:64 - Redirecting to redirect:/mybank/home
2019-08-01 23:03:44 DEBUG RegistrationService:40 - URI /mybank/home
2019-08-01 23:03:44 DEBUG RegistrationService:42 - User 0has permission
2019-08-01 23:03:44 DEBUG Servlet:56 - Servlet /mybank/home
2019-08-01 23:03:44 DEBUG HomeCommand:22 - User USER
2019-08-01 23:03:44 DEBUG Servlet:64 - Redirecting to redirect:fuck
2019-08-01 23:03:44 DEBUG RegistrationService:40 - URI /mybank/fuck
2019-08-01 23:03:44 DEBUG RegistrationService:45 - User 0does not have permission
2019-08-01 23:03:50 DEBUG RegistrationService:40 - URI /mybank/home
2019-08-01 23:03:50 DEBUG RegistrationService:42 - User 0has permission
2019-08-01 23:03:50 DEBUG Servlet:56 - Servlet /mybank/home
2019-08-01 23:03:50 DEBUG HomeCommand:22 - User GUEST
2019-08-01 23:03:50 DEBUG Servlet:64 - Redirecting to redirect:mybank/guest/login
2019-08-01 23:03:50 DEBUG RegistrationService:40 - URI /mybank/mybank/guest/login
2019-08-01 23:03:50 DEBUG RegistrationService:42 - User 0has permission
2019-08-01 23:03:50 DEBUG Servlet:56 - Servlet /mybank/mybank/guest/login
2019-08-01 23:03:50 DEBUG LoginCommand:54 - User USER
2019-08-01 23:03:50 DEBUG Servlet:64 - Redirecting to redirect:/mybank/home
2019-08-01 23:03:50 DEBUG RegistrationService:40 - URI /mybank/home
2019-08-01 23:03:50 DEBUG RegistrationService:42 - User 0has permission
2019-08-01 23:03:50 DEBUG Servlet:56 - Servlet /mybank/home
2019-08-01 23:03:50 DEBUG HomeCommand:22 - User USER
2019-08-01 23:03:50 DEBUG Servlet:64 - Redirecting to redirect:fuck
2019-08-01 23:03:50 DEBUG RegistrationService:40 - URI /mybank/fuck
2019-08-01 23:03:50 DEBUG RegistrationService:45 - User 0does not have permission
2019-08-01 23:04:00 DEBUG RegistrationService:40 - URI /mybank/fuck
2019-08-01 23:04:00 DEBUG RegistrationService:45 - User 0does not have permission
2019-08-01 23:04:01 DEBUG RegistrationService:40 - URI /mybank/fuck
2019-08-01 23:04:01 DEBUG RegistrationService:45 - User 0does not have permission
2019-08-01 23:05:43 DEBUG RegistrationService:40 - URI /mybank/
2019-08-01 23:05:43 DEBUG RegistrationService:42 - User 0has permission
2019-08-01 23:05:44 DEBUG RegistrationService:40 - URI /mybank/home;jsessionid=8B782BE9349F22E46DA6AEDF0F4982B6
2019-08-01 23:05:44 DEBUG RegistrationService:45 - User 0does not have permission
2019-08-01 23:05:44 DEBUG RegistrationService:40 - URI /mybank/
2019-08-01 23:05:44 DEBUG RegistrationService:42 - User 0has permission
2019-08-01 23:05:44 DEBUG RegistrationService:40 - URI /mybank/home
2019-08-01 23:05:44 DEBUG RegistrationService:42 - User 0has permission
2019-08-01 23:05:44 DEBUG Servlet:56 - Servlet /mybank/home
2019-08-01 23:05:44 DEBUG HomeCommand:22 - User GUEST
2019-08-01 23:05:44 DEBUG Servlet:64 - Redirecting to redirect:mybank/guest/login
2019-08-01 23:05:44 DEBUG RegistrationService:40 - URI /mybank/mybank/guest/login
2019-08-01 23:05:44 DEBUG RegistrationService:42 - User 0has permission
2019-08-01 23:05:44 DEBUG Servlet:56 - Servlet /mybank/mybank/guest/login
2019-08-01 23:05:44 DEBUG LoginCommand:54 - User USER
2019-08-01 23:05:44 DEBUG Servlet:64 - Redirecting to redirect:/mybank/home
2019-08-01 23:05:44 DEBUG RegistrationService:40 - URI /mybank/home
2019-08-01 23:05:44 DEBUG RegistrationService:42 - User 0has permission
2019-08-01 23:05:44 DEBUG Servlet:56 - Servlet /mybank/home
2019-08-01 23:05:44 DEBUG HomeCommand:22 - User USER
2019-08-01 23:05:44 DEBUG Servlet:64 - Redirecting to redirect:fuck
2019-08-01 23:05:44 DEBUG RegistrationService:40 - URI /mybank/fuck
2019-08-01 23:05:44 DEBUG RegistrationService:45 - User 0does not have permission
2019-08-01 23:06:58 DEBUG Servlet:56 - Servlet /mybank/home;jsessionid=A9168F3AF7D1D7A90652B10EF5B46402
2019-08-01 23:06:58 DEBUG HomeCommand:22 - User GUEST
2019-08-01 23:06:58 DEBUG Servlet:64 - Redirecting to redirect:mybank/guest/login
2019-08-01 23:06:58 DEBUG Servlet:56 - Servlet /mybank/mybank/guest/login
2019-08-01 23:06:58 DEBUG LoginCommand:54 - User USER
2019-08-01 23:06:58 DEBUG Servlet:64 - Redirecting to redirect:/mybank/home
2019-08-01 23:06:58 DEBUG Servlet:56 - Servlet /mybank/home
2019-08-01 23:06:58 DEBUG HomeCommand:22 - User GUEST
2019-08-01 23:06:58 DEBUG Servlet:64 - Redirecting to redirect:mybank/guest/login
2019-08-01 23:06:58 DEBUG Servlet:56 - Servlet /mybank/mybank/guest/login
2019-08-01 23:06:58 DEBUG LoginCommand:54 - User USER
2019-08-01 23:06:58 DEBUG Servlet:64 - Redirecting to redirect:/mybank/home
2019-08-01 23:06:58 DEBUG Servlet:56 - Servlet /mybank/home
2019-08-01 23:06:58 DEBUG HomeCommand:22 - User GUEST
2019-08-01 23:06:58 DEBUG Servlet:64 - Redirecting to redirect:mybank/guest/login
2019-08-01 23:06:58 DEBUG Servlet:56 - Servlet /mybank/mybank/guest/login
2019-08-01 23:06:58 DEBUG LoginCommand:54 - User USER
2019-08-01 23:06:58 DEBUG Servlet:64 - Redirecting to redirect:/mybank/home
2019-08-01 23:06:58 DEBUG Servlet:56 - Servlet /mybank/home
2019-08-01 23:06:58 DEBUG HomeCommand:22 - User GUEST
2019-08-01 23:06:58 DEBUG Servlet:64 - Redirecting to redirect:mybank/guest/login
2019-08-01 23:06:58 DEBUG Servlet:56 - Servlet /mybank/mybank/guest/login
2019-08-01 23:06:58 DEBUG LoginCommand:54 - User USER
2019-08-01 23:06:58 DEBUG Servlet:64 - Redirecting to redirect:/mybank/home
2019-08-01 23:06:58 DEBUG Servlet:56 - Servlet /mybank/home
2019-08-01 23:06:58 DEBUG HomeCommand:22 - User GUEST
2019-08-01 23:06:58 DEBUG Servlet:64 - Redirecting to redirect:mybank/guest/login
2019-08-01 23:06:58 DEBUG Servlet:56 - Servlet /mybank/mybank/guest/login
2019-08-01 23:06:58 DEBUG LoginCommand:54 - User USER
2019-08-01 23:06:58 DEBUG Servlet:64 - Redirecting to redirect:/mybank/home
2019-08-01 23:06:58 DEBUG Servlet:56 - Servlet /mybank/home
2019-08-01 23:06:58 DEBUG HomeCommand:22 - User GUEST
2019-08-01 23:06:58 DEBUG Servlet:64 - Redirecting to redirect:mybank/guest/login
2019-08-01 23:06:58 DEBUG Servlet:56 - Servlet /mybank/mybank/guest/login
2019-08-01 23:06:58 DEBUG LoginCommand:54 - User USER
2019-08-01 23:06:58 DEBUG Servlet:64 - Redirecting to redirect:/mybank/home
2019-08-01 23:06:58 DEBUG Servlet:56 - Servlet /mybank/home
2019-08-01 23:06:58 DEBUG HomeCommand:22 - User GUEST
2019-08-01 23:06:58 DEBUG Servlet:64 - Redirecting to redirect:mybank/guest/login
2019-08-01 23:06:58 DEBUG Servlet:56 - Servlet /mybank/mybank/guest/login
2019-08-01 23:06:58 DEBUG LoginCommand:54 - User USER
2019-08-01 23:06:58 DEBUG Servlet:64 - Redirecting to redirect:/mybank/home
2019-08-01 23:06:58 DEBUG Servlet:56 - Servlet /mybank/home
2019-08-01 23:06:58 DEBUG HomeCommand:22 - User GUEST
2019-08-01 23:06:58 DEBUG Servlet:64 - Redirecting to redirect:mybank/guest/login
2019-08-01 23:06:58 DEBUG Servlet:56 - Servlet /mybank/mybank/guest/login
2019-08-01 23:06:58 DEBUG LoginCommand:54 - User USER
2019-08-01 23:06:58 DEBUG Servlet:64 - Redirecting to redirect:/mybank/home
2019-08-01 23:06:58 DEBUG Servlet:56 - Servlet /mybank/home
2019-08-01 23:06:58 DEBUG HomeCommand:22 - User GUEST
2019-08-01 23:06:58 DEBUG Servlet:64 - Redirecting to redirect:mybank/guest/login
2019-08-01 23:06:58 DEBUG Servlet:56 - Servlet /mybank/mybank/guest/login
2019-08-01 23:06:58 DEBUG LoginCommand:54 - User USER
2019-08-01 23:06:58 DEBUG Servlet:64 - Redirecting to redirect:/mybank/home
2019-08-01 23:06:58 DEBUG Servlet:56 - Servlet /mybank/home
2019-08-01 23:06:58 DEBUG HomeCommand:22 - User GUEST
2019-08-01 23:06:58 DEBUG Servlet:64 - Redirecting to redirect:mybank/guest/login
2019-08-01 23:06:59 DEBUG Servlet:56 - Servlet /mybank/home;jsessionid=511A15FE0ADBB6237C06E32B9FB9B712
2019-08-01 23:06:59 DEBUG HomeCommand:22 - User GUEST
2019-08-01 23:06:59 DEBUG Servlet:64 - Redirecting to redirect:mybank/guest/login
2019-08-01 23:06:59 DEBUG Servlet:56 - Servlet /mybank/mybank/guest/login
2019-08-01 23:06:59 DEBUG LoginCommand:54 - User USER
2019-08-01 23:06:59 DEBUG Servlet:64 - Redirecting to redirect:/mybank/home
2019-08-01 23:06:59 DEBUG Servlet:56 - Servlet /mybank/home
2019-08-01 23:06:59 DEBUG HomeCommand:22 - User GUEST
2019-08-01 23:06:59 DEBUG Servlet:64 - Redirecting to redirect:mybank/guest/login
2019-08-01 23:06:59 DEBUG Servlet:56 - Servlet /mybank/mybank/guest/login
2019-08-01 23:06:59 DEBUG LoginCommand:54 - User USER
2019-08-01 23:06:59 DEBUG Servlet:64 - Redirecting to redirect:/mybank/home
2019-08-01 23:06:59 DEBUG Servlet:56 - Servlet /mybank/home
2019-08-01 23:06:59 DEBUG HomeCommand:22 - User GUEST
2019-08-01 23:06:59 DEBUG Servlet:64 - Redirecting to redirect:mybank/guest/login
2019-08-01 23:06:59 DEBUG Servlet:56 - Servlet /mybank/mybank/guest/login
2019-08-01 23:06:59 DEBUG LoginCommand:54 - User USER
2019-08-01 23:06:59 DEBUG Servlet:64 - Redirecting to redirect:/mybank/home
2019-08-01 23:06:59 DEBUG Servlet:56 - Servlet /mybank/home
2019-08-01 23:06:59 DEBUG HomeCommand:22 - User GUEST
2019-08-01 23:06:59 DEBUG Servlet:64 - Redirecting to redirect:mybank/guest/login
2019-08-01 23:06:59 DEBUG Servlet:56 - Servlet /mybank/mybank/guest/login
2019-08-01 23:06:59 DEBUG LoginCommand:54 - User USER
2019-08-01 23:06:59 DEBUG Servlet:64 - Redirecting to redirect:/mybank/home
2019-08-01 23:06:59 DEBUG Servlet:56 - Servlet /mybank/home
2019-08-01 23:06:59 DEBUG HomeCommand:22 - User GUEST
2019-08-01 23:06:59 DEBUG Servlet:64 - Redirecting to redirect:mybank/guest/login
2019-08-01 23:06:59 DEBUG Servlet:56 - Servlet /mybank/mybank/guest/login
2019-08-01 23:06:59 DEBUG LoginCommand:54 - User USER
2019-08-01 23:06:59 DEBUG Servlet:64 - Redirecting to redirect:/mybank/home
2019-08-01 23:06:59 DEBUG Servlet:56 - Servlet /mybank/home
2019-08-01 23:06:59 DEBUG HomeCommand:22 - User GUEST
2019-08-01 23:06:59 DEBUG Servlet:64 - Redirecting to redirect:mybank/guest/login
2019-08-01 23:06:59 DEBUG Servlet:56 - Servlet /mybank/mybank/guest/login
2019-08-01 23:06:59 DEBUG LoginCommand:54 - User USER
2019-08-01 23:06:59 DEBUG Servlet:64 - Redirecting to redirect:/mybank/home
2019-08-01 23:06:59 DEBUG Servlet:56 - Servlet /mybank/home
2019-08-01 23:06:59 DEBUG HomeCommand:22 - User GUEST
2019-08-01 23:06:59 DEBUG Servlet:64 - Redirecting to redirect:mybank/guest/login
2019-08-01 23:06:59 DEBUG Servlet:56 - Servlet /mybank/mybank/guest/login
2019-08-01 23:06:59 DEBUG LoginCommand:54 - User USER
2019-08-01 23:06:59 DEBUG Servlet:64 - Redirecting to redirect:/mybank/home
2019-08-01 23:06:59 DEBUG Servlet:56 - Servlet /mybank/home
2019-08-01 23:06:59 DEBUG HomeCommand:22 - User GUEST
2019-08-01 23:06:59 DEBUG Servlet:64 - Redirecting to redirect:mybank/guest/login
2019-08-01 23:06:59 DEBUG Servlet:56 - Servlet /mybank/mybank/guest/login
2019-08-01 23:06:59 DEBUG LoginCommand:54 - User USER
2019-08-01 23:06:59 DEBUG Servlet:64 - Redirecting to redirect:/mybank/home
2019-08-01 23:06:59 DEBUG Servlet:56 - Servlet /mybank/home
2019-08-01 23:06:59 DEBUG HomeCommand:22 - User GUEST
2019-08-01 23:06:59 DEBUG Servlet:64 - Redirecting to redirect:mybank/guest/login
2019-08-01 23:06:59 DEBUG Servlet:56 - Servlet /mybank/mybank/guest/login
2019-08-01 23:06:59 DEBUG LoginCommand:54 - User USER
2019-08-01 23:06:59 DEBUG Servlet:64 - Redirecting to redirect:/mybank/home
2019-08-01 23:06:59 DEBUG Servlet:56 - Servlet /mybank/home
2019-08-01 23:06:59 DEBUG HomeCommand:22 - User GUEST
2019-08-01 23:06:59 DEBUG Servlet:64 - Redirecting to redirect:mybank/guest/login
2019-08-01 23:06:59 DEBUG Servlet:56 - Servlet /mybank/home;jsessionid=D055386428E28F5D26C55EAC728663F7
2019-08-01 23:06:59 DEBUG HomeCommand:22 - User GUEST
2019-08-01 23:06:59 DEBUG Servlet:64 - Redirecting to redirect:mybank/guest/login
2019-08-01 23:06:59 DEBUG Servlet:56 - Servlet /mybank/mybank/guest/login
2019-08-01 23:07:00 DEBUG LoginCommand:54 - User USER
2019-08-01 23:07:00 DEBUG Servlet:64 - Redirecting to redirect:/mybank/home
2019-08-01 23:07:00 DEBUG Servlet:56 - Servlet /mybank/home
2019-08-01 23:07:00 DEBUG HomeCommand:22 - User GUEST
2019-08-01 23:07:00 DEBUG Servlet:64 - Redirecting to redirect:mybank/guest/login
2019-08-01 23:07:00 DEBUG Servlet:56 - Servlet /mybank/mybank/guest/login
2019-08-01 23:07:00 DEBUG LoginCommand:54 - User USER
2019-08-01 23:07:00 DEBUG Servlet:64 - Redirecting to redirect:/mybank/home
2019-08-01 23:07:00 DEBUG Servlet:56 - Servlet /mybank/home
2019-08-01 23:07:00 DEBUG HomeCommand:22 - User GUEST
2019-08-01 23:07:00 DEBUG Servlet:64 - Redirecting to redirect:mybank/guest/login
2019-08-01 23:07:00 DEBUG Servlet:56 - Servlet /mybank/mybank/guest/login
2019-08-01 23:07:00 DEBUG LoginCommand:54 - User USER
2019-08-01 23:07:00 DEBUG Servlet:64 - Redirecting to redirect:/mybank/home
2019-08-01 23:07:00 DEBUG Servlet:56 - Servlet /mybank/home
2019-08-01 23:07:00 DEBUG HomeCommand:22 - User GUEST
2019-08-01 23:07:00 DEBUG Servlet:64 - Redirecting to redirect:mybank/guest/login
2019-08-01 23:07:00 DEBUG Servlet:56 - Servlet /mybank/mybank/guest/login
2019-08-01 23:07:00 DEBUG LoginCommand:54 - User USER
2019-08-01 23:07:00 DEBUG Servlet:64 - Redirecting to redirect:/mybank/home
2019-08-01 23:07:00 DEBUG Servlet:56 - Servlet /mybank/home
2019-08-01 23:07:00 DEBUG HomeCommand:22 - User GUEST
2019-08-01 23:07:00 DEBUG Servlet:64 - Redirecting to redirect:mybank/guest/login
2019-08-01 23:07:00 DEBUG Servlet:56 - Servlet /mybank/mybank/guest/login
2019-08-01 23:07:00 DEBUG LoginCommand:54 - User USER
2019-08-01 23:07:00 DEBUG Servlet:64 - Redirecting to redirect:/mybank/home
2019-08-01 23:07:00 DEBUG Servlet:56 - Servlet /mybank/home
2019-08-01 23:07:00 DEBUG HomeCommand:22 - User GUEST
2019-08-01 23:07:00 DEBUG Servlet:64 - Redirecting to redirect:mybank/guest/login
2019-08-01 23:07:00 DEBUG Servlet:56 - Servlet /mybank/mybank/guest/login
2019-08-01 23:07:00 DEBUG LoginCommand:54 - User USER
2019-08-01 23:07:00 DEBUG Servlet:64 - Redirecting to redirect:/mybank/home
2019-08-01 23:07:00 DEBUG Servlet:56 - Servlet /mybank/home
2019-08-01 23:07:00 DEBUG HomeCommand:22 - User GUEST
2019-08-01 23:07:00 DEBUG Servlet:64 - Redirecting to redirect:mybank/guest/login
2019-08-01 23:07:00 DEBUG Servlet:56 - Servlet /mybank/mybank/guest/login
2019-08-01 23:07:00 DEBUG LoginCommand:54 - User USER
2019-08-01 23:07:00 DEBUG Servlet:64 - Redirecting to redirect:/mybank/home
2019-08-01 23:07:00 DEBUG Servlet:56 - Servlet /mybank/home
2019-08-01 23:07:00 DEBUG HomeCommand:22 - User GUEST
2019-08-01 23:07:00 DEBUG Servlet:64 - Redirecting to redirect:mybank/guest/login
2019-08-01 23:07:00 DEBUG Servlet:56 - Servlet /mybank/mybank/guest/login
2019-08-01 23:07:00 DEBUG LoginCommand:54 - User USER
2019-08-01 23:07:00 DEBUG Servlet:64 - Redirecting to redirect:/mybank/home
2019-08-01 23:07:00 DEBUG Servlet:56 - Servlet /mybank/home
2019-08-01 23:07:00 DEBUG HomeCommand:22 - User GUEST
2019-08-01 23:07:00 DEBUG Servlet:64 - Redirecting to redirect:mybank/guest/login
2019-08-01 23:07:00 DEBUG Servlet:56 - Servlet /mybank/mybank/guest/login
2019-08-01 23:07:00 DEBUG LoginCommand:54 - User USER
2019-08-01 23:07:00 DEBUG Servlet:64 - Redirecting to redirect:/mybank/home
2019-08-01 23:07:00 DEBUG Servlet:56 - Servlet /mybank/home
2019-08-01 23:07:00 DEBUG HomeCommand:22 - User GUEST
2019-08-01 23:07:00 DEBUG Servlet:64 - Redirecting to redirect:mybank/guest/login
2019-08-01 23:07:58 DEBUG Servlet:56 - Servlet /mybank/home;jsessionid=AFB5E64167A7A2FEC5AB1AD06AFB1959
2019-08-01 23:07:58 DEBUG HomeCommand:22 - User GUEST
2019-08-01 23:07:58 DEBUG Servlet:64 - Redirecting to redirect:guest/login
2019-08-01 23:07:58 DEBUG Servlet:56 - Servlet /mybank/guest/login
2019-08-01 23:07:58 DEBUG LoginCommand:54 - User USER
2019-08-01 23:07:58 DEBUG Servlet:64 - Redirecting to redirect:/mybank/home
2019-08-01 23:07:58 DEBUG Servlet:56 - Servlet /mybank/home
2019-08-01 23:07:58 DEBUG HomeCommand:22 - User GUEST
2019-08-01 23:07:58 DEBUG Servlet:64 - Redirecting to redirect:guest/login
2019-08-01 23:07:58 DEBUG Servlet:56 - Servlet /mybank/guest/login
2019-08-01 23:07:58 DEBUG LoginCommand:54 - User USER
2019-08-01 23:07:58 DEBUG Servlet:64 - Redirecting to redirect:/mybank/home
2019-08-01 23:07:58 DEBUG Servlet:56 - Servlet /mybank/home
2019-08-01 23:07:58 DEBUG HomeCommand:22 - User GUEST
2019-08-01 23:07:58 DEBUG Servlet:64 - Redirecting to redirect:guest/login
2019-08-01 23:07:58 DEBUG Servlet:56 - Servlet /mybank/guest/login
2019-08-01 23:07:58 DEBUG LoginCommand:54 - User USER
2019-08-01 23:07:58 DEBUG Servlet:64 - Redirecting to redirect:/mybank/home
2019-08-01 23:07:58 DEBUG Servlet:56 - Servlet /mybank/home
2019-08-01 23:07:58 DEBUG HomeCommand:22 - User GUEST
2019-08-01 23:07:58 DEBUG Servlet:64 - Redirecting to redirect:guest/login
2019-08-01 23:07:58 DEBUG Servlet:56 - Servlet /mybank/guest/login
2019-08-01 23:07:58 DEBUG LoginCommand:54 - User USER
2019-08-01 23:07:58 DEBUG Servlet:64 - Redirecting to redirect:/mybank/home
2019-08-01 23:07:58 DEBUG Servlet:56 - Servlet /mybank/home
2019-08-01 23:07:58 DEBUG HomeCommand:22 - User GUEST
2019-08-01 23:07:58 DEBUG Servlet:64 - Redirecting to redirect:guest/login
2019-08-01 23:07:58 DEBUG Servlet:56 - Servlet /mybank/guest/login
2019-08-01 23:07:58 DEBUG LoginCommand:54 - User USER
2019-08-01 23:07:58 DEBUG Servlet:64 - Redirecting to redirect:/mybank/home
2019-08-01 23:07:58 DEBUG Servlet:56 - Servlet /mybank/home
2019-08-01 23:07:58 DEBUG HomeCommand:22 - User GUEST
2019-08-01 23:07:58 DEBUG Servlet:64 - Redirecting to redirect:guest/login
2019-08-01 23:07:58 DEBUG Servlet:56 - Servlet /mybank/guest/login
2019-08-01 23:07:58 DEBUG LoginCommand:54 - User USER
2019-08-01 23:07:58 DEBUG Servlet:64 - Redirecting to redirect:/mybank/home
2019-08-01 23:07:58 DEBUG Servlet:56 - Servlet /mybank/home
2019-08-01 23:07:58 DEBUG HomeCommand:22 - User GUEST
2019-08-01 23:07:58 DEBUG Servlet:64 - Redirecting to redirect:guest/login
2019-08-01 23:07:58 DEBUG Servlet:56 - Servlet /mybank/guest/login
2019-08-01 23:07:58 DEBUG LoginCommand:54 - User USER
2019-08-01 23:07:58 DEBUG Servlet:64 - Redirecting to redirect:/mybank/home
2019-08-01 23:07:58 DEBUG Servlet:56 - Servlet /mybank/home
2019-08-01 23:07:58 DEBUG HomeCommand:22 - User GUEST
2019-08-01 23:07:58 DEBUG Servlet:64 - Redirecting to redirect:guest/login
2019-08-01 23:07:58 DEBUG Servlet:56 - Servlet /mybank/guest/login
2019-08-01 23:07:58 DEBUG LoginCommand:54 - User USER
2019-08-01 23:07:58 DEBUG Servlet:64 - Redirecting to redirect:/mybank/home
2019-08-01 23:07:58 DEBUG Servlet:56 - Servlet /mybank/home
2019-08-01 23:07:58 DEBUG HomeCommand:22 - User GUEST
2019-08-01 23:07:58 DEBUG Servlet:64 - Redirecting to redirect:guest/login
2019-08-01 23:07:58 DEBUG Servlet:56 - Servlet /mybank/guest/login
2019-08-01 23:07:58 DEBUG LoginCommand:54 - User USER
2019-08-01 23:07:58 DEBUG Servlet:64 - Redirecting to redirect:/mybank/home
2019-08-01 23:07:58 DEBUG Servlet:56 - Servlet /mybank/home
2019-08-01 23:07:58 DEBUG HomeCommand:22 - User GUEST
2019-08-01 23:07:58 DEBUG Servlet:64 - Redirecting to redirect:guest/login
2019-08-01 23:07:58 DEBUG Servlet:56 - Servlet /mybank/home;jsessionid=E3BD2DEEEE59F3F2DF89FA8743CDECAA
2019-08-01 23:07:58 DEBUG HomeCommand:22 - User GUEST
2019-08-01 23:07:58 DEBUG Servlet:64 - Redirecting to redirect:guest/login
2019-08-01 23:07:58 DEBUG Servlet:56 - Servlet /mybank/guest/login
2019-08-01 23:07:58 DEBUG LoginCommand:54 - User USER
2019-08-01 23:07:58 DEBUG Servlet:64 - Redirecting to redirect:/mybank/home
2019-08-01 23:07:58 DEBUG Servlet:56 - Servlet /mybank/home
2019-08-01 23:07:58 DEBUG HomeCommand:22 - User GUEST
2019-08-01 23:07:58 DEBUG Servlet:64 - Redirecting to redirect:guest/login
2019-08-01 23:07:58 DEBUG Servlet:56 - Servlet /mybank/guest/login
2019-08-01 23:07:58 DEBUG LoginCommand:54 - User USER
2019-08-01 23:07:58 DEBUG Servlet:64 - Redirecting to redirect:/mybank/home
2019-08-01 23:07:58 DEBUG Servlet:56 - Servlet /mybank/home
2019-08-01 23:07:58 DEBUG HomeCommand:22 - User GUEST
2019-08-01 23:07:58 DEBUG Servlet:64 - Redirecting to redirect:guest/login
2019-08-01 23:07:58 DEBUG Servlet:56 - Servlet /mybank/guest/login
2019-08-01 23:07:58 DEBUG LoginCommand:54 - User USER
2019-08-01 23:07:58 DEBUG Servlet:64 - Redirecting to redirect:/mybank/home
2019-08-01 23:07:58 DEBUG Servlet:56 - Servlet /mybank/home
2019-08-01 23:07:58 DEBUG HomeCommand:22 - User GUEST
2019-08-01 23:07:58 DEBUG Servlet:64 - Redirecting to redirect:guest/login
2019-08-01 23:07:58 DEBUG Servlet:56 - Servlet /mybank/guest/login
2019-08-01 23:07:58 DEBUG LoginCommand:54 - User USER
2019-08-01 23:07:58 DEBUG Servlet:64 - Redirecting to redirect:/mybank/home
2019-08-01 23:07:58 DEBUG Servlet:56 - Servlet /mybank/home
2019-08-01 23:07:58 DEBUG HomeCommand:22 - User GUEST
2019-08-01 23:07:58 DEBUG Servlet:64 - Redirecting to redirect:guest/login
2019-08-01 23:07:58 DEBUG Servlet:56 - Servlet /mybank/guest/login
2019-08-01 23:07:58 DEBUG LoginCommand:54 - User USER
2019-08-01 23:07:58 DEBUG Servlet:64 - Redirecting to redirect:/mybank/home
2019-08-01 23:07:58 DEBUG Servlet:56 - Servlet /mybank/home
2019-08-01 23:07:58 DEBUG HomeCommand:22 - User GUEST
2019-08-01 23:07:58 DEBUG Servlet:64 - Redirecting to redirect:guest/login
2019-08-01 23:07:58 DEBUG Servlet:56 - Servlet /mybank/guest/login
2019-08-01 23:07:58 DEBUG LoginCommand:54 - User USER
2019-08-01 23:07:58 DEBUG Servlet:64 - Redirecting to redirect:/mybank/home
2019-08-01 23:07:58 DEBUG Servlet:56 - Servlet /mybank/home
2019-08-01 23:07:58 DEBUG HomeCommand:22 - User GUEST
2019-08-01 23:07:58 DEBUG Servlet:64 - Redirecting to redirect:guest/login
2019-08-01 23:07:58 DEBUG Servlet:56 - Servlet /mybank/guest/login
2019-08-01 23:07:58 DEBUG LoginCommand:54 - User USER
2019-08-01 23:07:58 DEBUG Servlet:64 - Redirecting to redirect:/mybank/home
2019-08-01 23:07:58 DEBUG Servlet:56 - Servlet /mybank/home
2019-08-01 23:07:58 DEBUG HomeCommand:22 - User GUEST
2019-08-01 23:07:58 DEBUG Servlet:64 - Redirecting to redirect:guest/login
2019-08-01 23:07:58 DEBUG Servlet:56 - Servlet /mybank/guest/login
2019-08-01 23:07:58 DEBUG LoginCommand:54 - User USER
2019-08-01 23:07:58 DEBUG Servlet:64 - Redirecting to redirect:/mybank/home
2019-08-01 23:07:58 DEBUG Servlet:56 - Servlet /mybank/home
2019-08-01 23:07:58 DEBUG HomeCommand:22 - User GUEST
2019-08-01 23:07:58 DEBUG Servlet:64 - Redirecting to redirect:guest/login
2019-08-01 23:07:58 DEBUG Servlet:56 - Servlet /mybank/guest/login
2019-08-01 23:07:58 DEBUG LoginCommand:54 - User USER
2019-08-01 23:07:58 DEBUG Servlet:64 - Redirecting to redirect:/mybank/home
2019-08-01 23:07:58 DEBUG Servlet:56 - Servlet /mybank/home
2019-08-01 23:07:58 DEBUG HomeCommand:22 - User GUEST
2019-08-01 23:07:58 DEBUG Servlet:64 - Redirecting to redirect:guest/login
2019-08-01 23:07:59 DEBUG Servlet:56 - Servlet /mybank/home;jsessionid=ED65B8EC3AEB5A79791FB77338BD4A31
2019-08-01 23:07:59 DEBUG HomeCommand:22 - User GUEST
2019-08-01 23:07:59 DEBUG Servlet:64 - Redirecting to redirect:guest/login
2019-08-01 23:07:59 DEBUG Servlet:56 - Servlet /mybank/guest/login
2019-08-01 23:07:59 DEBUG LoginCommand:54 - User USER
2019-08-01 23:07:59 DEBUG Servlet:64 - Redirecting to redirect:/mybank/home
2019-08-01 23:07:59 DEBUG Servlet:56 - Servlet /mybank/home
2019-08-01 23:07:59 DEBUG HomeCommand:22 - User GUEST
2019-08-01 23:07:59 DEBUG Servlet:64 - Redirecting to redirect:guest/login
2019-08-01 23:07:59 DEBUG Servlet:56 - Servlet /mybank/guest/login
2019-08-01 23:07:59 DEBUG LoginCommand:54 - User USER
2019-08-01 23:07:59 DEBUG Servlet:64 - Redirecting to redirect:/mybank/home
2019-08-01 23:07:59 DEBUG Servlet:56 - Servlet /mybank/home
2019-08-01 23:07:59 DEBUG HomeCommand:22 - User GUEST
2019-08-01 23:07:59 DEBUG Servlet:64 - Redirecting to redirect:guest/login
2019-08-01 23:07:59 DEBUG Servlet:56 - Servlet /mybank/guest/login
2019-08-01 23:07:59 DEBUG LoginCommand:54 - User USER
2019-08-01 23:07:59 DEBUG Servlet:64 - Redirecting to redirect:/mybank/home
2019-08-01 23:07:59 DEBUG Servlet:56 - Servlet /mybank/home
2019-08-01 23:07:59 DEBUG HomeCommand:22 - User GUEST
2019-08-01 23:07:59 DEBUG Servlet:64 - Redirecting to redirect:guest/login
2019-08-01 23:07:59 DEBUG Servlet:56 - Servlet /mybank/guest/login
2019-08-01 23:07:59 DEBUG LoginCommand:54 - User USER
2019-08-01 23:07:59 DEBUG Servlet:64 - Redirecting to redirect:/mybank/home
2019-08-01 23:07:59 DEBUG Servlet:56 - Servlet /mybank/home
2019-08-01 23:07:59 DEBUG HomeCommand:22 - User GUEST
2019-08-01 23:07:59 DEBUG Servlet:64 - Redirecting to redirect:guest/login
2019-08-01 23:07:59 DEBUG Servlet:56 - Servlet /mybank/guest/login
2019-08-01 23:07:59 DEBUG LoginCommand:54 - User USER
2019-08-01 23:07:59 DEBUG Servlet:64 - Redirecting to redirect:/mybank/home
2019-08-01 23:07:59 DEBUG Servlet:56 - Servlet /mybank/home
2019-08-01 23:07:59 DEBUG HomeCommand:22 - User GUEST
2019-08-01 23:07:59 DEBUG Servlet:64 - Redirecting to redirect:guest/login
2019-08-01 23:07:59 DEBUG Servlet:56 - Servlet /mybank/guest/login
2019-08-01 23:07:59 DEBUG LoginCommand:54 - User USER
2019-08-01 23:07:59 DEBUG Servlet:64 - Redirecting to redirect:/mybank/home
2019-08-01 23:07:59 DEBUG Servlet:56 - Servlet /mybank/home
2019-08-01 23:07:59 DEBUG HomeCommand:22 - User GUEST
2019-08-01 23:07:59 DEBUG Servlet:64 - Redirecting to redirect:guest/login
2019-08-01 23:07:59 DEBUG Servlet:56 - Servlet /mybank/guest/login
2019-08-01 23:07:59 DEBUG LoginCommand:54 - User USER
2019-08-01 23:07:59 DEBUG Servlet:64 - Redirecting to redirect:/mybank/home
2019-08-01 23:07:59 DEBUG Servlet:56 - Servlet /mybank/home
2019-08-01 23:07:59 DEBUG HomeCommand:22 - User GUEST
2019-08-01 23:07:59 DEBUG Servlet:64 - Redirecting to redirect:guest/login
2019-08-01 23:07:59 DEBUG Servlet:56 - Servlet /mybank/guest/login
2019-08-01 23:07:59 DEBUG LoginCommand:54 - User USER
2019-08-01 23:07:59 DEBUG Servlet:64 - Redirecting to redirect:/mybank/home
2019-08-01 23:07:59 DEBUG Servlet:56 - Servlet /mybank/home
2019-08-01 23:07:59 DEBUG HomeCommand:22 - User GUEST
2019-08-01 23:07:59 DEBUG Servlet:64 - Redirecting to redirect:guest/login
2019-08-01 23:07:59 DEBUG Servlet:56 - Servlet /mybank/guest/login
2019-08-01 23:07:59 DEBUG LoginCommand:54 - User USER
2019-08-01 23:07:59 DEBUG Servlet:64 - Redirecting to redirect:/mybank/home
2019-08-01 23:07:59 DEBUG Servlet:56 - Servlet /mybank/home
2019-08-01 23:07:59 DEBUG HomeCommand:22 - User GUEST
2019-08-01 23:07:59 DEBUG Servlet:64 - Redirecting to redirect:guest/login
2019-08-01 23:08:42 DEBUG Servlet:56 - Servlet /mybank/home;jsessionid=A3CC1D527EF4F5422FBBFCF1EBAC282C
2019-08-01 23:08:42 DEBUG HomeCommand:22 - User GUEST
2019-08-01 23:08:42 DEBUG Servlet:64 - Redirecting to redirect:guest/login_form
2019-08-01 23:08:42 DEBUG Servlet:56 - Servlet /mybank/guest/login_form
2019-08-01 23:08:42 DEBUG Servlet:67 - Forwarding to /WEB-INF/jsp/guest/loginForm.jsp
2019-08-01 23:08:43 DEBUG Servlet:56 - Servlet /mybank/home
2019-08-01 23:08:43 DEBUG HomeCommand:22 - User GUEST
2019-08-01 23:08:43 DEBUG Servlet:64 - Redirecting to redirect:guest/login_form
2019-08-01 23:08:43 DEBUG Servlet:56 - Servlet /mybank/guest/login_form
2019-08-01 23:08:43 DEBUG Servlet:67 - Forwarding to /WEB-INF/jsp/guest/loginForm.jsp
2019-08-01 23:08:51 DEBUG Servlet:56 - Servlet /mybank/sdsd
2019-08-01 23:08:51 DEBUG HomeCommand:22 - User GUEST
2019-08-01 23:08:51 DEBUG Servlet:64 - Redirecting to redirect:guest/login_form
2019-08-01 23:08:51 DEBUG Servlet:56 - Servlet /mybank/guest/login_form
2019-08-01 23:08:51 DEBUG Servlet:67 - Forwarding to /WEB-INF/jsp/guest/loginForm.jsp
2019-08-01 23:08:57 DEBUG Servlet:56 - Servlet /mybank/guest/login
2019-08-01 23:08:57 DEBUG LoginCommand:54 - User USER
2019-08-01 23:08:57 DEBUG Servlet:64 - Redirecting to redirect:/mybank/home
2019-08-01 23:08:57 DEBUG Servlet:56 - Servlet /mybank/home
2019-08-01 23:08:57 DEBUG HomeCommand:22 - User USER
2019-08-01 23:08:57 DEBUG Servlet:64 - Redirecting to redirect:fuck
2019-08-01 23:08:57 DEBUG Servlet:56 - Servlet /mybank/fuck
2019-08-01 23:08:57 DEBUG HomeCommand:22 - User USER
2019-08-01 23:08:57 DEBUG Servlet:64 - Redirecting to redirect:fuck
2019-08-01 23:08:57 DEBUG Servlet:56 - Servlet /mybank/fuck
2019-08-01 23:08:57 DEBUG HomeCommand:22 - User USER
2019-08-01 23:08:57 DEBUG Servlet:64 - Redirecting to redirect:fuck
2019-08-01 23:08:57 DEBUG Servlet:56 - Servlet /mybank/fuck
2019-08-01 23:08:57 DEBUG HomeCommand:22 - User USER
2019-08-01 23:08:57 DEBUG Servlet:64 - Redirecting to redirect:fuck
2019-08-01 23:08:57 DEBUG Servlet:56 - Servlet /mybank/fuck
2019-08-01 23:08:57 DEBUG HomeCommand:22 - User USER
2019-08-01 23:08:57 DEBUG Servlet:64 - Redirecting to redirect:fuck
2019-08-01 23:08:57 DEBUG Servlet:56 - Servlet /mybank/fuck
2019-08-01 23:08:57 DEBUG HomeCommand:22 - User USER
2019-08-01 23:08:57 DEBUG Servlet:64 - Redirecting to redirect:fuck
2019-08-01 23:08:57 DEBUG Servlet:56 - Servlet /mybank/fuck
2019-08-01 23:08:57 DEBUG HomeCommand:22 - User USER
2019-08-01 23:08:57 DEBUG Servlet:64 - Redirecting to redirect:fuck
2019-08-01 23:08:57 DEBUG Servlet:56 - Servlet /mybank/fuck
2019-08-01 23:08:57 DEBUG HomeCommand:22 - User USER
2019-08-01 23:08:57 DEBUG Servlet:64 - Redirecting to redirect:fuck
2019-08-01 23:08:57 DEBUG Servlet:56 - Servlet /mybank/fuck
2019-08-01 23:08:57 DEBUG HomeCommand:22 - User USER
2019-08-01 23:08:57 DEBUG Servlet:64 - Redirecting to redirect:fuck
2019-08-01 23:08:57 DEBUG Servlet:56 - Servlet /mybank/fuck
2019-08-01 23:08:57 DEBUG HomeCommand:22 - User USER
2019-08-01 23:08:57 DEBUG Servlet:64 - Redirecting to redirect:fuck
2019-08-01 23:08:57 DEBUG Servlet:56 - Servlet /mybank/fuck
2019-08-01 23:08:57 DEBUG HomeCommand:22 - User USER
2019-08-01 23:08:57 DEBUG Servlet:64 - Redirecting to redirect:fuck
2019-08-01 23:08:57 DEBUG Servlet:56 - Servlet /mybank/fuck
2019-08-01 23:08:57 DEBUG HomeCommand:22 - User USER
2019-08-01 23:08:57 DEBUG Servlet:64 - Redirecting to redirect:fuck
2019-08-01 23:08:57 DEBUG Servlet:56 - Servlet /mybank/fuck
2019-08-01 23:08:57 DEBUG HomeCommand:22 - User USER
2019-08-01 23:08:57 DEBUG Servlet:64 - Redirecting to redirect:fuck
2019-08-01 23:08:57 DEBUG Servlet:56 - Servlet /mybank/fuck
2019-08-01 23:08:57 DEBUG HomeCommand:22 - User USER
2019-08-01 23:08:57 DEBUG Servlet:64 - Redirecting to redirect:fuck
2019-08-01 23:08:57 DEBUG Servlet:56 - Servlet /mybank/fuck
2019-08-01 23:08:57 DEBUG HomeCommand:22 - User USER
2019-08-01 23:08:57 DEBUG Servlet:64 - Redirecting to redirect:fuck
2019-08-01 23:08:57 DEBUG Servlet:56 - Servlet /mybank/fuck
2019-08-01 23:08:57 DEBUG HomeCommand:22 - User USER
2019-08-01 23:08:57 DEBUG Servlet:64 - Redirecting to redirect:fuck
2019-08-01 23:08:57 DEBUG Servlet:56 - Servlet /mybank/fuck
2019-08-01 23:08:57 DEBUG HomeCommand:22 - User USER
2019-08-01 23:08:57 DEBUG Servlet:64 - Redirecting to redirect:fuck
2019-08-01 23:08:57 DEBUG Servlet:56 - Servlet /mybank/fuck
2019-08-01 23:08:57 DEBUG HomeCommand:22 - User USER
2019-08-01 23:08:57 DEBUG Servlet:64 - Redirecting to redirect:fuck
2019-08-01 23:08:57 DEBUG Servlet:56 - Servlet /mybank/fuck
2019-08-01 23:08:57 DEBUG HomeCommand:22 - User USER
2019-08-01 23:08:57 DEBUG Servlet:64 - Redirecting to redirect:fuck
2019-08-01 23:09:22 DEBUG RegistrationService:40 - URI /mybank/
2019-08-01 23:09:22 DEBUG RegistrationService:42 - User 0has permission
2019-08-01 23:09:22 DEBUG RegistrationService:40 - URI /mybank/
2019-08-01 23:09:22 DEBUG RegistrationService:42 - User 0has permission
2019-08-01 23:09:36 DEBUG RegistrationService:40 - URI /mybank/home
2019-08-01 23:09:36 DEBUG RegistrationService:42 - User 0has permission
2019-08-01 23:09:36 DEBUG Servlet:56 - Servlet /mybank/home
2019-08-01 23:09:36 DEBUG HomeCommand:22 - User GUEST
2019-08-01 23:09:36 DEBUG Servlet:64 - Redirecting to redirect:guest/login_form
2019-08-01 23:09:36 DEBUG Servlet:56 - Servlet /mybank/home
2019-08-01 23:09:36 DEBUG HomeCommand:22 - User GUEST
2019-08-01 23:09:36 DEBUG Servlet:64 - Redirecting to redirect:guest/login_form
2019-08-01 23:10:00 DEBUG RegistrationService:40 - URI /mybank/home
2019-08-01 23:10:00 DEBUG RegistrationService:42 - User 0has permission
2019-08-01 23:10:00 DEBUG Servlet:56 - Servlet /mybank/home
2019-08-01 23:10:00 DEBUG HomeCommand:22 - User GUEST
2019-08-01 23:10:00 DEBUG Servlet:64 - Redirecting to redirect:guest/login_form
2019-08-01 23:10:00 DEBUG Servlet:56 - Servlet /mybank/home
2019-08-01 23:10:00 DEBUG HomeCommand:22 - User GUEST
2019-08-01 23:10:00 DEBUG Servlet:64 - Redirecting to redirect:guest/login_form
2019-08-01 23:10:05 DEBUG RegistrationService:40 - URI /mybank/guest/login_form
2019-08-01 23:10:05 DEBUG RegistrationService:42 - User 0has permission
2019-08-01 23:10:05 DEBUG Servlet:56 - Servlet /mybank/guest/login_form
2019-08-01 23:10:05 DEBUG Servlet:67 - Forwarding to /WEB-INF/jsp/guest/loginForm.jsp
2019-08-01 23:10:05 DEBUG Servlet:56 - Servlet /mybank/guest/login_form
2019-08-01 23:10:05 DEBUG Servlet:67 - Forwarding to /WEB-INF/jsp/guest/loginForm.jsp
2019-08-01 23:12:55 DEBUG AuthFilter:40 - URI /mybank/
2019-08-01 23:12:55 DEBUG AuthFilter:42 - User 0has permission
2019-08-01 23:12:55 DEBUG AuthFilter:40 - URI /mybank/home;jsessionid=C329DF8F831B7BF275C61D77CAB03BA0
2019-08-01 23:12:55 DEBUG AuthFilter:45 - User 0does not have permission
2019-08-01 23:12:55 DEBUG AuthFilter:40 - URI /mybank/
2019-08-01 23:12:55 DEBUG AuthFilter:42 - User 0has permission
2019-08-01 23:12:55 DEBUG AuthFilter:40 - URI /mybank/home
2019-08-01 23:12:56 DEBUG AuthFilter:42 - User 0has permission
2019-08-01 23:12:56 DEBUG Servlet:56 - Servlet /mybank/home
2019-08-01 23:12:56 DEBUG HomeCommand:22 - User GUEST
2019-08-01 23:12:56 DEBUG Servlet:64 - Redirecting to redirect:guest/login_form
2019-08-01 23:12:56 DEBUG AuthFilter:40 - URI /mybank/guest/login_form
2019-08-01 23:12:56 DEBUG AuthFilter:42 - User 0has permission
2019-08-01 23:12:56 DEBUG Servlet:56 - Servlet /mybank/guest/login_form
2019-08-01 23:12:56 DEBUG Servlet:67 - Forwarding to /WEB-INF/jsp/guest/loginForm.jsp
2019-08-01 23:12:59 DEBUG AuthFilter:40 - URI /mybank/dfdf
2019-08-01 23:12:59 DEBUG AuthFilter:45 - User 0does not have permission
2019-08-01 23:13:04 DEBUG AuthFilter:40 - URI /mybank/home
2019-08-01 23:13:04 DEBUG AuthFilter:42 - User 0has permission
2019-08-01 23:13:04 DEBUG Servlet:56 - Servlet /mybank/home
2019-08-01 23:13:04 DEBUG HomeCommand:22 - User GUEST
2019-08-01 23:13:04 DEBUG Servlet:64 - Redirecting to redirect:guest/login_form
2019-08-01 23:13:04 DEBUG AuthFilter:40 - URI /mybank/guest/login_form
2019-08-01 23:13:04 DEBUG AuthFilter:42 - User 0has permission
2019-08-01 23:13:04 DEBUG Servlet:56 - Servlet /mybank/guest/login_form
2019-08-01 23:13:04 DEBUG Servlet:67 - Forwarding to /WEB-INF/jsp/guest/loginForm.jsp
2019-08-01 23:13:09 DEBUG AuthFilter:40 - URI /mybank/guest/login
2019-08-01 23:13:09 DEBUG AuthFilter:42 - User 0has permission
2019-08-01 23:13:09 DEBUG Servlet:56 - Servlet /mybank/guest/login
2019-08-01 23:13:09 DEBUG LoginCommand:54 - User USER
2019-08-01 23:13:09 DEBUG Servlet:64 - Redirecting to redirect:/mybank/home
2019-08-01 23:13:09 DEBUG AuthFilter:40 - URI /mybank/home
2019-08-01 23:13:09 DEBUG AuthFilter:42 - User 0has permission
2019-08-01 23:13:09 DEBUG Servlet:56 - Servlet /mybank/home
2019-08-01 23:13:09 DEBUG HomeCommand:22 - User USER
2019-08-01 23:13:09 DEBUG Servlet:64 - Redirecting to redirect:fuck
2019-08-01 23:13:09 DEBUG AuthFilter:40 - URI /mybank/fuck
2019-08-01 23:13:09 DEBUG AuthFilter:45 - User 0does not have permission
2019-08-01 23:15:36 DEBUG AuthFilter:40 - URI /mybank/
2019-08-01 23:15:36 DEBUG AuthFilter:42 - User 0has permission
2019-08-01 23:15:36 DEBUG AuthFilter:40 - URI /mybank/home;jsessionid=98E720D95001D8A233619F9919890A83
2019-08-01 23:15:36 DEBUG AuthFilter:45 - User 0does not have permission
2019-08-01 23:15:36 DEBUG AuthFilter:40 - URI /mybank/
2019-08-01 23:15:36 DEBUG AuthFilter:42 - User 0has permission
2019-08-01 23:15:36 DEBUG AuthFilter:40 - URI /mybank/home
2019-08-01 23:15:36 DEBUG AuthFilter:42 - User 0has permission
2019-08-01 23:15:36 DEBUG Servlet:56 - Servlet /mybank/home
2019-08-01 23:15:36 DEBUG HomeCommand:20 - User GUEST
2019-08-01 23:15:36 DEBUG Servlet:64 - Redirecting to redirect:guest/login_form
2019-08-01 23:15:36 DEBUG AuthFilter:40 - URI /mybank/guest/login_form
2019-08-01 23:15:36 DEBUG AuthFilter:42 - User 0has permission
2019-08-01 23:15:36 DEBUG Servlet:56 - Servlet /mybank/guest/login_form
2019-08-01 23:15:36 DEBUG Servlet:67 - Forwarding to /WEB-INF/jsp/guest/loginForm.jsp
2019-08-01 23:15:40 DEBUG AuthFilter:40 - URI /mybank/guest/login
2019-08-01 23:15:40 DEBUG AuthFilter:42 - User 0has permission
2019-08-01 23:15:40 DEBUG Servlet:56 - Servlet /mybank/guest/login
2019-08-01 23:15:40 DEBUG LoginCommand:54 - User USER
2019-08-01 23:15:40 DEBUG Servlet:64 - Redirecting to redirect:/mybank/home
2019-08-01 23:15:40 DEBUG AuthFilter:40 - URI /mybank/home
2019-08-01 23:15:40 DEBUG AuthFilter:42 - User 0has permission
2019-08-01 23:15:40 DEBUG Servlet:56 - Servlet /mybank/home
2019-08-01 23:15:40 DEBUG HomeCommand:20 - User USER
2019-08-01 23:15:40 DEBUG Servlet:64 - Redirecting to redirect:user/home
2019-08-01 23:15:40 DEBUG AuthFilter:40 - URI /mybank/user/home
2019-08-01 23:15:40 DEBUG AuthFilter:42 - User 0has permission
2019-08-01 23:15:40 DEBUG Servlet:56 - Servlet /mybank/user/home
2019-08-01 23:15:40 DEBUG HomeCommand:20 - User USER
2019-08-01 23:15:40 DEBUG Servlet:64 - Redirecting to redirect:user/home
2019-08-01 23:15:40 DEBUG AuthFilter:40 - URI /mybank/user/user/home
2019-08-01 23:15:40 DEBUG AuthFilter:42 - User 0has permission
2019-08-01 23:15:40 DEBUG Servlet:56 - Servlet /mybank/user/user/home
2019-08-01 23:15:40 DEBUG HomeCommand:20 - User USER
2019-08-01 23:15:40 DEBUG Servlet:64 - Redirecting to redirect:user/home
2019-08-01 23:15:40 DEBUG AuthFilter:40 - URI /mybank/user/user/user/home
2019-08-01 23:15:40 DEBUG AuthFilter:42 - User 0has permission
2019-08-01 23:15:40 DEBUG Servlet:56 - Servlet /mybank/user/user/user/home
2019-08-01 23:15:40 DEBUG HomeCommand:20 - User USER
2019-08-01 23:15:40 DEBUG Servlet:64 - Redirecting to redirect:user/home
2019-08-01 23:15:40 DEBUG AuthFilter:40 - URI /mybank/user/user/user/user/home
2019-08-01 23:15:40 DEBUG AuthFilter:42 - User 0has permission
2019-08-01 23:15:40 DEBUG Servlet:56 - Servlet /mybank/user/user/user/user/home
2019-08-01 23:15:40 DEBUG HomeCommand:20 - User USER
2019-08-01 23:15:40 DEBUG Servlet:64 - Redirecting to redirect:user/home
2019-08-01 23:15:40 DEBUG AuthFilter:40 - URI /mybank/user/user/user/user/user/home
2019-08-01 23:15:40 DEBUG AuthFilter:42 - User 0has permission
2019-08-01 23:15:40 DEBUG Servlet:56 - Servlet /mybank/user/user/user/user/user/home
2019-08-01 23:15:40 DEBUG HomeCommand:20 - User USER
2019-08-01 23:15:40 DEBUG Servlet:64 - Redirecting to redirect:user/home
2019-08-01 23:15:40 DEBUG AuthFilter:40 - URI /mybank/user/user/user/user/user/user/home
2019-08-01 23:15:40 DEBUG AuthFilter:42 - User 0has permission
2019-08-01 23:15:40 DEBUG Servlet:56 - Servlet /mybank/user/user/user/user/user/user/home
2019-08-01 23:15:40 DEBUG HomeCommand:20 - User USER
2019-08-01 23:15:40 DEBUG Servlet:64 - Redirecting to redirect:user/home
2019-08-01 23:15:40 DEBUG AuthFilter:40 - URI /mybank/user/user/user/user/user/user/user/home
2019-08-01 23:15:40 DEBUG AuthFilter:42 - User 0has permission
2019-08-01 23:15:40 DEBUG Servlet:56 - Servlet /mybank/user/user/user/user/user/user/user/home
2019-08-01 23:15:40 DEBUG HomeCommand:20 - User USER
2019-08-01 23:15:40 DEBUG Servlet:64 - Redirecting to redirect:user/home
2019-08-01 23:15:40 DEBUG AuthFilter:40 - URI /mybank/user/user/user/user/user/user/user/user/home
2019-08-01 23:15:40 DEBUG AuthFilter:42 - User 0has permission
2019-08-01 23:15:40 DEBUG Servlet:56 - Servlet /mybank/user/user/user/user/user/user/user/user/home
2019-08-01 23:15:40 DEBUG HomeCommand:20 - User USER
2019-08-01 23:15:40 DEBUG Servlet:64 - Redirecting to redirect:user/home
2019-08-01 23:15:40 DEBUG AuthFilter:40 - URI /mybank/user/user/user/user/user/user/user/user/user/home
2019-08-01 23:15:40 DEBUG AuthFilter:42 - User 0has permission
2019-08-01 23:15:40 DEBUG Servlet:56 - Servlet /mybank/user/user/user/user/user/user/user/user/user/home
2019-08-01 23:15:40 DEBUG HomeCommand:20 - User USER
2019-08-01 23:15:40 DEBUG Servlet:64 - Redirecting to redirect:user/home
2019-08-01 23:15:40 DEBUG AuthFilter:40 - URI /mybank/user/user/user/user/user/user/user/user/user/user/home
2019-08-01 23:15:40 DEBUG AuthFilter:42 - User 0has permission
2019-08-01 23:15:40 DEBUG Servlet:56 - Servlet /mybank/user/user/user/user/user/user/user/user/user/user/home
2019-08-01 23:15:40 DEBUG HomeCommand:20 - User USER
2019-08-01 23:15:40 DEBUG Servlet:64 - Redirecting to redirect:user/home
2019-08-01 23:15:40 DEBUG AuthFilter:40 - URI /mybank/user/user/user/user/user/user/user/user/user/user/user/home
2019-08-01 23:15:40 DEBUG AuthFilter:42 - User 0has permission
2019-08-01 23:15:40 DEBUG Servlet:56 - Servlet /mybank/user/user/user/user/user/user/user/user/user/user/user/home
2019-08-01 23:15:40 DEBUG HomeCommand:20 - User USER
2019-08-01 23:15:40 DEBUG Servlet:64 - Redirecting to redirect:user/home
2019-08-01 23:15:40 DEBUG AuthFilter:40 - URI /mybank/user/user/user/user/user/user/user/user/user/user/user/user/home
2019-08-01 23:15:40 DEBUG AuthFilter:42 - User 0has permission
2019-08-01 23:15:40 DEBUG Servlet:56 - Servlet /mybank/user/user/user/user/user/user/user/user/user/user/user/user/home
2019-08-01 23:15:40 DEBUG HomeCommand:20 - User USER
2019-08-01 23:15:40 DEBUG Servlet:64 - Redirecting to redirect:user/home
2019-08-01 23:15:40 DEBUG AuthFilter:40 - URI /mybank/user/user/user/user/user/user/user/user/user/user/user/user/user/home
2019-08-01 23:15:40 DEBUG AuthFilter:42 - User 0has permission
2019-08-01 23:15:40 DEBUG Servlet:56 - Servlet /mybank/user/user/user/user/user/user/user/user/user/user/user/user/user/home
2019-08-01 23:15:40 DEBUG HomeCommand:20 - User USER
2019-08-01 23:15:40 DEBUG Servlet:64 - Redirecting to redirect:user/home
2019-08-01 23:15:40 DEBUG AuthFilter:40 - URI /mybank/user/user/user/user/user/user/user/user/user/user/user/user/user/user/home
2019-08-01 23:15:40 DEBUG AuthFilter:42 - User 0has permission
2019-08-01 23:15:40 DEBUG Servlet:56 - Servlet /mybank/user/user/user/user/user/user/user/user/user/user/user/user/user/user/home
2019-08-01 23:15:40 DEBUG HomeCommand:20 - User USER
2019-08-01 23:15:40 DEBUG Servlet:64 - Redirecting to redirect:user/home
2019-08-01 23:15:40 DEBUG AuthFilter:40 - URI /mybank/user/user/user/user/user/user/user/user/user/user/user/user/user/user/user/home
2019-08-01 23:15:40 DEBUG AuthFilter:42 - User 0has permission
2019-08-01 23:15:40 DEBUG Servlet:56 - Servlet /mybank/user/user/user/user/user/user/user/user/user/user/user/user/user/user/user/home
2019-08-01 23:15:40 DEBUG HomeCommand:20 - User USER
2019-08-01 23:15:40 DEBUG Servlet:64 - Redirecting to redirect:user/home
2019-08-01 23:15:40 DEBUG AuthFilter:40 - URI /mybank/user/user/user/user/user/user/user/user/user/user/user/user/user/user/user/user/home
2019-08-01 23:15:40 DEBUG AuthFilter:42 - User 0has permission
2019-08-01 23:15:40 DEBUG Servlet:56 - Servlet /mybank/user/user/user/user/user/user/user/user/user/user/user/user/user/user/user/user/home
2019-08-01 23:15:40 DEBUG HomeCommand:20 - User USER
2019-08-01 23:15:40 DEBUG Servlet:64 - Redirecting to redirect:user/home
2019-08-01 23:15:40 DEBUG AuthFilter:40 - URI /mybank/user/user/user/user/user/user/user/user/user/user/user/user/user/user/user/user/user/home
2019-08-01 23:15:40 DEBUG AuthFilter:42 - User 0has permission
2019-08-01 23:15:40 DEBUG Servlet:56 - Servlet /mybank/user/user/user/user/user/user/user/user/user/user/user/user/user/user/user/user/user/home
2019-08-01 23:15:40 DEBUG HomeCommand:20 - User USER
2019-08-01 23:15:40 DEBUG Servlet:64 - Redirecting to redirect:user/home
2019-08-01 23:15:40 DEBUG AuthFilter:40 - URI /mybank/user/user/user/user/user/user/user/user/user/user/user/user/user/user/user/user/user/user/home
2019-08-01 23:15:40 DEBUG AuthFilter:42 - User 0has permission
2019-08-01 23:15:40 DEBUG Servlet:56 - Servlet /mybank/user/user/user/user/user/user/user/user/user/user/user/user/user/user/user/user/user/user/home
2019-08-01 23:15:40 DEBUG HomeCommand:20 - User USER
2019-08-01 23:15:40 DEBUG Servlet:64 - Redirecting to redirect:user/home
2019-08-01 23:16:55 DEBUG AuthFilter:40 - URI /mybank/
2019-08-01 23:16:55 DEBUG AuthFilter:42 - User 0has permission
2019-08-01 23:16:56 DEBUG AuthFilter:40 - URI /mybank/home;jsessionid=156E72A53168F42EFA489C59E4E7D4A7
2019-08-01 23:16:56 DEBUG AuthFilter:45 - User 0does not have permission
2019-08-01 23:16:56 DEBUG AuthFilter:40 - URI /mybank/
2019-08-01 23:16:56 DEBUG AuthFilter:42 - User 0has permission
2019-08-01 23:16:56 DEBUG AuthFilter:40 - URI /mybank/home
2019-08-01 23:16:56 DEBUG AuthFilter:42 - User 0has permission
2019-08-01 23:16:56 DEBUG Servlet:61 - Servlet /mybank/home
2019-08-01 23:16:56 DEBUG HomeCommand:20 - User GUEST
2019-08-01 23:16:56 DEBUG Servlet:69 - Redirecting to redirect:guest/login_form
2019-08-01 23:16:56 DEBUG AuthFilter:40 - URI /mybank/guest/login_form
2019-08-01 23:16:56 DEBUG AuthFilter:42 - User 0has permission
2019-08-01 23:16:56 DEBUG Servlet:61 - Servlet /mybank/guest/login_form
2019-08-01 23:16:56 DEBUG Servlet:72 - Forwarding to /WEB-INF/jsp/guest/loginForm.jsp
2019-08-01 23:17:02 DEBUG AuthFilter:40 - URI /mybank/guest/login
2019-08-01 23:17:02 DEBUG AuthFilter:42 - User 0has permission
2019-08-01 23:17:02 DEBUG Servlet:61 - Servlet /mybank/guest/login
2019-08-01 23:17:02 DEBUG LoginCommand:54 - User USER
2019-08-01 23:17:02 DEBUG Servlet:69 - Redirecting to redirect:/mybank/home
2019-08-01 23:17:02 DEBUG AuthFilter:40 - URI /mybank/home
2019-08-01 23:17:02 DEBUG AuthFilter:42 - User 0has permission
2019-08-01 23:17:02 DEBUG Servlet:61 - Servlet /mybank/home
2019-08-01 23:17:02 DEBUG HomeCommand:20 - User USER
2019-08-01 23:17:02 DEBUG Servlet:69 - Redirecting to redirect:user/home
2019-08-01 23:17:02 DEBUG AuthFilter:40 - URI /mybank/user/home
2019-08-01 23:17:02 DEBUG AuthFilter:42 - User 0has permission
2019-08-01 23:17:02 DEBUG Servlet:61 - Servlet /mybank/user/home
2019-08-01 23:17:02 DEBUG Servlet:72 - Forwarding to /WEB-INF/jsp/user/userHome.jsp
2019-08-01 23:17:07 DEBUG AuthFilter:40 - URI /mybank/reg_form
2019-08-01 23:17:07 DEBUG AuthFilter:45 - User 0does not have permission
2019-08-01 23:17:11 DEBUG AuthFilter:40 - URI /mybank/logout
2019-08-01 23:17:11 DEBUG AuthFilter:45 - User 0does not have permission
2019-08-01 23:21:53 DEBUG AuthFilter:40 - URI /mybank/
2019-08-01 23:21:53 DEBUG AuthFilter:42 - User 0has permission
2019-08-01 23:21:53 DEBUG AuthFilter:40 - URI /mybank/home;jsessionid=81384B8B1FF3695F2BBF31C7259C0008
2019-08-01 23:21:53 DEBUG AuthFilter:45 - User 0does not have permission
2019-08-01 23:21:54 DEBUG AuthFilter:40 - URI /mybank/
2019-08-01 23:21:54 DEBUG AuthFilter:42 - User 0has permission
2019-08-01 23:21:54 DEBUG AuthFilter:40 - URI /mybank/home
2019-08-01 23:21:54 DEBUG AuthFilter:42 - User 0has permission
2019-08-01 23:21:54 DEBUG Servlet:61 - Servlet /mybank/home
2019-08-01 23:21:54 DEBUG HomeCommand:20 - User GUEST
2019-08-01 23:21:54 DEBUG Servlet:69 - Redirecting to redirect:guest/login_form
2019-08-01 23:21:54 DEBUG AuthFilter:40 - URI /mybank/guest/login_form
2019-08-01 23:21:54 DEBUG AuthFilter:42 - User 0has permission
2019-08-01 23:21:54 DEBUG Servlet:61 - Servlet /mybank/guest/login_form
2019-08-01 23:21:54 DEBUG Servlet:72 - Forwarding to /WEB-INF/jsp/guest/loginForm.jsp
2019-08-01 23:22:01 DEBUG AuthFilter:40 - URI /mybank/guest/login
2019-08-01 23:22:01 DEBUG AuthFilter:42 - User 0has permission
2019-08-01 23:22:01 DEBUG Servlet:61 - Servlet /mybank/guest/login
2019-08-01 23:22:01 DEBUG LoginCommand:54 - User USER
2019-08-01 23:22:01 DEBUG Servlet:69 - Redirecting to redirect:/mybank/home
2019-08-01 23:22:01 DEBUG AuthFilter:40 - URI /mybank/home
2019-08-01 23:22:01 DEBUG AuthFilter:42 - User 0has permission
2019-08-01 23:22:01 DEBUG Servlet:61 - Servlet /mybank/home
2019-08-01 23:22:01 DEBUG HomeCommand:20 - User USER
2019-08-01 23:22:01 DEBUG Servlet:69 - Redirecting to redirect:user/home
2019-08-01 23:22:01 DEBUG AuthFilter:40 - URI /mybank/user/home
2019-08-01 23:22:01 DEBUG AuthFilter:42 - User 0has permission
2019-08-01 23:22:01 DEBUG Servlet:61 - Servlet /mybank/user/home
2019-08-01 23:22:01 DEBUG Servlet:72 - Forwarding to /WEB-INF/jsp/user/userHome.jsp
2019-08-01 23:22:03 DEBUG AuthFilter:40 - URI /mybank/logout
2019-08-01 23:22:03 DEBUG AuthFilter:45 - User 0does not have permission
2019-08-01 23:26:06 DEBUG AuthFilter:40 - URI /mybank/
2019-08-01 23:26:06 DEBUG AuthFilter:42 - User 0has permission
2019-08-01 23:26:07 DEBUG AuthFilter:40 - URI /mybank/home;jsessionid=D865D9089E92736CAB04746CD31B19A4
2019-08-01 23:26:07 DEBUG AuthFilter:45 - User 0does not have permission
2019-08-01 23:26:07 DEBUG AuthFilter:40 - URI /mybank/
2019-08-01 23:26:07 DEBUG AuthFilter:42 - User 0has permission
2019-08-01 23:26:07 DEBUG AuthFilter:40 - URI /mybank/home
2019-08-01 23:26:07 DEBUG AuthFilter:42 - User 0has permission
2019-08-01 23:26:07 DEBUG Servlet:62 - Servlet /mybank/home
2019-08-01 23:26:07 DEBUG HomeCommand:20 - User GUEST
2019-08-01 23:26:07 DEBUG Servlet:70 - Redirecting to redirect:guest/login_form
2019-08-01 23:26:07 DEBUG AuthFilter:40 - URI /mybank/guest/login_form
2019-08-01 23:26:07 DEBUG AuthFilter:42 - User 0has permission
2019-08-01 23:26:07 DEBUG Servlet:62 - Servlet /mybank/guest/login_form
2019-08-01 23:26:07 DEBUG Servlet:73 - Forwarding to /WEB-INF/jsp/guest/loginForm.jsp
2019-08-01 23:26:11 DEBUG AuthFilter:40 - URI /mybank/guest/login
2019-08-01 23:26:11 DEBUG AuthFilter:42 - User 0has permission
2019-08-01 23:26:11 DEBUG Servlet:62 - Servlet /mybank/guest/login
2019-08-01 23:26:11 DEBUG LoginCommand:54 - User USER
2019-08-01 23:26:11 DEBUG Servlet:70 - Redirecting to redirect:/mybank/home
2019-08-01 23:26:11 DEBUG AuthFilter:40 - URI /mybank/home
2019-08-01 23:26:11 DEBUG AuthFilter:42 - User 0has permission
2019-08-01 23:26:11 DEBUG Servlet:62 - Servlet /mybank/home
2019-08-01 23:26:11 DEBUG HomeCommand:20 - User USER
2019-08-01 23:26:11 DEBUG Servlet:70 - Redirecting to redirect:user/home
2019-08-01 23:26:11 DEBUG AuthFilter:40 - URI /mybank/user/home
2019-08-01 23:26:11 DEBUG AuthFilter:42 - User 0has permission
2019-08-01 23:26:11 DEBUG Servlet:62 - Servlet /mybank/user/home
2019-08-01 23:26:11 DEBUG Servlet:73 - Forwarding to /WEB-INF/jsp/user/userHome.jsp
2019-08-01 23:26:37 DEBUG AuthFilter:40 - URI /mybank/user/home
2019-08-01 23:26:37 DEBUG AuthFilter:45 - User 0does not have permission
2019-08-01 23:26:42 DEBUG AuthFilter:40 - URI /mybank/
2019-08-01 23:26:42 DEBUG AuthFilter:42 - User 0has permission
2019-08-01 23:26:42 DEBUG AuthFilter:40 - URI /mybank/home
2019-08-01 23:26:42 DEBUG AuthFilter:42 - User 0has permission
2019-08-01 23:26:42 DEBUG Servlet:62 - Servlet /mybank/home
2019-08-01 23:26:42 DEBUG HomeCommand:20 - User GUEST
2019-08-01 23:26:42 DEBUG Servlet:70 - Redirecting to redirect:guest/login_form
2019-08-01 23:26:42 DEBUG AuthFilter:40 - URI /mybank/guest/login_form
2019-08-01 23:26:42 DEBUG AuthFilter:42 - User 0has permission
2019-08-01 23:26:42 DEBUG Servlet:62 - Servlet /mybank/guest/login_form
2019-08-01 23:26:42 DEBUG Servlet:73 - Forwarding to /WEB-INF/jsp/guest/loginForm.jsp
2019-08-01 23:26:46 DEBUG AuthFilter:40 - URI /mybank/guest/login
2019-08-01 23:26:46 DEBUG AuthFilter:42 - User 0has permission
2019-08-01 23:26:46 DEBUG Servlet:62 - Servlet /mybank/guest/login
2019-08-01 23:26:46 DEBUG LoginCommand:54 - User USER
2019-08-01 23:26:46 DEBUG Servlet:70 - Redirecting to redirect:/mybank/home
2019-08-01 23:26:46 DEBUG AuthFilter:40 - URI /mybank/home
2019-08-01 23:26:46 DEBUG AuthFilter:42 - User 0has permission
2019-08-01 23:26:46 DEBUG Servlet:62 - Servlet /mybank/home
2019-08-01 23:26:46 DEBUG HomeCommand:20 - User USER
2019-08-01 23:26:46 DEBUG Servlet:70 - Redirecting to redirect:user/home
2019-08-01 23:26:46 DEBUG AuthFilter:40 - URI /mybank/user/home
2019-08-01 23:26:46 DEBUG AuthFilter:42 - User 0has permission
2019-08-01 23:26:46 DEBUG Servlet:62 - Servlet /mybank/user/home
2019-08-01 23:26:46 DEBUG Servlet:73 - Forwarding to /WEB-INF/jsp/user/userHome.jsp
2019-08-01 23:26:47 DEBUG AuthFilter:40 - URI /mybank/user/user/logout
2019-08-01 23:26:47 DEBUG AuthFilter:42 - User 0has permission
2019-08-01 23:26:47 DEBUG Servlet:62 - Servlet /mybank/user/user/logout
2019-08-01 23:26:47 DEBUG HomeCommand:20 - User USER
2019-08-01 23:26:47 DEBUG Servlet:70 - Redirecting to redirect:user/home
2019-08-01 23:26:47 DEBUG AuthFilter:40 - URI /mybank/user/user/user/home
2019-08-01 23:26:47 DEBUG AuthFilter:42 - User 0has permission
2019-08-01 23:26:47 DEBUG Servlet:62 - Servlet /mybank/user/user/user/home
2019-08-01 23:26:47 DEBUG HomeCommand:20 - User USER
2019-08-01 23:26:47 DEBUG Servlet:70 - Redirecting to redirect:user/home
2019-08-01 23:26:47 DEBUG AuthFilter:40 - URI /mybank/user/user/user/user/home
2019-08-01 23:26:47 DEBUG AuthFilter:42 - User 0has permission
2019-08-01 23:26:47 DEBUG Servlet:62 - Servlet /mybank/user/user/user/user/home
2019-08-01 23:26:47 DEBUG HomeCommand:20 - User USER
2019-08-01 23:26:47 DEBUG Servlet:70 - Redirecting to redirect:user/home
2019-08-01 23:26:47 DEBUG AuthFilter:40 - URI /mybank/user/user/user/user/user/home
2019-08-01 23:26:47 DEBUG AuthFilter:42 - User 0has permission
2019-08-01 23:26:47 DEBUG Servlet:62 - Servlet /mybank/user/user/user/user/user/home
2019-08-01 23:26:47 DEBUG HomeCommand:20 - User USER
2019-08-01 23:26:47 DEBUG Servlet:70 - Redirecting to redirect:user/home
2019-08-01 23:26:47 DEBUG AuthFilter:40 - URI /mybank/user/user/user/user/user/user/home
2019-08-01 23:26:47 DEBUG AuthFilter:42 - User 0has permission
2019-08-01 23:26:47 DEBUG Servlet:62 - Servlet /mybank/user/user/user/user/user/user/home
2019-08-01 23:26:47 DEBUG HomeCommand:20 - User USER
2019-08-01 23:26:47 DEBUG Servlet:70 - Redirecting to redirect:user/home
2019-08-01 23:26:47 DEBUG AuthFilter:40 - URI /mybank/user/user/user/user/user/user/user/home
2019-08-01 23:26:47 DEBUG AuthFilter:42 - User 0has permission
2019-08-01 23:26:47 DEBUG Servlet:62 - Servlet /mybank/user/user/user/user/user/user/user/home
2019-08-01 23:26:47 DEBUG HomeCommand:20 - User USER
2019-08-01 23:26:47 DEBUG Servlet:70 - Redirecting to redirect:user/home
2019-08-01 23:26:47 DEBUG AuthFilter:40 - URI /mybank/user/user/user/user/user/user/user/user/home
2019-08-01 23:26:47 DEBUG AuthFilter:42 - User 0has permission
2019-08-01 23:26:47 DEBUG Servlet:62 - Servlet /mybank/user/user/user/user/user/user/user/user/home
2019-08-01 23:26:47 DEBUG HomeCommand:20 - User USER
2019-08-01 23:26:47 DEBUG Servlet:70 - Redirecting to redirect:user/home
2019-08-01 23:26:47 DEBUG AuthFilter:40 - URI /mybank/user/user/user/user/user/user/user/user/user/home
2019-08-01 23:26:47 DEBUG AuthFilter:42 - User 0has permission
2019-08-01 23:26:47 DEBUG Servlet:62 - Servlet /mybank/user/user/user/user/user/user/user/user/user/home
2019-08-01 23:26:47 DEBUG HomeCommand:20 - User USER
2019-08-01 23:26:47 DEBUG Servlet:70 - Redirecting to redirect:user/home
2019-08-01 23:26:47 DEBUG AuthFilter:40 - URI /mybank/user/user/user/user/user/user/user/user/user/user/home
2019-08-01 23:26:47 DEBUG AuthFilter:42 - User 0has permission
2019-08-01 23:26:47 DEBUG Servlet:62 - Servlet /mybank/user/user/user/user/user/user/user/user/user/user/home
2019-08-01 23:26:47 DEBUG HomeCommand:20 - User USER
2019-08-01 23:26:47 DEBUG Servlet:70 - Redirecting to redirect:user/home
2019-08-01 23:26:47 DEBUG AuthFilter:40 - URI /mybank/user/user/user/user/user/user/user/user/user/user/user/home
2019-08-01 23:26:47 DEBUG AuthFilter:42 - User 0has permission
2019-08-01 23:26:47 DEBUG Servlet:62 - Servlet /mybank/user/user/user/user/user/user/user/user/user/user/user/home
2019-08-01 23:26:47 DEBUG HomeCommand:20 - User USER
2019-08-01 23:26:47 DEBUG Servlet:70 - Redirecting to redirect:user/home
2019-08-01 23:26:47 DEBUG AuthFilter:40 - URI /mybank/user/user/user/user/user/user/user/user/user/user/user/user/home
2019-08-01 23:26:47 DEBUG AuthFilter:42 - User 0has permission
2019-08-01 23:26:47 DEBUG Servlet:62 - Servlet /mybank/user/user/user/user/user/user/user/user/user/user/user/user/home
2019-08-01 23:26:47 DEBUG HomeCommand:20 - User USER
2019-08-01 23:26:47 DEBUG Servlet:70 - Redirecting to redirect:user/home
2019-08-01 23:26:47 DEBUG AuthFilter:40 - URI /mybank/user/user/user/user/user/user/user/user/user/user/user/user/user/home
2019-08-01 23:26:47 DEBUG AuthFilter:42 - User 0has permission
2019-08-01 23:26:47 DEBUG Servlet:62 - Servlet /mybank/user/user/user/user/user/user/user/user/user/user/user/user/user/home
2019-08-01 23:26:47 DEBUG HomeCommand:20 - User USER
2019-08-01 23:26:47 DEBUG Servlet:70 - Redirecting to redirect:user/home
2019-08-01 23:26:47 DEBUG AuthFilter:40 - URI /mybank/user/user/user/user/user/user/user/user/user/user/user/user/user/user/home
2019-08-01 23:26:47 DEBUG AuthFilter:42 - User 0has permission
2019-08-01 23:26:47 DEBUG Servlet:62 - Servlet /mybank/user/user/user/user/user/user/user/user/user/user/user/user/user/user/home
2019-08-01 23:26:47 DEBUG HomeCommand:20 - User USER
2019-08-01 23:26:47 DEBUG Servlet:70 - Redirecting to redirect:user/home
2019-08-01 23:26:47 DEBUG AuthFilter:40 - URI /mybank/user/user/user/user/user/user/user/user/user/user/user/user/user/user/user/home
2019-08-01 23:26:47 DEBUG AuthFilter:42 - User 0has permission
2019-08-01 23:26:47 DEBUG Servlet:62 - Servlet /mybank/user/user/user/user/user/user/user/user/user/user/user/user/user/user/user/home
2019-08-01 23:26:47 DEBUG HomeCommand:20 - User USER
2019-08-01 23:26:47 DEBUG Servlet:70 - Redirecting to redirect:user/home
2019-08-01 23:26:47 DEBUG AuthFilter:40 - URI /mybank/user/user/user/user/user/user/user/user/user/user/user/user/user/user/user/user/home
2019-08-01 23:26:47 DEBUG AuthFilter:42 - User 0has permission
2019-08-01 23:26:47 DEBUG Servlet:62 - Servlet /mybank/user/user/user/user/user/user/user/user/user/user/user/user/user/user/user/user/home
2019-08-01 23:26:47 DEBUG HomeCommand:20 - User USER
2019-08-01 23:26:47 DEBUG Servlet:70 - Redirecting to redirect:user/home
2019-08-01 23:26:47 DEBUG AuthFilter:40 - URI /mybank/user/user/user/user/user/user/user/user/user/user/user/user/user/user/user/user/user/home
2019-08-01 23:26:47 DEBUG AuthFilter:42 - User 0has permission
2019-08-01 23:26:47 DEBUG Servlet:62 - Servlet /mybank/user/user/user/user/user/user/user/user/user/user/user/user/user/user/user/user/user/home
2019-08-01 23:26:47 DEBUG HomeCommand:20 - User USER
2019-08-01 23:26:47 DEBUG Servlet:70 - Redirecting to redirect:user/home
2019-08-01 23:26:47 DEBUG AuthFilter:40 - URI /mybank/user/user/user/user/user/user/user/user/user/user/user/user/user/user/user/user/user/user/home
2019-08-01 23:26:47 DEBUG AuthFilter:42 - User 0has permission
2019-08-01 23:26:47 DEBUG Servlet:62 - Servlet /mybank/user/user/user/user/user/user/user/user/user/user/user/user/user/user/user/user/user/user/home
2019-08-01 23:26:47 DEBUG HomeCommand:20 - User USER
2019-08-01 23:26:47 DEBUG Servlet:70 - Redirecting to redirect:user/home
2019-08-01 23:26:47 DEBUG AuthFilter:40 - URI /mybank/user/user/user/user/user/user/user/user/user/user/user/user/user/user/user/user/user/user/user/home
2019-08-01 23:26:47 DEBUG AuthFilter:42 - User 0has permission
2019-08-01 23:26:47 DEBUG Servlet:62 - Servlet /mybank/user/user/user/user/user/user/user/user/user/user/user/user/user/user/user/user/user/user/user/home
2019-08-01 23:26:47 DEBUG HomeCommand:20 - User USER
2019-08-01 23:26:47 DEBUG Servlet:70 - Redirecting to redirect:user/home
2019-08-01 23:26:47 DEBUG AuthFilter:40 - URI /mybank/user/user/user/user/user/user/user/user/user/user/user/user/user/user/user/user/user/user/user/user/home
2019-08-01 23:26:47 DEBUG AuthFilter:42 - User 0has permission
2019-08-01 23:26:47 DEBUG Servlet:62 - Servlet /mybank/user/user/user/user/user/user/user/user/user/user/user/user/user/user/user/user/user/user/user/user/home
2019-08-01 23:26:47 DEBUG HomeCommand:20 - User USER
2019-08-01 23:26:47 DEBUG Servlet:70 - Redirecting to redirect:user/home
2019-08-01 23:26:47 DEBUG AuthFilter:40 - URI /mybank/user/user/user/user/user/user/user/user/user/user/user/user/user/user/user/user/user/user/user/user/user/home
2019-08-01 23:26:47 DEBUG AuthFilter:42 - User 0has permission
2019-08-01 23:26:47 DEBUG Servlet:62 - Servlet /mybank/user/user/user/user/user/user/user/user/user/user/user/user/user/user/user/user/user/user/user/user/user/home
2019-08-01 23:26:47 DEBUG HomeCommand:20 - User USER
2019-08-01 23:26:47 DEBUG Servlet:70 - Redirecting to redirect:user/home
2019-08-01 23:26:47 DEBUG AuthFilter:40 - URI /mybank/user/user/user/user/user/user/user/user/user/user/user/user/user/user/user/user/user/user/user/user/user/home
2019-08-01 23:26:47 DEBUG AuthFilter:42 - User 0has permission
2019-08-01 23:26:47 DEBUG Servlet:62 - Servlet /mybank/user/user/user/user/user/user/user/user/user/user/user/user/user/user/user/user/user/user/user/user/user/home
2019-08-01 23:26:47 DEBUG HomeCommand:20 - User USER
2019-08-01 23:26:47 DEBUG Servlet:70 - Redirecting to redirect:user/home
2019-08-01 23:26:47 DEBUG AuthFilter:40 - URI /mybank/user/user/user/user/user/user/user/user/user/user/user/user/user/user/user/user/user/user/user/user/user/user/home
2019-08-01 23:26:47 DEBUG AuthFilter:42 - User 0has permission
2019-08-01 23:26:47 DEBUG Servlet:62 - Servlet /mybank/user/user/user/user/user/user/user/user/user/user/user/user/user/user/user/user/user/user/user/user/user/user/home
2019-08-01 23:26:47 DEBUG HomeCommand:20 - User USER
2019-08-01 23:26:47 DEBUG Servlet:70 - Redirecting to redirect:user/home
2019-08-01 23:26:47 DEBUG AuthFilter:40 - URI /mybank/user/user/user/user/user/user/user/user/user/user/user/user/user/user/user/user/user/user/user/user/user/user/user/home
2019-08-01 23:26:47 DEBUG AuthFilter:42 - User 0has permission
2019-08-01 23:26:47 DEBUG Servlet:62 - Servlet /mybank/user/user/user/user/user/user/user/user/user/user/user/user/user/user/user/user/user/user/user/user/user/user/user/home
2019-08-01 23:26:47 DEBUG HomeCommand:20 - User USER
2019-08-01 23:26:47 DEBUG Servlet:70 - Redirecting to redirect:user/home
2019-08-01 23:26:47 DEBUG AuthFilter:40 - URI /mybank/user/user/user/user/user/user/user/user/user/user/user/user/user/user/user/user/user/user/user/user/user/user/user/user/home
2019-08-01 23:26:47 DEBUG AuthFilter:42 - User 0has permission
2019-08-01 23:26:47 DEBUG Servlet:62 - Servlet /mybank/user/user/user/user/user/user/user/user/user/user/user/user/user/user/user/user/user/user/user/user/user/user/user/user/home
2019-08-01 23:26:47 DEBUG HomeCommand:20 - User USER
2019-08-01 23:26:47 DEBUG Servlet:70 - Redirecting to redirect:user/home
2019-08-01 23:26:47 DEBUG AuthFilter:40 - URI /mybank/user/user/user/user/user/user/user/user/user/user/user/user/user/user/user/user/user/user/user/user/user/user/user/user/user/home
2019-08-01 23:26:47 DEBUG AuthFilter:42 - User 0has permission
2019-08-01 23:26:47 DEBUG Servlet:62 - Servlet /mybank/user/user/user/user/user/user/user/user/user/user/user/user/user/user/user/user/user/user/user/user/user/user/user/user/user/home
2019-08-01 23:26:47 DEBUG HomeCommand:20 - User USER
2019-08-01 23:26:47 DEBUG Servlet:70 - Redirecting to redirect:user/home
2019-08-01 23:26:47 DEBUG AuthFilter:40 - URI /mybank/user/user/user/user/user/user/user/user/user/user/user/user/user/user/user/user/user/user/user/user/user/user/user/user/user/user/home
2019-08-01 23:26:47 DEBUG AuthFilter:42 - User 0has permission
2019-08-01 23:26:47 DEBUG Servlet:62 - Servlet /mybank/user/user/user/user/user/user/user/user/user/user/user/user/user/user/user/user/user/user/user/user/user/user/user/user/user/user/home
2019-08-01 23:26:47 DEBUG HomeCommand:20 - User USER
2019-08-01 23:26:47 DEBUG Servlet:70 - Redirecting to redirect:user/home
2019-08-01 23:26:47 DEBUG AuthFilter:40 - URI /mybank/user/user/user/user/user/user/user/user/user/user/user/user/user/user/user/user/user/user/user/user/user/user/user/user/user/user/user/home
2019-08-01 23:26:47 DEBUG AuthFilter:42 - User 0has permission
2019-08-01 23:26:47 DEBUG Servlet:62 - Servlet /mybank/user/user/user/user/user/user/user/user/user/user/user/user/user/user/user/user/user/user/user/user/user/user/user/user/user/user/user/home
2019-08-01 23:26:47 DEBUG HomeCommand:20 - User USER
2019-08-01 23:26:47 DEBUG Servlet:70 - Redirecting to redirect:user/home
2019-08-01 23:26:47 DEBUG AuthFilter:40 - URI /mybank/user/user/user/user/user/user/user/user/user/user/user/user/user/user/user/user/user/user/user/user/user/user/user/user/user/user/user/user/home
2019-08-01 23:26:47 DEBUG AuthFilter:42 - User 0has permission
2019-08-01 23:26:47 DEBUG Servlet:62 - Servlet /mybank/user/user/user/user/user/user/user/user/user/user/user/user/user/user/user/user/user/user/user/user/user/user/user/user/user/user/user/user/home
2019-08-01 23:26:47 DEBUG HomeCommand:20 - User USER
2019-08-01 23:26:47 DEBUG Servlet:70 - Redirecting to redirect:user/home
2019-08-01 23:26:47 DEBUG AuthFilter:40 - URI /mybank/user/user/user/user/user/user/user/user/user/user/user/user/user/user/user/user/user/user/user/user/user/user/user/user/user/user/user/user/user/home
2019-08-01 23:26:47 DEBUG AuthFilter:42 - User 0has permission
2019-08-01 23:26:47 DEBUG Servlet:62 - Servlet /mybank/user/user/user/user/user/user/user/user/user/user/user/user/user/user/user/user/user/user/user/user/user/user/user/user/user/user/user/user/user/home
2019-08-01 23:26:47 DEBUG HomeCommand:20 - User USER
2019-08-01 23:26:47 DEBUG Servlet:70 - Redirecting to redirect:user/home
2019-08-01 23:26:47 DEBUG AuthFilter:40 - URI /mybank/user/user/user/user/user/user/user/user/user/user/user/user/user/user/user/user/user/user/user/user/user/user/user/user/user/user/user/user/user/user/home
2019-08-01 23:26:47 DEBUG AuthFilter:42 - User 0has permission
2019-08-01 23:26:47 DEBUG Servlet:62 - Servlet /mybank/user/user/user/user/user/user/user/user/user/user/user/user/user/user/user/user/user/user/user/user/user/user/user/user/user/user/user/user/user/user/home
2019-08-01 23:26:47 DEBUG HomeCommand:20 - User USER
2019-08-01 23:26:47 DEBUG Servlet:70 - Redirecting to redirect:user/home
2019-08-01 23:26:47 DEBUG AuthFilter:40 - URI /mybank/user/user/user/user/user/user/user/user/user/user/user/user/user/user/user/user/user/user/user/user/user/user/user/user/user/user/user/user/user/user/user/home
2019-08-01 23:26:47 DEBUG AuthFilter:42 - User 0has permission
2019-08-01 23:26:47 DEBUG Servlet:62 - Servlet /mybank/user/user/user/user/user/user/user/user/user/user/user/user/user/user/user/user/user/user/user/user/user/user/user/user/user/user/user/user/user/user/user/home
2019-08-01 23:26:47 DEBUG HomeCommand:20 - User USER
2019-08-01 23:26:47 DEBUG Servlet:70 - Redirecting to redirect:user/home
2019-08-01 23:26:47 DEBUG AuthFilter:40 - URI /mybank/user/user/user/user/user/user/user/user/user/user/user/user/user/user/user/user/user/user/user/user/user/user/user/user/user/user/user/user/user/user/user/user/home
2019-08-01 23:26:47 DEBUG AuthFilter:42 - User 0has permission
2019-08-01 23:26:47 DEBUG Servlet:62 - Servlet /mybank/user/user/user/user/user/user/user/user/user/user/user/user/user/user/user/user/user/user/user/user/user/user/user/user/user/user/user/user/user/user/user/user/home
2019-08-01 23:26:47 DEBUG HomeCommand:20 - User USER
2019-08-01 23:26:47 DEBUG Servlet:70 - Redirecting to redirect:user/home
2019-08-01 23:26:47 DEBUG AuthFilter:40 - URI /mybank/user/user/user/user/user/user/user/user/user/user/user/user/user/user/user/user/user/user/user/user/user/user/user/user/user/user/user/user/user/user/user/user/user/home
2019-08-01 23:26:47 DEBUG AuthFilter:42 - User 0has permission
2019-08-01 23:26:47 DEBUG Servlet:62 - Servlet /mybank/user/user/user/user/user/user/user/user/user/user/user/user/user/user/user/user/user/user/user/user/user/user/user/user/user/user/user/user/user/user/user/user/user/home
2019-08-01 23:26:47 DEBUG HomeCommand:20 - User USER
2019-08-01 23:26:47 DEBUG Servlet:70 - Redirecting to redirect:user/home
2019-08-01 23:26:47 DEBUG AuthFilter:40 - URI /mybank/user/user/user/user/user/user/user/user/user/user/user/user/user/user/user/user/user/user/user/user/user/user/user/user/user/user/user/user/user/user/user/user/user/user/home
2019-08-01 23:26:47 DEBUG AuthFilter:42 - User 0has permission
2019-08-01 23:26:47 DEBUG Servlet:62 - Servlet /mybank/user/user/user/user/user/user/user/user/user/user/user/user/user/user/user/user/user/user/user/user/user/user/user/user/user/user/user/user/user/user/user/user/user/user/home
2019-08-01 23:26:47 DEBUG HomeCommand:20 - User USER
2019-08-01 23:26:47 DEBUG Servlet:70 - Redirecting to redirect:user/home
2019-08-01 23:26:48 DEBUG AuthFilter:40 - URI /mybank/user/user/user/user/user/user/user/user/user/user/user/user/user/user/user/user/user/user/user/user/user/user/user/user/user/user/user/user/user/user/user/user/user/user/user/home
2019-08-01 23:26:48 DEBUG AuthFilter:42 - User 0has permission
2019-08-01 23:26:48 DEBUG Servlet:62 - Servlet /mybank/user/user/user/user/user/user/user/user/user/user/user/user/user/user/user/user/user/user/user/user/user/user/user/user/user/user/user/user/user/user/user/user/user/user/user/home
2019-08-01 23:26:48 DEBUG HomeCommand:20 - User USER
2019-08-01 23:26:48 DEBUG Servlet:70 - Redirecting to redirect:user/home
2019-08-01 23:26:48 DEBUG AuthFilter:40 - URI /mybank/user/user/user/user/user/user/user/user/user/user/user/user/user/user/user/user/user/user/user/user/user/user/user/user/user/user/user/user/user/user/user/user/user/user/user/user/home
2019-08-01 23:26:48 DEBUG AuthFilter:42 - User 0has permission
2019-08-01 23:26:48 DEBUG Servlet:62 - Servlet /mybank/user/user/user/user/user/user/user/user/user/user/user/user/user/user/user/user/user/user/user/user/user/user/user/user/user/user/user/user/user/user/user/user/user/user/user/user/home
2019-08-01 23:26:48 DEBUG HomeCommand:20 - User USER
2019-08-01 23:26:48 DEBUG Servlet:70 - Redirecting to redirect:user/home
2019-08-01 23:26:48 DEBUG AuthFilter:40 - URI /mybank/user/user/user/user/user/user/user/user/user/user/user/user/user/user/user/user/user/user/user/user/user/user/user/user/user/user/user/user/user/user/user/user/user/user/user/user/user/home
2019-08-01 23:26:48 DEBUG AuthFilter:42 - User 0has permission
2019-08-01 23:26:48 DEBUG Servlet:62 - Servlet /mybank/user/user/user/user/user/user/user/user/user/user/user/user/user/user/user/user/user/user/user/user/user/user/user/user/user/user/user/user/user/user/user/user/user/user/user/user/user/home
2019-08-01 23:26:48 DEBUG HomeCommand:20 - User USER
2019-08-01 23:26:48 DEBUG Servlet:70 - Redirecting to redirect:user/home
2019-08-01 23:26:48 DEBUG AuthFilter:40 - URI /mybank/user/user/user/user/user/user/user/user/user/user/user/user/user/user/user/user/user/user/user/user/user/user/user/user/user/user/user/user/user/user/user/user/user/user/user/user/user/user/home
2019-08-01 23:26:48 DEBUG AuthFilter:42 - User 0has permission
2019-08-01 23:26:48 DEBUG Servlet:62 - Servlet /mybank/user/user/user/user/user/user/user/user/user/user/user/user/user/user/user/user/user/user/user/user/user/user/user/user/user/user/user/user/user/user/user/user/user/user/user/user/user/user/home
2019-08-01 23:26:48 DEBUG HomeCommand:20 - User USER
2019-08-01 23:26:48 DEBUG Servlet:70 - Redirecting to redirect:user/home
2019-08-01 23:26:48 DEBUG AuthFilter:40 - URI /mybank/user/user/user/user/user/user/user/user/user/user/user/user/user/user/user/user/user/user/user/user/user/user/user/user/user/user/user/user/user/user/user/user/user/user/user/user/user/user/user/home
2019-08-01 23:26:48 DEBUG AuthFilter:42 - User 0has permission
2019-08-01 23:26:48 DEBUG Servlet:62 - Servlet /mybank/user/user/user/user/user/user/user/user/user/user/user/user/user/user/user/user/user/user/user/user/user/user/user/user/user/user/user/user/user/user/user/user/user/user/user/user/user/user/user/home
2019-08-01 23:26:48 DEBUG HomeCommand:20 - User USER
2019-08-01 23:26:48 DEBUG Servlet:70 - Redirecting to redirect:user/home
2019-08-01 23:26:48 DEBUG AuthFilter:40 - URI /mybank/user/user/user/user/user/user/user/user/user/user/user/user/user/user/user/user/user/user/user/user/user/user/user/user/user/user/user/user/user/user/user/user/user/user/user/user/user/user/user/user/home
2019-08-01 23:26:48 DEBUG AuthFilter:42 - User 0has permission
2019-08-01 23:26:48 DEBUG Servlet:62 - Servlet /mybank/user/user/user/user/user/user/user/user/user/user/user/user/user/user/user/user/user/user/user/user/user/user/user/user/user/user/user/user/user/user/user/user/user/user/user/user/user/user/user/user/home
2019-08-01 23:26:48 DEBUG HomeCommand:20 - User USER
2019-08-01 23:26:48 DEBUG Servlet:70 - Redirecting to redirect:user/home
2019-08-01 23:26:53 DEBUG AuthFilter:40 - URI /mybank/user/user/user/user/user/user/user/user/user/user/user/user/user/user/user/user/user/user/user/user/user/home
2019-08-01 23:26:53 DEBUG AuthFilter:42 - User 0has permission
2019-08-01 23:26:53 DEBUG Servlet:62 - Servlet /mybank/user/user/user/user/user/user/user/user/user/user/user/user/user/user/user/user/user/user/user/user/user/home
2019-08-01 23:26:53 DEBUG HomeCommand:20 - User USER
2019-08-01 23:26:53 DEBUG Servlet:70 - Redirecting to redirect:user/home
2019-08-01 23:26:53 DEBUG AuthFilter:40 - URI /mybank/user/user/user/user/user/user/user/user/user/user/user/user/user/user/user/user/user/user/user/user/user/user/home
2019-08-01 23:26:53 DEBUG AuthFilter:42 - User 0has permission
2019-08-01 23:26:53 DEBUG Servlet:62 - Servlet /mybank/user/user/user/user/user/user/user/user/user/user/user/user/user/user/user/user/user/user/user/user/user/user/home
2019-08-01 23:26:53 DEBUG HomeCommand:20 - User USER
2019-08-01 23:26:53 DEBUG Servlet:70 - Redirecting to redirect:user/home
2019-08-01 23:26:53 DEBUG AuthFilter:40 - URI /mybank/user/user/user/user/user/user/user/user/user/user/user/user/user/user/user/user/user/user/user/user/user/user/user/home
2019-08-01 23:26:53 DEBUG AuthFilter:42 - User 0has permission
2019-08-01 23:26:53 DEBUG Servlet:62 - Servlet /mybank/user/user/user/user/user/user/user/user/user/user/user/user/user/user/user/user/user/user/user/user/user/user/user/home
2019-08-01 23:26:53 DEBUG HomeCommand:20 - User USER
2019-08-01 23:26:53 DEBUG Servlet:70 - Redirecting to redirect:user/home
2019-08-01 23:26:53 DEBUG AuthFilter:40 - URI /mybank/user/user/user/user/user/user/user/user/user/user/user/user/user/user/user/user/user/user/user/user/user/user/user/user/home
2019-08-01 23:26:53 DEBUG AuthFilter:42 - User 0has permission
2019-08-01 23:26:53 DEBUG Servlet:62 - Servlet /mybank/user/user/user/user/user/user/user/user/user/user/user/user/user/user/user/user/user/user/user/user/user/user/user/user/home
2019-08-01 23:26:53 DEBUG HomeCommand:20 - User USER
2019-08-01 23:26:53 DEBUG Servlet:70 - Redirecting to redirect:user/home
2019-08-01 23:26:53 DEBUG AuthFilter:40 - URI /mybank/user/user/user/user/user/user/user/user/user/user/user/user/user/user/user/user/user/user/user/user/user/user/user/user/user/home
2019-08-01 23:26:53 DEBUG AuthFilter:42 - User 0has permission
2019-08-01 23:26:53 DEBUG Servlet:62 - Servlet /mybank/user/user/user/user/user/user/user/user/user/user/user/user/user/user/user/user/user/user/user/user/user/user/user/user/user/home
2019-08-01 23:26:53 DEBUG HomeCommand:20 - User USER
2019-08-01 23:26:53 DEBUG Servlet:70 - Redirecting to redirect:user/home
2019-08-01 23:26:53 DEBUG AuthFilter:40 - URI /mybank/user/user/user/user/user/user/user/user/user/user/user/user/user/user/user/user/user/user/user/user/user/user/user/user/user/user/home
2019-08-01 23:26:53 DEBUG AuthFilter:42 - User 0has permission
2019-08-01 23:26:53 DEBUG Servlet:62 - Servlet /mybank/user/user/user/user/user/user/user/user/user/user/user/user/user/user/user/user/user/user/user/user/user/user/user/user/user/user/home
2019-08-01 23:26:53 DEBUG HomeCommand:20 - User USER
2019-08-01 23:26:53 DEBUG Servlet:70 - Redirecting to redirect:user/home
2019-08-01 23:26:53 DEBUG AuthFilter:40 - URI /mybank/user/user/user/user/user/user/user/user/user/user/user/user/user/user/user/user/user/user/user/user/user/user/user/user/user/user/user/home
2019-08-01 23:26:53 DEBUG AuthFilter:42 - User 0has permission
2019-08-01 23:26:53 DEBUG Servlet:62 - Servlet /mybank/user/user/user/user/user/user/user/user/user/user/user/user/user/user/user/user/user/user/user/user/user/user/user/user/user/user/user/home
2019-08-01 23:26:53 DEBUG HomeCommand:20 - User USER
2019-08-01 23:26:53 DEBUG Servlet:70 - Redirecting to redirect:user/home
2019-08-01 23:26:53 DEBUG AuthFilter:40 - URI /mybank/user/user/user/user/user/user/user/user/user/user/user/user/user/user/user/user/user/user/user/user/user/user/user/user/user/user/user/user/home
2019-08-01 23:26:53 DEBUG AuthFilter:42 - User 0has permission
2019-08-01 23:26:53 DEBUG Servlet:62 - Servlet /mybank/user/user/user/user/user/user/user/user/user/user/user/user/user/user/user/user/user/user/user/user/user/user/user/user/user/user/user/user/home
2019-08-01 23:26:53 DEBUG HomeCommand:20 - User USER
2019-08-01 23:26:53 DEBUG Servlet:70 - Redirecting to redirect:user/home
2019-08-01 23:26:53 DEBUG AuthFilter:40 - URI /mybank/user/user/user/user/user/user/user/user/user/user/user/user/user/user/user/user/user/user/user/user/user/user/user/user/user/user/user/user/user/home
2019-08-01 23:26:53 DEBUG AuthFilter:42 - User 0has permission
2019-08-01 23:26:53 DEBUG Servlet:62 - Servlet /mybank/user/user/user/user/user/user/user/user/user/user/user/user/user/user/user/user/user/user/user/user/user/user/user/user/user/user/user/user/user/home
2019-08-01 23:26:53 DEBUG HomeCommand:20 - User USER
2019-08-01 23:26:53 DEBUG Servlet:70 - Redirecting to redirect:user/home
2019-08-01 23:26:53 DEBUG AuthFilter:40 - URI /mybank/user/user/user/user/user/user/user/user/user/user/user/user/user/user/user/user/user/user/user/user/user/user/user/user/user/user/user/user/user/user/home
2019-08-01 23:26:53 DEBUG AuthFilter:42 - User 0has permission
2019-08-01 23:26:53 DEBUG Servlet:62 - Servlet /mybank/user/user/user/user/user/user/user/user/user/user/user/user/user/user/user/user/user/user/user/user/user/user/user/user/user/user/user/user/user/user/home
2019-08-01 23:26:53 DEBUG HomeCommand:20 - User USER
2019-08-01 23:26:53 DEBUG Servlet:70 - Redirecting to redirect:user/home
2019-08-01 23:26:53 DEBUG AuthFilter:40 - URI /mybank/user/user/user/user/user/user/user/user/user/user/user/user/user/user/user/user/user/user/user/user/user/user/user/user/user/user/user/user/user/user/user/home
2019-08-01 23:26:53 DEBUG AuthFilter:42 - User 0has permission
2019-08-01 23:26:53 DEBUG Servlet:62 - Servlet /mybank/user/user/user/user/user/user/user/user/user/user/user/user/user/user/user/user/user/user/user/user/user/user/user/user/user/user/user/user/user/user/user/home
2019-08-01 23:26:53 DEBUG HomeCommand:20 - User USER
2019-08-01 23:26:53 DEBUG Servlet:70 - Redirecting to redirect:user/home
2019-08-01 23:26:53 DEBUG AuthFilter:40 - URI /mybank/user/user/user/user/user/user/user/user/user/user/user/user/user/user/user/user/user/user/user/user/user/user/user/user/user/user/user/user/user/user/user/user/home
2019-08-01 23:26:53 DEBUG AuthFilter:42 - User 0has permission
2019-08-01 23:26:53 DEBUG Servlet:62 - Servlet /mybank/user/user/user/user/user/user/user/user/user/user/user/user/user/user/user/user/user/user/user/user/user/user/user/user/user/user/user/user/user/user/user/user/home
2019-08-01 23:26:53 DEBUG HomeCommand:20 - User USER
2019-08-01 23:26:53 DEBUG Servlet:70 - Redirecting to redirect:user/home
2019-08-01 23:26:53 DEBUG AuthFilter:40 - URI /mybank/user/user/user/user/user/user/user/user/user/user/user/user/user/user/user/user/user/user/user/user/user/user/user/user/user/user/user/user/user/user/user/user/user/home
2019-08-01 23:26:53 DEBUG AuthFilter:42 - User 0has permission
2019-08-01 23:26:53 DEBUG Servlet:62 - Servlet /mybank/user/user/user/user/user/user/user/user/user/user/user/user/user/user/user/user/user/user/user/user/user/user/user/user/user/user/user/user/user/user/user/user/user/home
2019-08-01 23:26:53 DEBUG HomeCommand:20 - User USER
2019-08-01 23:26:53 DEBUG Servlet:70 - Redirecting to redirect:user/home
2019-08-01 23:26:53 DEBUG AuthFilter:40 - URI /mybank/user/user/user/user/user/user/user/user/user/user/user/user/user/user/user/user/user/user/user/user/user/user/user/user/user/user/user/user/user/user/user/user/user/user/home
2019-08-01 23:26:53 DEBUG AuthFilter:42 - User 0has permission
2019-08-01 23:26:53 DEBUG Servlet:62 - Servlet /mybank/user/user/user/user/user/user/user/user/user/user/user/user/user/user/user/user/user/user/user/user/user/user/user/user/user/user/user/user/user/user/user/user/user/user/home
2019-08-01 23:26:53 DEBUG HomeCommand:20 - User USER
2019-08-01 23:26:53 DEBUG Servlet:70 - Redirecting to redirect:user/home
2019-08-01 23:26:53 DEBUG AuthFilter:40 - URI /mybank/user/user/user/user/user/user/user/user/user/user/user/user/user/user/user/user/user/user/user/user/user/user/user/user/user/user/user/user/user/user/user/user/user/user/user/home
2019-08-01 23:26:53 DEBUG AuthFilter:42 - User 0has permission
2019-08-01 23:26:53 DEBUG Servlet:62 - Servlet /mybank/user/user/user/user/user/user/user/user/user/user/user/user/user/user/user/user/user/user/user/user/user/user/user/user/user/user/user/user/user/user/user/user/user/user/user/home
2019-08-01 23:26:53 DEBUG HomeCommand:20 - User USER
2019-08-01 23:26:53 DEBUG Servlet:70 - Redirecting to redirect:user/home
2019-08-01 23:26:53 DEBUG AuthFilter:40 - URI /mybank/user/user/user/user/user/user/user/user/user/user/user/user/user/user/user/user/user/user/user/user/user/user/user/user/user/user/user/user/user/user/user/user/user/user/user/user/home
2019-08-01 23:26:53 DEBUG AuthFilter:42 - User 0has permission
2019-08-01 23:26:53 DEBUG Servlet:62 - Servlet /mybank/user/user/user/user/user/user/user/user/user/user/user/user/user/user/user/user/user/user/user/user/user/user/user/user/user/user/user/user/user/user/user/user/user/user/user/user/home
2019-08-01 23:26:53 DEBUG HomeCommand:20 - User USER
2019-08-01 23:26:53 DEBUG Servlet:70 - Redirecting to redirect:user/home
2019-08-01 23:26:53 DEBUG AuthFilter:40 - URI /mybank/user/user/user/user/user/user/user/user/user/user/user/user/user/user/user/user/user/user/user/user/user/user/user/user/user/user/user/user/user/user/user/user/user/user/user/user/user/home
2019-08-01 23:26:53 DEBUG AuthFilter:42 - User 0has permission
2019-08-01 23:26:53 DEBUG Servlet:62 - Servlet /mybank/user/user/user/user/user/user/user/user/user/user/user/user/user/user/user/user/user/user/user/user/user/user/user/user/user/user/user/user/user/user/user/user/user/user/user/user/user/home
2019-08-01 23:26:53 DEBUG HomeCommand:20 - User USER
2019-08-01 23:26:53 DEBUG Servlet:70 - Redirecting to redirect:user/home
2019-08-01 23:26:53 DEBUG AuthFilter:40 - URI /mybank/user/user/user/user/user/user/user/user/user/user/user/user/user/user/user/user/user/user/user/user/user/user/user/user/user/user/user/user/user/user/user/user/user/user/user/user/user/user/home
2019-08-01 23:26:53 DEBUG AuthFilter:42 - User 0has permission
2019-08-01 23:26:53 DEBUG Servlet:62 - Servlet /mybank/user/user/user/user/user/user/user/user/user/user/user/user/user/user/user/user/user/user/user/user/user/user/user/user/user/user/user/user/user/user/user/user/user/user/user/user/user/user/home
2019-08-01 23:26:53 DEBUG HomeCommand:20 - User USER
2019-08-01 23:26:53 DEBUG Servlet:70 - Redirecting to redirect:user/home
2019-08-01 23:26:53 DEBUG AuthFilter:40 - URI /mybank/user/user/user/user/user/user/user/user/user/user/user/user/user/user/user/user/user/user/user/user/user/user/user/user/user/user/user/user/user/user/user/user/user/user/user/user/user/user/user/home
2019-08-01 23:26:53 DEBUG AuthFilter:42 - User 0has permission
2019-08-01 23:26:53 DEBUG Servlet:62 - Servlet /mybank/user/user/user/user/user/user/user/user/user/user/user/user/user/user/user/user/user/user/user/user/user/user/user/user/user/user/user/user/user/user/user/user/user/user/user/user/user/user/user/home
2019-08-01 23:26:53 DEBUG HomeCommand:20 - User USER
2019-08-01 23:26:53 DEBUG Servlet:70 - Redirecting to redirect:user/home
2019-08-01 23:26:53 DEBUG AuthFilter:40 - URI /mybank/user/user/user/user/user/user/user/user/user/user/user/user/user/user/user/user/user/user/user/user/user/user/user/user/user/user/user/user/user/user/user/user/user/user/user/user/user/user/user/user/home
2019-08-01 23:26:53 DEBUG AuthFilter:42 - User 0has permission
2019-08-01 23:26:53 DEBUG Servlet:62 - Servlet /mybank/user/user/user/user/user/user/user/user/user/user/user/user/user/user/user/user/user/user/user/user/user/user/user/user/user/user/user/user/user/user/user/user/user/user/user/user/user/user/user/user/home
2019-08-01 23:26:53 DEBUG HomeCommand:20 - User USER
2019-08-01 23:26:53 DEBUG Servlet:70 - Redirecting to redirect:user/home
2019-08-01 23:27:49 DEBUG AuthFilter:40 - URI /mybank/
2019-08-01 23:27:49 DEBUG AuthFilter:42 - User 0has permission
2019-08-01 23:27:50 DEBUG AuthFilter:40 - URI /mybank/home;jsessionid=0CD4DD7BD1A212FB8E51999DDD332075
2019-08-01 23:27:50 DEBUG AuthFilter:45 - User 0does not have permission
2019-08-01 23:27:50 DEBUG AuthFilter:40 - URI /mybank/
2019-08-01 23:27:50 DEBUG AuthFilter:42 - User 0has permission
2019-08-01 23:27:50 DEBUG AuthFilter:40 - URI /mybank/home
2019-08-01 23:27:50 DEBUG AuthFilter:42 - User 0has permission
2019-08-01 23:27:50 DEBUG Servlet:62 - Servlet /mybank/home
2019-08-01 23:27:50 DEBUG HomeCommand:20 - User GUEST
2019-08-01 23:27:50 DEBUG Servlet:70 - Redirecting to redirect:guest/login_form
2019-08-01 23:27:50 DEBUG AuthFilter:40 - URI /mybank/guest/login_form
2019-08-01 23:27:50 DEBUG AuthFilter:42 - User 0has permission
2019-08-01 23:27:50 DEBUG Servlet:62 - Servlet /mybank/guest/login_form
2019-08-01 23:27:50 DEBUG Servlet:73 - Forwarding to /WEB-INF/jsp/guest/loginForm.jsp
2019-08-01 23:27:54 DEBUG AuthFilter:40 - URI /mybank/guest/login
2019-08-01 23:27:54 DEBUG AuthFilter:42 - User 0has permission
2019-08-01 23:27:54 DEBUG Servlet:62 - Servlet /mybank/guest/login
2019-08-01 23:27:54 DEBUG LoginCommand:54 - User USER
2019-08-01 23:27:54 DEBUG Servlet:70 - Redirecting to redirect:/mybank/home
2019-08-01 23:27:54 DEBUG AuthFilter:40 - URI /mybank/home
2019-08-01 23:27:54 DEBUG AuthFilter:42 - User 0has permission
2019-08-01 23:27:54 DEBUG Servlet:62 - Servlet /mybank/home
2019-08-01 23:27:54 DEBUG HomeCommand:20 - User USER
2019-08-01 23:27:54 DEBUG Servlet:70 - Redirecting to redirect:user/home
2019-08-01 23:27:54 DEBUG AuthFilter:40 - URI /mybank/user/home
2019-08-01 23:27:54 DEBUG AuthFilter:42 - User 0has permission
2019-08-01 23:27:54 DEBUG Servlet:62 - Servlet /mybank/user/home
2019-08-01 23:27:54 DEBUG Servlet:73 - Forwarding to /WEB-INF/jsp/user/userHome.jsp
2019-08-01 23:30:39 DEBUG AuthFilter:40 - URI /mybank/
2019-08-01 23:30:39 DEBUG AuthFilter:42 - User 0has permission
2019-08-01 23:30:39 DEBUG AuthFilter:40 - URI /mybank/home;jsessionid=A6A8F844B988B882973B7FF5D4988A93
2019-08-01 23:30:39 DEBUG AuthFilter:45 - User 0does not have permission
2019-08-01 23:30:40 DEBUG AuthFilter:40 - URI /mybank/
2019-08-01 23:30:40 DEBUG AuthFilter:42 - User 0has permission
2019-08-01 23:30:40 DEBUG AuthFilter:40 - URI /mybank/home
2019-08-01 23:30:40 DEBUG AuthFilter:42 - User 0has permission
2019-08-01 23:30:40 DEBUG Servlet:62 - Servlet /mybank/home
2019-08-01 23:30:40 DEBUG HomeCommand:20 - User GUEST
2019-08-01 23:30:40 DEBUG Servlet:70 - Redirecting to redirect:guest/login_form
2019-08-01 23:30:40 DEBUG AuthFilter:40 - URI /mybank/guest/login_form
2019-08-01 23:30:40 DEBUG AuthFilter:42 - User 0has permission
2019-08-01 23:30:40 DEBUG Servlet:62 - Servlet /mybank/guest/login_form
2019-08-01 23:30:40 DEBUG Servlet:73 - Forwarding to /WEB-INF/jsp/guest/loginForm.jsp
2019-08-01 23:30:43 DEBUG AuthFilter:40 - URI /mybank/guest/login
2019-08-01 23:30:43 DEBUG AuthFilter:42 - User 0has permission
2019-08-01 23:30:43 DEBUG Servlet:62 - Servlet /mybank/guest/login
2019-08-01 23:30:43 DEBUG LoginCommand:54 - User USER
2019-08-01 23:30:43 DEBUG Servlet:70 - Redirecting to redirect:/mybank/home
2019-08-01 23:30:43 DEBUG AuthFilter:40 - URI /mybank/home
2019-08-01 23:30:43 DEBUG AuthFilter:42 - User 0has permission
2019-08-01 23:30:43 DEBUG Servlet:62 - Servlet /mybank/home
2019-08-01 23:30:43 DEBUG HomeCommand:20 - User USER
2019-08-01 23:30:43 DEBUG Servlet:70 - Redirecting to redirect:user/home
2019-08-01 23:30:43 DEBUG AuthFilter:40 - URI /mybank/user/home
2019-08-01 23:30:43 DEBUG AuthFilter:42 - User 0has permission
2019-08-01 23:30:43 DEBUG Servlet:62 - Servlet /mybank/user/home
2019-08-01 23:30:43 DEBUG Servlet:73 - Forwarding to /WEB-INF/jsp/user/userHome.jsp
2019-08-01 23:31:56 DEBUG AuthFilter:40 - URI /mybank/user/home
2019-08-01 23:31:56 DEBUG AuthFilter:45 - User 0does not have permission
2019-08-01 23:32:01 DEBUG AuthFilter:40 - URI /mybank/
2019-08-01 23:32:01 DEBUG AuthFilter:42 - User 0has permission
2019-08-01 23:32:01 DEBUG AuthFilter:40 - URI /mybank/home
2019-08-01 23:32:01 DEBUG AuthFilter:42 - User 0has permission
2019-08-01 23:32:01 DEBUG Servlet:62 - Servlet /mybank/home
2019-08-01 23:32:01 DEBUG HomeCommand:20 - User GUEST
2019-08-01 23:32:01 DEBUG Servlet:70 - Redirecting to redirect:guest/login_form
2019-08-01 23:32:01 DEBUG AuthFilter:40 - URI /mybank/guest/login_form
2019-08-01 23:32:01 DEBUG AuthFilter:42 - User 0has permission
2019-08-01 23:32:01 DEBUG Servlet:62 - Servlet /mybank/guest/login_form
2019-08-01 23:32:01 DEBUG Servlet:73 - Forwarding to /WEB-INF/jsp/guest/loginForm.jsp
2019-08-01 23:32:05 DEBUG AuthFilter:40 - URI /mybank/guest/login
2019-08-01 23:32:05 DEBUG AuthFilter:42 - User 0has permission
2019-08-01 23:32:05 DEBUG Servlet:62 - Servlet /mybank/guest/login
2019-08-01 23:32:05 DEBUG LoginCommand:54 - User USER
2019-08-01 23:32:05 DEBUG Servlet:70 - Redirecting to redirect:/mybank/home
2019-08-01 23:32:05 DEBUG AuthFilter:40 - URI /mybank/home
2019-08-01 23:32:05 DEBUG AuthFilter:42 - User 0has permission
2019-08-01 23:32:05 DEBUG Servlet:62 - Servlet /mybank/home
2019-08-01 23:32:05 DEBUG HomeCommand:20 - User USER
2019-08-01 23:32:05 DEBUG Servlet:70 - Redirecting to redirect:user/home
2019-08-01 23:32:05 DEBUG AuthFilter:40 - URI /mybank/user/home
2019-08-01 23:32:05 DEBUG AuthFilter:42 - User 0has permission
2019-08-01 23:32:05 DEBUG Servlet:62 - Servlet /mybank/user/home
2019-08-01 23:32:05 DEBUG Servlet:73 - Forwarding to /WEB-INF/jsp/user/userHome.jsp
2019-08-01 23:32:09 DEBUG AuthFilter:40 - URI /mybank/user/logout
2019-08-01 23:32:09 DEBUG AuthFilter:42 - User 0has permission
2019-08-01 23:32:09 DEBUG Servlet:62 - Servlet /mybank/user/logout
2019-08-01 23:32:09 DEBUG LogOutCommand:14 - User org.apache.catalina.session.StandardSessionFacade@27374121has permission
2019-08-01 23:32:09 DEBUG Servlet:70 - Redirecting to redirect:quest/home
2019-08-01 23:32:09 DEBUG AuthFilter:40 - URI /mybank/user/quest/home
2019-08-01 23:32:09 DEBUG AuthFilter:45 - User 0does not have permission
2019-08-01 23:34:17 DEBUG AuthFilter:40 - URI /mybank/
2019-08-01 23:34:17 DEBUG AuthFilter:42 - User 0has permission
2019-08-01 23:34:18 DEBUG AuthFilter:40 - URI /mybank/home;jsessionid=5E4019569FA26A83F6F7E0C8DD8BAF65
2019-08-01 23:34:18 DEBUG AuthFilter:45 - User 0does not have permission
2019-08-01 23:34:18 DEBUG AuthFilter:40 - URI /mybank/
2019-08-01 23:34:18 DEBUG AuthFilter:42 - User 0has permission
2019-08-01 23:34:18 DEBUG AuthFilter:40 - URI /mybank/home
2019-08-01 23:34:18 DEBUG AuthFilter:42 - User 0has permission
2019-08-01 23:34:18 DEBUG Servlet:62 - Servlet /mybank/home
2019-08-01 23:34:18 DEBUG HomeCommand:20 - User GUEST
2019-08-01 23:34:18 DEBUG Servlet:70 - Redirecting to redirect:guest/login_form
2019-08-01 23:34:18 DEBUG AuthFilter:40 - URI /mybank/guest/login_form
2019-08-01 23:34:18 DEBUG AuthFilter:42 - User 0has permission
2019-08-01 23:34:18 DEBUG Servlet:62 - Servlet /mybank/guest/login_form
2019-08-01 23:34:18 DEBUG Servlet:73 - Forwarding to /WEB-INF/jsp/guest/loginForm.jsp
2019-08-01 23:34:22 DEBUG AuthFilter:40 - URI /mybank/guest/login
2019-08-01 23:34:22 DEBUG AuthFilter:42 - User 0has permission
2019-08-01 23:34:22 DEBUG Servlet:62 - Servlet /mybank/guest/login
2019-08-01 23:34:22 DEBUG LoginCommand:54 - User USER
2019-08-01 23:34:22 DEBUG Servlet:70 - Redirecting to redirect:/mybank/home
2019-08-01 23:34:22 DEBUG AuthFilter:40 - URI /mybank/home
2019-08-01 23:34:22 DEBUG AuthFilter:42 - User 0has permission
2019-08-01 23:34:22 DEBUG Servlet:62 - Servlet /mybank/home
2019-08-01 23:34:22 DEBUG HomeCommand:20 - User USER
2019-08-01 23:34:22 DEBUG Servlet:70 - Redirecting to redirect:user/home
2019-08-01 23:34:22 DEBUG AuthFilter:40 - URI /mybank/user/home
2019-08-01 23:34:22 DEBUG AuthFilter:42 - User 0has permission
2019-08-01 23:34:22 DEBUG Servlet:62 - Servlet /mybank/user/home
2019-08-01 23:34:22 DEBUG Servlet:73 - Forwarding to /WEB-INF/jsp/user/userHome.jsp
2019-08-01 23:34:24 DEBUG AuthFilter:40 - URI /mybank/user/logout
2019-08-01 23:34:24 DEBUG AuthFilter:42 - User 0has permission
2019-08-01 23:34:24 DEBUG Servlet:62 - Servlet /mybank/user/logout
2019-08-01 23:35:05 DEBUG AuthFilter:40 - URI /mybank/
2019-08-01 23:35:05 DEBUG AuthFilter:42 - User 0has permission
2019-08-01 23:35:06 DEBUG AuthFilter:40 - URI /mybank/home;jsessionid=3472A9A5E9C292B3917EB228394174BE
2019-08-01 23:35:06 DEBUG AuthFilter:45 - User 0does not have permission
2019-08-01 23:35:06 DEBUG AuthFilter:40 - URI /mybank/
2019-08-01 23:35:06 DEBUG AuthFilter:42 - User 0has permission
2019-08-01 23:35:06 DEBUG AuthFilter:40 - URI /mybank/home
2019-08-01 23:35:06 DEBUG AuthFilter:42 - User 0has permission
2019-08-01 23:35:06 DEBUG Servlet:62 - Servlet /mybank/home
2019-08-01 23:35:06 DEBUG HomeCommand:20 - User GUEST
2019-08-01 23:35:06 DEBUG Servlet:70 - Redirecting to redirect:guest/login_form
2019-08-01 23:35:06 DEBUG AuthFilter:40 - URI /mybank/guest/login_form
2019-08-01 23:35:06 DEBUG AuthFilter:42 - User 0has permission
2019-08-01 23:35:06 DEBUG Servlet:62 - Servlet /mybank/guest/login_form
2019-08-01 23:35:06 DEBUG Servlet:73 - Forwarding to /WEB-INF/jsp/guest/loginForm.jsp
2019-08-01 23:35:10 DEBUG AuthFilter:40 - URI /mybank/guest/login
2019-08-01 23:35:10 DEBUG AuthFilter:42 - User 0has permission
2019-08-01 23:35:10 DEBUG Servlet:62 - Servlet /mybank/guest/login
2019-08-01 23:35:10 DEBUG LoginCommand:54 - User USER
2019-08-01 23:35:10 DEBUG Servlet:70 - Redirecting to redirect:/mybank/home
2019-08-01 23:35:10 DEBUG AuthFilter:40 - URI /mybank/home
2019-08-01 23:35:10 DEBUG AuthFilter:42 - User 0has permission
2019-08-01 23:35:10 DEBUG Servlet:62 - Servlet /mybank/home
2019-08-01 23:35:10 DEBUG HomeCommand:20 - User USER
2019-08-01 23:35:10 DEBUG Servlet:70 - Redirecting to redirect:user/home
2019-08-01 23:35:10 DEBUG AuthFilter:40 - URI /mybank/user/home
2019-08-01 23:35:10 DEBUG AuthFilter:42 - User 0has permission
2019-08-01 23:35:10 DEBUG Servlet:62 - Servlet /mybank/user/home
2019-08-01 23:35:10 DEBUG Servlet:73 - Forwarding to /WEB-INF/jsp/user/userHome.jsp
2019-08-01 23:35:11 DEBUG AuthFilter:40 - URI /mybank/user/logout
2019-08-01 23:35:11 DEBUG AuthFilter:42 - User 0has permission
2019-08-01 23:35:11 DEBUG Servlet:62 - Servlet /mybank/user/logout
2019-08-01 23:35:11 DEBUG Servlet:70 - Redirecting to redirect:/home
2019-08-01 23:35:46 DEBUG AuthFilter:40 - URI /mybank/
2019-08-01 23:35:46 DEBUG AuthFilter:42 - User 0has permission
2019-08-01 23:35:46 DEBUG AuthFilter:40 - URI /mybank/home;jsessionid=297FD50D8A0B3B545DBAFA1A592ED5B3
2019-08-01 23:35:46 DEBUG AuthFilter:45 - User 0does not have permission
2019-08-01 23:35:46 DEBUG AuthFilter:40 - URI /mybank/
2019-08-01 23:35:46 DEBUG AuthFilter:42 - User 0has permission
2019-08-01 23:35:46 DEBUG AuthFilter:40 - URI /mybank/home
2019-08-01 23:35:46 DEBUG AuthFilter:42 - User 0has permission
2019-08-01 23:35:46 DEBUG Servlet:62 - Servlet /mybank/home
2019-08-01 23:35:46 DEBUG HomeCommand:20 - User GUEST
2019-08-01 23:35:46 DEBUG Servlet:70 - Redirecting to redirect:guest/login_form
2019-08-01 23:35:46 DEBUG AuthFilter:40 - URI /mybank/guest/login_form
2019-08-01 23:35:46 DEBUG AuthFilter:42 - User 0has permission
2019-08-01 23:35:46 DEBUG Servlet:62 - Servlet /mybank/guest/login_form
2019-08-01 23:35:46 DEBUG Servlet:73 - Forwarding to /WEB-INF/jsp/guest/loginForm.jsp
2019-08-01 23:35:50 DEBUG AuthFilter:40 - URI /mybank/guest/login
2019-08-01 23:35:50 DEBUG AuthFilter:42 - User 0has permission
2019-08-01 23:35:50 DEBUG Servlet:62 - Servlet /mybank/guest/login
2019-08-01 23:35:50 DEBUG LoginCommand:54 - User USER
2019-08-01 23:35:50 DEBUG Servlet:70 - Redirecting to redirect:/mybank/home
2019-08-01 23:35:50 DEBUG AuthFilter:40 - URI /mybank/home
2019-08-01 23:35:50 DEBUG AuthFilter:42 - User 0has permission
2019-08-01 23:35:50 DEBUG Servlet:62 - Servlet /mybank/home
2019-08-01 23:35:50 DEBUG HomeCommand:20 - User USER
2019-08-01 23:35:50 DEBUG Servlet:70 - Redirecting to redirect:user/home
2019-08-01 23:35:50 DEBUG AuthFilter:40 - URI /mybank/user/home
2019-08-01 23:35:50 DEBUG AuthFilter:42 - User 0has permission
2019-08-01 23:35:50 DEBUG Servlet:62 - Servlet /mybank/user/home
2019-08-01 23:35:50 DEBUG Servlet:73 - Forwarding to /WEB-INF/jsp/user/userHome.jsp
2019-08-01 23:35:51 DEBUG AuthFilter:40 - URI /mybank/user/logout
2019-08-01 23:35:51 DEBUG AuthFilter:42 - User 0has permission
2019-08-01 23:35:51 DEBUG Servlet:62 - Servlet /mybank/user/logout
2019-08-01 23:35:51 DEBUG Servlet:70 - Redirecting to redirect:guest/login_form
2019-08-01 23:35:51 DEBUG AuthFilter:40 - URI /mybank/user/guest/login_form
2019-08-01 23:35:51 DEBUG AuthFilter:42 - User 0has permission
2019-08-01 23:35:51 DEBUG Servlet:62 - Servlet /mybank/user/guest/login_form
2019-08-01 23:35:51 DEBUG HomeCommand:20 - User GUEST
2019-08-01 23:35:51 DEBUG Servlet:70 - Redirecting to redirect:guest/login_form
2019-08-01 23:35:51 DEBUG AuthFilter:40 - URI /mybank/user/guest/guest/login_form
2019-08-01 23:35:51 DEBUG AuthFilter:42 - User 0has permission
2019-08-01 23:35:51 DEBUG Servlet:62 - Servlet /mybank/user/guest/guest/login_form
2019-08-01 23:35:51 DEBUG HomeCommand:20 - User GUEST
2019-08-01 23:35:51 DEBUG Servlet:70 - Redirecting to redirect:guest/login_form
2019-08-01 23:35:51 DEBUG AuthFilter:40 - URI /mybank/user/guest/guest/guest/login_form
2019-08-01 23:35:51 DEBUG AuthFilter:42 - User 0has permission
2019-08-01 23:35:51 DEBUG Servlet:62 - Servlet /mybank/user/guest/guest/guest/login_form
2019-08-01 23:35:51 DEBUG HomeCommand:20 - User GUEST
2019-08-01 23:35:51 DEBUG Servlet:70 - Redirecting to redirect:guest/login_form
2019-08-01 23:35:51 DEBUG AuthFilter:40 - URI /mybank/user/guest/guest/guest/guest/login_form
2019-08-01 23:35:51 DEBUG AuthFilter:42 - User 0has permission
2019-08-01 23:35:51 DEBUG Servlet:62 - Servlet /mybank/user/guest/guest/guest/guest/login_form
2019-08-01 23:35:51 DEBUG HomeCommand:20 - User GUEST
2019-08-01 23:35:51 DEBUG Servlet:70 - Redirecting to redirect:guest/login_form
2019-08-01 23:35:51 DEBUG AuthFilter:40 - URI /mybank/user/guest/guest/guest/guest/guest/login_form
2019-08-01 23:35:51 DEBUG AuthFilter:42 - User 0has permission
2019-08-01 23:35:51 DEBUG Servlet:62 - Servlet /mybank/user/guest/guest/guest/guest/guest/login_form
2019-08-01 23:35:51 DEBUG HomeCommand:20 - User GUEST
2019-08-01 23:35:51 DEBUG Servlet:70 - Redirecting to redirect:guest/login_form
2019-08-01 23:35:51 DEBUG AuthFilter:40 - URI /mybank/user/guest/guest/guest/guest/guest/guest/login_form
2019-08-01 23:35:51 DEBUG AuthFilter:42 - User 0has permission
2019-08-01 23:35:51 DEBUG Servlet:62 - Servlet /mybank/user/guest/guest/guest/guest/guest/guest/login_form
2019-08-01 23:35:51 DEBUG HomeCommand:20 - User GUEST
2019-08-01 23:35:51 DEBUG Servlet:70 - Redirecting to redirect:guest/login_form
2019-08-01 23:35:51 DEBUG AuthFilter:40 - URI /mybank/user/guest/guest/guest/guest/guest/guest/guest/login_form
2019-08-01 23:35:51 DEBUG AuthFilter:42 - User 0has permission
2019-08-01 23:35:51 DEBUG Servlet:62 - Servlet /mybank/user/guest/guest/guest/guest/guest/guest/guest/login_form
2019-08-01 23:35:51 DEBUG HomeCommand:20 - User GUEST
2019-08-01 23:35:51 DEBUG Servlet:70 - Redirecting to redirect:guest/login_form
2019-08-01 23:35:51 DEBUG AuthFilter:40 - URI /mybank/user/guest/guest/guest/guest/guest/guest/guest/guest/login_form
2019-08-01 23:35:51 DEBUG AuthFilter:42 - User 0has permission
2019-08-01 23:35:51 DEBUG Servlet:62 - Servlet /mybank/user/guest/guest/guest/guest/guest/guest/guest/guest/login_form
2019-08-01 23:35:51 DEBUG HomeCommand:20 - User GUEST
2019-08-01 23:35:51 DEBUG Servlet:70 - Redirecting to redirect:guest/login_form
2019-08-01 23:35:51 DEBUG AuthFilter:40 - URI /mybank/user/guest/guest/guest/guest/guest/guest/guest/guest/guest/login_form
2019-08-01 23:35:51 DEBUG AuthFilter:42 - User 0has permission
2019-08-01 23:35:51 DEBUG Servlet:62 - Servlet /mybank/user/guest/guest/guest/guest/guest/guest/guest/guest/guest/login_form
2019-08-01 23:35:51 DEBUG HomeCommand:20 - User GUEST
2019-08-01 23:35:51 DEBUG Servlet:70 - Redirecting to redirect:guest/login_form
2019-08-01 23:35:51 DEBUG AuthFilter:40 - URI /mybank/user/guest/guest/guest/guest/guest/guest/guest/guest/guest/guest/login_form
2019-08-01 23:35:51 DEBUG AuthFilter:42 - User 0has permission
2019-08-01 23:35:51 DEBUG Servlet:62 - Servlet /mybank/user/guest/guest/guest/guest/guest/guest/guest/guest/guest/guest/login_form
2019-08-01 23:35:51 DEBUG HomeCommand:20 - User GUEST
2019-08-01 23:35:51 DEBUG Servlet:70 - Redirecting to redirect:guest/login_form
2019-08-01 23:35:51 DEBUG AuthFilter:40 - URI /mybank/user/guest/guest/guest/guest/guest/guest/guest/guest/guest/guest/guest/login_form
2019-08-01 23:35:51 DEBUG AuthFilter:42 - User 0has permission
2019-08-01 23:35:51 DEBUG Servlet:62 - Servlet /mybank/user/guest/guest/guest/guest/guest/guest/guest/guest/guest/guest/guest/login_form
2019-08-01 23:35:51 DEBUG HomeCommand:20 - User GUEST
2019-08-01 23:35:51 DEBUG Servlet:70 - Redirecting to redirect:guest/login_form
2019-08-01 23:35:51 DEBUG AuthFilter:40 - URI /mybank/user/guest/guest/guest/guest/guest/guest/guest/guest/guest/guest/guest/guest/login_form
2019-08-01 23:35:51 DEBUG AuthFilter:42 - User 0has permission
2019-08-01 23:35:51 DEBUG Servlet:62 - Servlet /mybank/user/guest/guest/guest/guest/guest/guest/guest/guest/guest/guest/guest/guest/login_form
2019-08-01 23:35:51 DEBUG HomeCommand:20 - User GUEST
2019-08-01 23:35:51 DEBUG Servlet:70 - Redirecting to redirect:guest/login_form
2019-08-01 23:35:52 DEBUG AuthFilter:40 - URI /mybank/user/guest/guest/guest/guest/guest/guest/guest/guest/guest/guest/guest/guest/guest/login_form
2019-08-01 23:35:52 DEBUG AuthFilter:42 - User 0has permission
2019-08-01 23:35:52 DEBUG Servlet:62 - Servlet /mybank/user/guest/guest/guest/guest/guest/guest/guest/guest/guest/guest/guest/guest/guest/login_form
2019-08-01 23:35:52 DEBUG HomeCommand:20 - User GUEST
2019-08-01 23:35:52 DEBUG Servlet:70 - Redirecting to redirect:guest/login_form
2019-08-01 23:35:52 DEBUG AuthFilter:40 - URI /mybank/user/guest/guest/guest/guest/guest/guest/guest/guest/guest/guest/guest/guest/guest/guest/login_form
2019-08-01 23:35:52 DEBUG AuthFilter:42 - User 0has permission
2019-08-01 23:35:52 DEBUG Servlet:62 - Servlet /mybank/user/guest/guest/guest/guest/guest/guest/guest/guest/guest/guest/guest/guest/guest/guest/login_form
2019-08-01 23:35:52 DEBUG HomeCommand:20 - User GUEST
2019-08-01 23:35:52 DEBUG Servlet:70 - Redirecting to redirect:guest/login_form
2019-08-01 23:35:52 DEBUG AuthFilter:40 - URI /mybank/user/guest/guest/guest/guest/guest/guest/guest/guest/guest/guest/guest/guest/guest/guest/guest/login_form
2019-08-01 23:35:52 DEBUG AuthFilter:42 - User 0has permission
2019-08-01 23:35:52 DEBUG Servlet:62 - Servlet /mybank/user/guest/guest/guest/guest/guest/guest/guest/guest/guest/guest/guest/guest/guest/guest/guest/login_form
2019-08-01 23:35:52 DEBUG HomeCommand:20 - User GUEST
2019-08-01 23:35:52 DEBUG Servlet:70 - Redirecting to redirect:guest/login_form
2019-08-01 23:35:52 DEBUG AuthFilter:40 - URI /mybank/user/guest/guest/guest/guest/guest/guest/guest/guest/guest/guest/guest/guest/guest/guest/guest/guest/login_form
2019-08-01 23:35:52 DEBUG AuthFilter:42 - User 0has permission
2019-08-01 23:35:52 DEBUG Servlet:62 - Servlet /mybank/user/guest/guest/guest/guest/guest/guest/guest/guest/guest/guest/guest/guest/guest/guest/guest/guest/login_form
2019-08-01 23:35:52 DEBUG HomeCommand:20 - User GUEST
2019-08-01 23:35:52 DEBUG Servlet:70 - Redirecting to redirect:guest/login_form
2019-08-01 23:35:52 DEBUG AuthFilter:40 - URI /mybank/user/guest/guest/guest/guest/guest/guest/guest/guest/guest/guest/guest/guest/guest/guest/guest/guest/guest/login_form
2019-08-01 23:35:52 DEBUG AuthFilter:42 - User 0has permission
2019-08-01 23:35:52 DEBUG Servlet:62 - Servlet /mybank/user/guest/guest/guest/guest/guest/guest/guest/guest/guest/guest/guest/guest/guest/guest/guest/guest/guest/login_form
2019-08-01 23:35:52 DEBUG HomeCommand:20 - User GUEST
2019-08-01 23:35:52 DEBUG Servlet:70 - Redirecting to redirect:guest/login_form
2019-08-01 23:35:52 DEBUG AuthFilter:40 - URI /mybank/user/guest/guest/guest/guest/guest/guest/guest/guest/guest/guest/guest/guest/guest/guest/guest/guest/guest/guest/login_form
2019-08-01 23:35:52 DEBUG AuthFilter:42 - User 0has permission
2019-08-01 23:35:52 DEBUG Servlet:62 - Servlet /mybank/user/guest/guest/guest/guest/guest/guest/guest/guest/guest/guest/guest/guest/guest/guest/guest/guest/guest/guest/login_form
2019-08-01 23:35:52 DEBUG HomeCommand:20 - User GUEST
2019-08-01 23:35:52 DEBUG Servlet:70 - Redirecting to redirect:guest/login_form
2019-08-01 23:35:52 DEBUG AuthFilter:40 - URI /mybank/user/guest/guest/guest/guest/guest/guest/guest/guest/guest/guest/guest/guest/guest/guest/guest/guest/guest/guest/guest/login_form
2019-08-01 23:35:52 DEBUG AuthFilter:42 - User 0has permission
2019-08-01 23:35:52 DEBUG Servlet:62 - Servlet /mybank/user/guest/guest/guest/guest/guest/guest/guest/guest/guest/guest/guest/guest/guest/guest/guest/guest/guest/guest/guest/login_form
2019-08-01 23:35:52 DEBUG HomeCommand:20 - User GUEST
2019-08-01 23:35:52 DEBUG Servlet:70 - Redirecting to redirect:guest/login_form
2019-08-01 23:35:52 DEBUG AuthFilter:40 - URI /mybank/user/guest/guest/guest/guest/guest/guest/guest/guest/guest/guest/guest/guest/guest/guest/guest/guest/guest/guest/guest/login_form
2019-08-01 23:35:52 DEBUG AuthFilter:42 - User 0has permission
2019-08-01 23:35:52 DEBUG Servlet:62 - Servlet /mybank/user/guest/guest/guest/guest/guest/guest/guest/guest/guest/guest/guest/guest/guest/guest/guest/guest/guest/guest/guest/login_form
2019-08-01 23:35:52 DEBUG HomeCommand:20 - User GUEST
2019-08-01 23:35:52 DEBUG Servlet:70 - Redirecting to redirect:guest/login_form
2019-08-01 23:35:52 DEBUG AuthFilter:40 - URI /mybank/user/guest/guest/guest/guest/guest/guest/guest/guest/guest/guest/guest/guest/guest/guest/guest/guest/guest/guest/guest/guest/login_form
2019-08-01 23:35:52 DEBUG AuthFilter:42 - User 0has permission
2019-08-01 23:35:52 DEBUG Servlet:62 - Servlet /mybank/user/guest/guest/guest/guest/guest/guest/guest/guest/guest/guest/guest/guest/guest/guest/guest/guest/guest/guest/guest/guest/login_form
2019-08-01 23:35:52 DEBUG HomeCommand:20 - User GUEST
2019-08-01 23:35:52 DEBUG Servlet:70 - Redirecting to redirect:guest/login_form
2019-08-01 23:35:52 DEBUG AuthFilter:40 - URI /mybank/user/guest/guest/guest/guest/guest/guest/guest/guest/guest/guest/guest/guest/guest/guest/guest/guest/guest/guest/guest/guest/guest/login_form
2019-08-01 23:35:52 DEBUG AuthFilter:42 - User 0has permission
2019-08-01 23:35:52 DEBUG Servlet:62 - Servlet /mybank/user/guest/guest/guest/guest/guest/guest/guest/guest/guest/guest/guest/guest/guest/guest/guest/guest/guest/guest/guest/guest/guest/login_form
2019-08-01 23:35:52 DEBUG HomeCommand:20 - User GUEST
2019-08-01 23:35:52 DEBUG Servlet:70 - Redirecting to redirect:guest/login_form
2019-08-01 23:35:52 DEBUG AuthFilter:40 - URI /mybank/user/guest/guest/guest/guest/guest/guest/guest/guest/guest/guest/guest/guest/guest/guest/guest/guest/guest/guest/guest/guest/guest/guest/login_form
2019-08-01 23:35:52 DEBUG AuthFilter:42 - User 0has permission
2019-08-01 23:35:52 DEBUG Servlet:62 - Servlet /mybank/user/guest/guest/guest/guest/guest/guest/guest/guest/guest/guest/guest/guest/guest/guest/guest/guest/guest/guest/guest/guest/guest/guest/login_form
2019-08-01 23:35:52 DEBUG HomeCommand:20 - User GUEST
2019-08-01 23:35:52 DEBUG Servlet:70 - Redirecting to redirect:guest/login_form
2019-08-01 23:35:52 DEBUG AuthFilter:40 - URI /mybank/user/guest/guest/guest/guest/guest/guest/guest/guest/guest/guest/guest/guest/guest/guest/guest/guest/guest/guest/guest/guest/guest/guest/guest/login_form
2019-08-01 23:35:52 DEBUG AuthFilter:42 - User 0has permission
2019-08-01 23:35:52 DEBUG Servlet:62 - Servlet /mybank/user/guest/guest/guest/guest/guest/guest/guest/guest/guest/guest/guest/guest/guest/guest/guest/guest/guest/guest/guest/guest/guest/guest/guest/login_form
2019-08-01 23:35:52 DEBUG HomeCommand:20 - User GUEST
2019-08-01 23:35:52 DEBUG Servlet:70 - Redirecting to redirect:guest/login_form
2019-08-01 23:35:52 DEBUG AuthFilter:40 - URI /mybank/user/guest/guest/guest/guest/guest/guest/guest/guest/guest/guest/guest/guest/guest/guest/guest/guest/guest/guest/guest/guest/guest/guest/guest/guest/login_form
2019-08-01 23:35:52 DEBUG AuthFilter:42 - User 0has permission
2019-08-01 23:35:52 DEBUG Servlet:62 - Servlet /mybank/user/guest/guest/guest/guest/guest/guest/guest/guest/guest/guest/guest/guest/guest/guest/guest/guest/guest/guest/guest/guest/guest/guest/guest/guest/login_form
2019-08-01 23:35:52 DEBUG HomeCommand:20 - User GUEST
2019-08-01 23:35:52 DEBUG Servlet:70 - Redirecting to redirect:guest/login_form
2019-08-01 23:35:52 DEBUG AuthFilter:40 - URI /mybank/user/guest/guest/guest/guest/guest/guest/guest/guest/guest/guest/guest/guest/guest/guest/guest/guest/guest/guest/guest/guest/guest/guest/guest/guest/guest/login_form
2019-08-01 23:35:52 DEBUG AuthFilter:42 - User 0has permission
2019-08-01 23:35:52 DEBUG Servlet:62 - Servlet /mybank/user/guest/guest/guest/guest/guest/guest/guest/guest/guest/guest/guest/guest/guest/guest/guest/guest/guest/guest/guest/guest/guest/guest/guest/guest/guest/login_form
2019-08-01 23:35:52 DEBUG HomeCommand:20 - User GUEST
2019-08-01 23:35:52 DEBUG Servlet:70 - Redirecting to redirect:guest/login_form
2019-08-01 23:35:52 DEBUG AuthFilter:40 - URI /mybank/user/guest/guest/guest/guest/guest/guest/guest/guest/guest/guest/guest/guest/guest/guest/guest/guest/guest/guest/guest/guest/guest/guest/guest/guest/guest/guest/login_form
2019-08-01 23:35:52 DEBUG AuthFilter:42 - User 0has permission
2019-08-01 23:35:52 DEBUG Servlet:62 - Servlet /mybank/user/guest/guest/guest/guest/guest/guest/guest/guest/guest/guest/guest/guest/guest/guest/guest/guest/guest/guest/guest/guest/guest/guest/guest/guest/guest/guest/login_form
2019-08-01 23:35:52 DEBUG HomeCommand:20 - User GUEST
2019-08-01 23:35:52 DEBUG Servlet:70 - Redirecting to redirect:guest/login_form
2019-08-01 23:35:52 DEBUG AuthFilter:40 - URI /mybank/user/guest/guest/guest/guest/guest/guest/guest/guest/guest/guest/guest/guest/guest/guest/guest/guest/guest/guest/guest/guest/guest/guest/guest/guest/guest/guest/guest/login_form
2019-08-01 23:35:52 DEBUG AuthFilter:42 - User 0has permission
2019-08-01 23:35:52 DEBUG Servlet:62 - Servlet /mybank/user/guest/guest/guest/guest/guest/guest/guest/guest/guest/guest/guest/guest/guest/guest/guest/guest/guest/guest/guest/guest/guest/guest/guest/guest/guest/guest/guest/login_form
2019-08-01 23:35:52 DEBUG HomeCommand:20 - User GUEST
2019-08-01 23:35:52 DEBUG Servlet:70 - Redirecting to redirect:guest/login_form
2019-08-01 23:35:52 DEBUG AuthFilter:40 - URI /mybank/user/guest/guest/guest/guest/guest/guest/guest/guest/guest/guest/guest/guest/guest/guest/guest/guest/guest/guest/guest/guest/guest/guest/guest/guest/guest/guest/guest/guest/login_form
2019-08-01 23:35:52 DEBUG AuthFilter:42 - User 0has permission
2019-08-01 23:35:52 DEBUG Servlet:62 - Servlet /mybank/user/guest/guest/guest/guest/guest/guest/guest/guest/guest/guest/guest/guest/guest/guest/guest/guest/guest/guest/guest/guest/guest/guest/guest/guest/guest/guest/guest/guest/login_form
2019-08-01 23:35:52 DEBUG HomeCommand:20 - User GUEST
2019-08-01 23:35:52 DEBUG Servlet:70 - Redirecting to redirect:guest/login_form
2019-08-01 23:35:52 DEBUG AuthFilter:40 - URI /mybank/user/guest/guest/guest/guest/guest/guest/guest/guest/guest/guest/guest/guest/guest/guest/guest/guest/guest/guest/guest/guest/guest/guest/guest/guest/guest/guest/guest/guest/guest/login_form
2019-08-01 23:35:52 DEBUG AuthFilter:42 - User 0has permission
2019-08-01 23:35:52 DEBUG Servlet:62 - Servlet /mybank/user/guest/guest/guest/guest/guest/guest/guest/guest/guest/guest/guest/guest/guest/guest/guest/guest/guest/guest/guest/guest/guest/guest/guest/guest/guest/guest/guest/guest/guest/login_form
2019-08-01 23:35:52 DEBUG HomeCommand:20 - User GUEST
2019-08-01 23:35:52 DEBUG Servlet:70 - Redirecting to redirect:guest/login_form
2019-08-01 23:35:52 DEBUG AuthFilter:40 - URI /mybank/user/guest/guest/guest/guest/guest/guest/guest/guest/guest/guest/guest/guest/guest/guest/guest/guest/guest/guest/guest/guest/guest/guest/guest/guest/guest/guest/guest/guest/guest/guest/login_form
2019-08-01 23:35:52 DEBUG AuthFilter:42 - User 0has permission
2019-08-01 23:35:52 DEBUG Servlet:62 - Servlet /mybank/user/guest/guest/guest/guest/guest/guest/guest/guest/guest/guest/guest/guest/guest/guest/guest/guest/guest/guest/guest/guest/guest/guest/guest/guest/guest/guest/guest/guest/guest/guest/login_form
2019-08-01 23:35:52 DEBUG HomeCommand:20 - User GUEST
2019-08-01 23:35:52 DEBUG Servlet:70 - Redirecting to redirect:guest/login_form
2019-08-01 23:35:52 DEBUG AuthFilter:40 - URI /mybank/user/guest/guest/guest/guest/guest/guest/guest/guest/guest/guest/guest/guest/guest/guest/guest/guest/guest/guest/guest/guest/guest/guest/guest/guest/guest/guest/guest/guest/guest/guest/guest/login_form
2019-08-01 23:35:52 DEBUG AuthFilter:42 - User 0has permission
2019-08-01 23:35:52 DEBUG Servlet:62 - Servlet /mybank/user/guest/guest/guest/guest/guest/guest/guest/guest/guest/guest/guest/guest/guest/guest/guest/guest/guest/guest/guest/guest/guest/guest/guest/guest/guest/guest/guest/guest/guest/guest/guest/login_form
2019-08-01 23:35:52 DEBUG HomeCommand:20 - User GUEST
2019-08-01 23:35:52 DEBUG Servlet:70 - Redirecting to redirect:guest/login_form
2019-08-01 23:35:52 DEBUG AuthFilter:40 - URI /mybank/user/guest/guest/guest/guest/guest/guest/guest/guest/guest/guest/guest/guest/guest/guest/guest/guest/guest/guest/guest/guest/guest/guest/guest/guest/guest/guest/guest/guest/guest/guest/guest/guest/login_form
2019-08-01 23:35:52 DEBUG AuthFilter:42 - User 0has permission
2019-08-01 23:35:52 DEBUG Servlet:62 - Servlet /mybank/user/guest/guest/guest/guest/guest/guest/guest/guest/guest/guest/guest/guest/guest/guest/guest/guest/guest/guest/guest/guest/guest/guest/guest/guest/guest/guest/guest/guest/guest/guest/guest/guest/login_form
2019-08-01 23:35:52 DEBUG HomeCommand:20 - User GUEST
2019-08-01 23:35:52 DEBUG Servlet:70 - Redirecting to redirect:guest/login_form
2019-08-01 23:35:52 DEBUG AuthFilter:40 - URI /mybank/user/guest/guest/guest/guest/guest/guest/guest/guest/guest/guest/guest/guest/guest/guest/guest/guest/guest/guest/guest/guest/guest/guest/guest/guest/guest/guest/guest/guest/guest/guest/guest/guest/guest/login_form
2019-08-01 23:35:52 DEBUG AuthFilter:42 - User 0has permission
2019-08-01 23:35:52 DEBUG Servlet:62 - Servlet /mybank/user/guest/guest/guest/guest/guest/guest/guest/guest/guest/guest/guest/guest/guest/guest/guest/guest/guest/guest/guest/guest/guest/guest/guest/guest/guest/guest/guest/guest/guest/guest/guest/guest/guest/login_form
2019-08-01 23:35:52 DEBUG HomeCommand:20 - User GUEST
2019-08-01 23:35:52 DEBUG Servlet:70 - Redirecting to redirect:guest/login_form
2019-08-01 23:35:52 DEBUG AuthFilter:40 - URI /mybank/user/guest/guest/guest/guest/guest/guest/guest/guest/guest/guest/guest/guest/guest/guest/guest/guest/guest/guest/guest/guest/guest/guest/guest/guest/guest/guest/guest/guest/guest/guest/guest/guest/guest/guest/login_form
2019-08-01 23:35:52 DEBUG AuthFilter:42 - User 0has permission
2019-08-01 23:35:52 DEBUG Servlet:62 - Servlet /mybank/user/guest/guest/guest/guest/guest/guest/guest/guest/guest/guest/guest/guest/guest/guest/guest/guest/guest/guest/guest/guest/guest/guest/guest/guest/guest/guest/guest/guest/guest/guest/guest/guest/guest/guest/login_form
2019-08-01 23:35:52 DEBUG HomeCommand:20 - User GUEST
2019-08-01 23:35:52 DEBUG Servlet:70 - Redirecting to redirect:guest/login_form
2019-08-01 23:35:52 DEBUG AuthFilter:40 - URI /mybank/user/guest/guest/guest/guest/guest/guest/guest/guest/guest/guest/guest/guest/guest/guest/guest/guest/guest/guest/guest/guest/guest/guest/guest/guest/guest/guest/guest/guest/guest/guest/guest/guest/guest/guest/guest/login_form
2019-08-01 23:35:52 DEBUG AuthFilter:42 - User 0has permission
2019-08-01 23:35:52 DEBUG Servlet:62 - Servlet /mybank/user/guest/guest/guest/guest/guest/guest/guest/guest/guest/guest/guest/guest/guest/guest/guest/guest/guest/guest/guest/guest/guest/guest/guest/guest/guest/guest/guest/guest/guest/guest/guest/guest/guest/guest/guest/login_form
2019-08-01 23:35:52 DEBUG HomeCommand:20 - User GUEST
2019-08-01 23:35:52 DEBUG Servlet:70 - Redirecting to redirect:guest/login_form
2019-08-01 23:35:52 DEBUG AuthFilter:40 - URI /mybank/user/guest/guest/guest/guest/guest/guest/guest/guest/guest/guest/guest/guest/guest/guest/guest/guest/guest/guest/guest/guest/guest/guest/guest/guest/guest/guest/guest/guest/guest/guest/guest/guest/guest/guest/guest/guest/login_form
2019-08-01 23:35:52 DEBUG AuthFilter:42 - User 0has permission
2019-08-01 23:35:52 DEBUG Servlet:62 - Servlet /mybank/user/guest/guest/guest/guest/guest/guest/guest/guest/guest/guest/guest/guest/guest/guest/guest/guest/guest/guest/guest/guest/guest/guest/guest/guest/guest/guest/guest/guest/guest/guest/guest/guest/guest/guest/guest/guest/login_form
2019-08-01 23:35:52 DEBUG HomeCommand:20 - User GUEST
2019-08-01 23:35:52 DEBUG Servlet:70 - Redirecting to redirect:guest/login_form
2019-08-01 23:35:52 DEBUG AuthFilter:40 - URI /mybank/user/guest/guest/guest/guest/guest/guest/guest/guest/guest/guest/guest/guest/guest/guest/guest/guest/guest/guest/guest/guest/guest/guest/guest/guest/guest/guest/guest/guest/guest/guest/guest/guest/guest/guest/guest/guest/guest/login_form
2019-08-01 23:35:52 DEBUG AuthFilter:42 - User 0has permission
2019-08-01 23:35:52 DEBUG Servlet:62 - Servlet /mybank/user/guest/guest/guest/guest/guest/guest/guest/guest/guest/guest/guest/guest/guest/guest/guest/guest/guest/guest/guest/guest/guest/guest/guest/guest/guest/guest/guest/guest/guest/guest/guest/guest/guest/guest/guest/guest/guest/login_form
2019-08-01 23:35:52 DEBUG HomeCommand:20 - User GUEST
2019-08-01 23:35:52 DEBUG Servlet:70 - Redirecting to redirect:guest/login_form
2019-08-01 23:35:52 DEBUG AuthFilter:40 - URI /mybank/user/guest/guest/guest/guest/guest/guest/guest/guest/guest/guest/guest/guest/guest/guest/guest/guest/guest/guest/guest/guest/guest/guest/guest/guest/guest/guest/guest/guest/guest/guest/guest/guest/guest/guest/guest/guest/guest/guest/login_form
2019-08-01 23:35:52 DEBUG AuthFilter:42 - User 0has permission
2019-08-01 23:35:52 DEBUG Servlet:62 - Servlet /mybank/user/guest/guest/guest/guest/guest/guest/guest/guest/guest/guest/guest/guest/guest/guest/guest/guest/guest/guest/guest/guest/guest/guest/guest/guest/guest/guest/guest/guest/guest/guest/guest/guest/guest/guest/guest/guest/guest/guest/login_form
2019-08-01 23:35:52 DEBUG HomeCommand:20 - User GUEST
2019-08-01 23:35:52 DEBUG Servlet:70 - Redirecting to redirect:guest/login_form
2019-08-01 23:35:57 DEBUG AuthFilter:40 - URI /mybank/user/guest/guest/guest/guest/guest/guest/guest/guest/guest/guest/guest/guest/guest/guest/guest/guest/guest/guest/guest/login_form
2019-08-01 23:35:57 DEBUG AuthFilter:42 - User 0has permission
2019-08-01 23:35:57 DEBUG Servlet:62 - Servlet /mybank/user/guest/guest/guest/guest/guest/guest/guest/guest/guest/guest/guest/guest/guest/guest/guest/guest/guest/guest/guest/login_form
2019-08-01 23:35:57 DEBUG HomeCommand:20 - User GUEST
2019-08-01 23:35:57 DEBUG Servlet:70 - Redirecting to redirect:guest/login_form
2019-08-01 23:35:57 DEBUG AuthFilter:40 - URI /mybank/user/guest/guest/guest/guest/guest/guest/guest/guest/guest/guest/guest/guest/guest/guest/guest/guest/guest/guest/guest/guest/login_form
2019-08-01 23:35:57 DEBUG AuthFilter:42 - User 0has permission
2019-08-01 23:35:57 DEBUG Servlet:62 - Servlet /mybank/user/guest/guest/guest/guest/guest/guest/guest/guest/guest/guest/guest/guest/guest/guest/guest/guest/guest/guest/guest/guest/login_form
2019-08-01 23:35:57 DEBUG HomeCommand:20 - User GUEST
2019-08-01 23:35:57 DEBUG Servlet:70 - Redirecting to redirect:guest/login_form
2019-08-01 23:35:57 DEBUG AuthFilter:40 - URI /mybank/user/guest/guest/guest/guest/guest/guest/guest/guest/guest/guest/guest/guest/guest/guest/guest/guest/guest/guest/guest/guest/guest/login_form
2019-08-01 23:35:57 DEBUG AuthFilter:42 - User 0has permission
2019-08-01 23:35:57 DEBUG Servlet:62 - Servlet /mybank/user/guest/guest/guest/guest/guest/guest/guest/guest/guest/guest/guest/guest/guest/guest/guest/guest/guest/guest/guest/guest/guest/login_form
2019-08-01 23:35:57 DEBUG HomeCommand:20 - User GUEST
2019-08-01 23:35:57 DEBUG Servlet:70 - Redirecting to redirect:guest/login_form
2019-08-01 23:35:57 DEBUG AuthFilter:40 - URI /mybank/user/guest/guest/guest/guest/guest/guest/guest/guest/guest/guest/guest/guest/guest/guest/guest/guest/guest/guest/guest/guest/guest/guest/login_form
2019-08-01 23:35:57 DEBUG AuthFilter:42 - User 0has permission
2019-08-01 23:35:57 DEBUG Servlet:62 - Servlet /mybank/user/guest/guest/guest/guest/guest/guest/guest/guest/guest/guest/guest/guest/guest/guest/guest/guest/guest/guest/guest/guest/guest/guest/login_form
2019-08-01 23:35:57 DEBUG HomeCommand:20 - User GUEST
2019-08-01 23:35:57 DEBUG Servlet:70 - Redirecting to redirect:guest/login_form
2019-08-01 23:35:57 DEBUG AuthFilter:40 - URI /mybank/user/guest/guest/guest/guest/guest/guest/guest/guest/guest/guest/guest/guest/guest/guest/guest/guest/guest/guest/guest/guest/guest/guest/guest/login_form
2019-08-01 23:35:57 DEBUG AuthFilter:42 - User 0has permission
2019-08-01 23:35:57 DEBUG Servlet:62 - Servlet /mybank/user/guest/guest/guest/guest/guest/guest/guest/guest/guest/guest/guest/guest/guest/guest/guest/guest/guest/guest/guest/guest/guest/guest/guest/login_form
2019-08-01 23:35:57 DEBUG HomeCommand:20 - User GUEST
2019-08-01 23:35:57 DEBUG Servlet:70 - Redirecting to redirect:guest/login_form
2019-08-01 23:35:57 DEBUG AuthFilter:40 - URI /mybank/user/guest/guest/guest/guest/guest/guest/guest/guest/guest/guest/guest/guest/guest/guest/guest/guest/guest/guest/guest/guest/guest/guest/guest/guest/login_form
2019-08-01 23:35:57 DEBUG AuthFilter:42 - User 0has permission
2019-08-01 23:35:57 DEBUG Servlet:62 - Servlet /mybank/user/guest/guest/guest/guest/guest/guest/guest/guest/guest/guest/guest/guest/guest/guest/guest/guest/guest/guest/guest/guest/guest/guest/guest/guest/login_form
2019-08-01 23:35:57 DEBUG HomeCommand:20 - User GUEST
2019-08-01 23:35:57 DEBUG Servlet:70 - Redirecting to redirect:guest/login_form
2019-08-01 23:35:57 DEBUG AuthFilter:40 - URI /mybank/user/guest/guest/guest/guest/guest/guest/guest/guest/guest/guest/guest/guest/guest/guest/guest/guest/guest/guest/guest/guest/guest/guest/guest/guest/guest/login_form
2019-08-01 23:35:57 DEBUG AuthFilter:42 - User 0has permission
2019-08-01 23:35:57 DEBUG Servlet:62 - Servlet /mybank/user/guest/guest/guest/guest/guest/guest/guest/guest/guest/guest/guest/guest/guest/guest/guest/guest/guest/guest/guest/guest/guest/guest/guest/guest/guest/login_form
2019-08-01 23:35:57 DEBUG HomeCommand:20 - User GUEST
2019-08-01 23:35:57 DEBUG Servlet:70 - Redirecting to redirect:guest/login_form
2019-08-01 23:35:57 DEBUG AuthFilter:40 - URI /mybank/user/guest/guest/guest/guest/guest/guest/guest/guest/guest/guest/guest/guest/guest/guest/guest/guest/guest/guest/guest/guest/guest/guest/guest/guest/guest/guest/login_form
2019-08-01 23:35:57 DEBUG AuthFilter:42 - User 0has permission
2019-08-01 23:35:57 DEBUG Servlet:62 - Servlet /mybank/user/guest/guest/guest/guest/guest/guest/guest/guest/guest/guest/guest/guest/guest/guest/guest/guest/guest/guest/guest/guest/guest/guest/guest/guest/guest/guest/login_form
2019-08-01 23:35:57 DEBUG HomeCommand:20 - User GUEST
2019-08-01 23:35:57 DEBUG Servlet:70 - Redirecting to redirect:guest/login_form
2019-08-01 23:35:57 DEBUG AuthFilter:40 - URI /mybank/user/guest/guest/guest/guest/guest/guest/guest/guest/guest/guest/guest/guest/guest/guest/guest/guest/guest/guest/guest/guest/guest/guest/guest/guest/guest/guest/guest/login_form
2019-08-01 23:35:57 DEBUG AuthFilter:42 - User 0has permission
2019-08-01 23:35:57 DEBUG Servlet:62 - Servlet /mybank/user/guest/guest/guest/guest/guest/guest/guest/guest/guest/guest/guest/guest/guest/guest/guest/guest/guest/guest/guest/guest/guest/guest/guest/guest/guest/guest/guest/login_form
2019-08-01 23:35:57 DEBUG HomeCommand:20 - User GUEST
2019-08-01 23:35:57 DEBUG Servlet:70 - Redirecting to redirect:guest/login_form
2019-08-01 23:35:57 DEBUG AuthFilter:40 - URI /mybank/user/guest/guest/guest/guest/guest/guest/guest/guest/guest/guest/guest/guest/guest/guest/guest/guest/guest/guest/guest/guest/guest/guest/guest/guest/guest/guest/guest/guest/login_form
2019-08-01 23:35:57 DEBUG AuthFilter:42 - User 0has permission
2019-08-01 23:35:57 DEBUG Servlet:62 - Servlet /mybank/user/guest/guest/guest/guest/guest/guest/guest/guest/guest/guest/guest/guest/guest/guest/guest/guest/guest/guest/guest/guest/guest/guest/guest/guest/guest/guest/guest/guest/login_form
2019-08-01 23:35:57 DEBUG HomeCommand:20 - User GUEST
2019-08-01 23:35:57 DEBUG Servlet:70 - Redirecting to redirect:guest/login_form
2019-08-01 23:35:57 DEBUG AuthFilter:40 - URI /mybank/user/guest/guest/guest/guest/guest/guest/guest/guest/guest/guest/guest/guest/guest/guest/guest/guest/guest/guest/guest/guest/guest/guest/guest/guest/guest/guest/guest/guest/guest/login_form
2019-08-01 23:35:57 DEBUG AuthFilter:42 - User 0has permission
2019-08-01 23:35:57 DEBUG Servlet:62 - Servlet /mybank/user/guest/guest/guest/guest/guest/guest/guest/guest/guest/guest/guest/guest/guest/guest/guest/guest/guest/guest/guest/guest/guest/guest/guest/guest/guest/guest/guest/guest/guest/login_form
2019-08-01 23:35:57 DEBUG HomeCommand:20 - User GUEST
2019-08-01 23:35:57 DEBUG Servlet:70 - Redirecting to redirect:guest/login_form
2019-08-01 23:35:57 DEBUG AuthFilter:40 - URI /mybank/user/guest/guest/guest/guest/guest/guest/guest/guest/guest/guest/guest/guest/guest/guest/guest/guest/guest/guest/guest/guest/guest/guest/guest/guest/guest/guest/guest/guest/guest/guest/login_form
2019-08-01 23:35:57 DEBUG AuthFilter:42 - User 0has permission
2019-08-01 23:35:57 DEBUG Servlet:62 - Servlet /mybank/user/guest/guest/guest/guest/guest/guest/guest/guest/guest/guest/guest/guest/guest/guest/guest/guest/guest/guest/guest/guest/guest/guest/guest/guest/guest/guest/guest/guest/guest/guest/login_form
2019-08-01 23:35:57 DEBUG HomeCommand:20 - User GUEST
2019-08-01 23:35:57 DEBUG Servlet:70 - Redirecting to redirect:guest/login_form
2019-08-01 23:35:57 DEBUG AuthFilter:40 - URI /mybank/user/guest/guest/guest/guest/guest/guest/guest/guest/guest/guest/guest/guest/guest/guest/guest/guest/guest/guest/guest/guest/guest/guest/guest/guest/guest/guest/guest/guest/guest/guest/guest/login_form
2019-08-01 23:35:57 DEBUG AuthFilter:42 - User 0has permission
2019-08-01 23:35:57 DEBUG Servlet:62 - Servlet /mybank/user/guest/guest/guest/guest/guest/guest/guest/guest/guest/guest/guest/guest/guest/guest/guest/guest/guest/guest/guest/guest/guest/guest/guest/guest/guest/guest/guest/guest/guest/guest/guest/login_form
2019-08-01 23:35:57 DEBUG HomeCommand:20 - User GUEST
2019-08-01 23:35:57 DEBUG Servlet:70 - Redirecting to redirect:guest/login_form
2019-08-01 23:35:57 DEBUG AuthFilter:40 - URI /mybank/user/guest/guest/guest/guest/guest/guest/guest/guest/guest/guest/guest/guest/guest/guest/guest/guest/guest/guest/guest/guest/guest/guest/guest/guest/guest/guest/guest/guest/guest/guest/guest/guest/login_form
2019-08-01 23:35:57 DEBUG AuthFilter:42 - User 0has permission
2019-08-01 23:35:57 DEBUG Servlet:62 - Servlet /mybank/user/guest/guest/guest/guest/guest/guest/guest/guest/guest/guest/guest/guest/guest/guest/guest/guest/guest/guest/guest/guest/guest/guest/guest/guest/guest/guest/guest/guest/guest/guest/guest/guest/login_form
2019-08-01 23:35:57 DEBUG HomeCommand:20 - User GUEST
2019-08-01 23:35:57 DEBUG Servlet:70 - Redirecting to redirect:guest/login_form
2019-08-01 23:35:57 DEBUG AuthFilter:40 - URI /mybank/user/guest/guest/guest/guest/guest/guest/guest/guest/guest/guest/guest/guest/guest/guest/guest/guest/guest/guest/guest/guest/guest/guest/guest/guest/guest/guest/guest/guest/guest/guest/guest/guest/guest/login_form
2019-08-01 23:35:57 DEBUG AuthFilter:42 - User 0has permission
2019-08-01 23:35:57 DEBUG Servlet:62 - Servlet /mybank/user/guest/guest/guest/guest/guest/guest/guest/guest/guest/guest/guest/guest/guest/guest/guest/guest/guest/guest/guest/guest/guest/guest/guest/guest/guest/guest/guest/guest/guest/guest/guest/guest/guest/login_form
2019-08-01 23:35:57 DEBUG HomeCommand:20 - User GUEST
2019-08-01 23:35:57 DEBUG Servlet:70 - Redirecting to redirect:guest/login_form
2019-08-01 23:35:57 DEBUG AuthFilter:40 - URI /mybank/user/guest/guest/guest/guest/guest/guest/guest/guest/guest/guest/guest/guest/guest/guest/guest/guest/guest/guest/guest/guest/guest/guest/guest/guest/guest/guest/guest/guest/guest/guest/guest/guest/guest/guest/login_form
2019-08-01 23:35:57 DEBUG AuthFilter:42 - User 0has permission
2019-08-01 23:35:57 DEBUG Servlet:62 - Servlet /mybank/user/guest/guest/guest/guest/guest/guest/guest/guest/guest/guest/guest/guest/guest/guest/guest/guest/guest/guest/guest/guest/guest/guest/guest/guest/guest/guest/guest/guest/guest/guest/guest/guest/guest/guest/login_form
2019-08-01 23:35:57 DEBUG HomeCommand:20 - User GUEST
2019-08-01 23:35:57 DEBUG Servlet:70 - Redirecting to redirect:guest/login_form
2019-08-01 23:35:57 DEBUG AuthFilter:40 - URI /mybank/user/guest/guest/guest/guest/guest/guest/guest/guest/guest/guest/guest/guest/guest/guest/guest/guest/guest/guest/guest/guest/guest/guest/guest/guest/guest/guest/guest/guest/guest/guest/guest/guest/guest/guest/guest/login_form
2019-08-01 23:35:57 DEBUG AuthFilter:42 - User 0has permission
2019-08-01 23:35:57 DEBUG Servlet:62 - Servlet /mybank/user/guest/guest/guest/guest/guest/guest/guest/guest/guest/guest/guest/guest/guest/guest/guest/guest/guest/guest/guest/guest/guest/guest/guest/guest/guest/guest/guest/guest/guest/guest/guest/guest/guest/guest/guest/login_form
2019-08-01 23:35:57 DEBUG HomeCommand:20 - User GUEST
2019-08-01 23:35:57 DEBUG Servlet:70 - Redirecting to redirect:guest/login_form
2019-08-01 23:35:57 DEBUG AuthFilter:40 - URI /mybank/user/guest/guest/guest/guest/guest/guest/guest/guest/guest/guest/guest/guest/guest/guest/guest/guest/guest/guest/guest/guest/guest/guest/guest/guest/guest/guest/guest/guest/guest/guest/guest/guest/guest/guest/guest/guest/login_form
2019-08-01 23:35:57 DEBUG AuthFilter:42 - User 0has permission
2019-08-01 23:35:57 DEBUG Servlet:62 - Servlet /mybank/user/guest/guest/guest/guest/guest/guest/guest/guest/guest/guest/guest/guest/guest/guest/guest/guest/guest/guest/guest/guest/guest/guest/guest/guest/guest/guest/guest/guest/guest/guest/guest/guest/guest/guest/guest/guest/login_form
2019-08-01 23:35:57 DEBUG HomeCommand:20 - User GUEST
2019-08-01 23:35:57 DEBUG Servlet:70 - Redirecting to redirect:guest/login_form
2019-08-01 23:35:57 DEBUG AuthFilter:40 - URI /mybank/user/guest/guest/guest/guest/guest/guest/guest/guest/guest/guest/guest/guest/guest/guest/guest/guest/guest/guest/guest/guest/guest/guest/guest/guest/guest/guest/guest/guest/guest/guest/guest/guest/guest/guest/guest/guest/guest/login_form
2019-08-01 23:35:57 DEBUG AuthFilter:42 - User 0has permission
2019-08-01 23:35:57 DEBUG Servlet:62 - Servlet /mybank/user/guest/guest/guest/guest/guest/guest/guest/guest/guest/guest/guest/guest/guest/guest/guest/guest/guest/guest/guest/guest/guest/guest/guest/guest/guest/guest/guest/guest/guest/guest/guest/guest/guest/guest/guest/guest/guest/login_form
2019-08-01 23:35:57 DEBUG HomeCommand:20 - User GUEST
2019-08-01 23:35:57 DEBUG Servlet:70 - Redirecting to redirect:guest/login_form
2019-08-01 23:35:57 DEBUG AuthFilter:40 - URI /mybank/user/guest/guest/guest/guest/guest/guest/guest/guest/guest/guest/guest/guest/guest/guest/guest/guest/guest/guest/guest/guest/guest/guest/guest/guest/guest/guest/guest/guest/guest/guest/guest/guest/guest/guest/guest/guest/guest/guest/login_form
2019-08-01 23:35:57 DEBUG AuthFilter:42 - User 0has permission
2019-08-01 23:35:57 DEBUG Servlet:62 - Servlet /mybank/user/guest/guest/guest/guest/guest/guest/guest/guest/guest/guest/guest/guest/guest/guest/guest/guest/guest/guest/guest/guest/guest/guest/guest/guest/guest/guest/guest/guest/guest/guest/guest/guest/guest/guest/guest/guest/guest/guest/login_form
2019-08-01 23:35:57 DEBUG HomeCommand:20 - User GUEST
2019-08-01 23:35:57 DEBUG Servlet:70 - Redirecting to redirect:guest/login_form
2019-08-01 23:36:27 DEBUG AuthFilter:40 - URI /mybank/user/guest/guest/guest/guest/guest/guest/guest/guest/guest/guest/guest/guest/guest/guest/guest/guest/guest/guest/guest/login_form
2019-08-01 23:36:27 DEBUG AuthFilter:42 - User 0has permission
2019-08-01 23:36:27 DEBUG Servlet:62 - Servlet /mybank/user/guest/guest/guest/guest/guest/guest/guest/guest/guest/guest/guest/guest/guest/guest/guest/guest/guest/guest/guest/login_form
2019-08-01 23:36:27 DEBUG HomeCommand:20 - User GUEST
2019-08-01 23:36:27 DEBUG Servlet:70 - Redirecting to redirect:guest/login_form
2019-08-01 23:36:27 DEBUG AuthFilter:40 - URI /mybank/user/guest/guest/guest/guest/guest/guest/guest/guest/guest/guest/guest/guest/guest/guest/guest/guest/guest/guest/guest/guest/login_form
2019-08-01 23:36:27 DEBUG AuthFilter:42 - User 0has permission
2019-08-01 23:36:27 DEBUG Servlet:62 - Servlet /mybank/user/guest/guest/guest/guest/guest/guest/guest/guest/guest/guest/guest/guest/guest/guest/guest/guest/guest/guest/guest/guest/login_form
2019-08-01 23:36:27 DEBUG HomeCommand:20 - User GUEST
2019-08-01 23:36:27 DEBUG Servlet:70 - Redirecting to redirect:guest/login_form
2019-08-01 23:36:27 DEBUG AuthFilter:40 - URI /mybank/user/guest/guest/guest/guest/guest/guest/guest/guest/guest/guest/guest/guest/guest/guest/guest/guest/guest/guest/guest/guest/guest/login_form
2019-08-01 23:36:27 DEBUG AuthFilter:42 - User 0has permission
2019-08-01 23:36:27 DEBUG Servlet:62 - Servlet /mybank/user/guest/guest/guest/guest/guest/guest/guest/guest/guest/guest/guest/guest/guest/guest/guest/guest/guest/guest/guest/guest/guest/login_form
2019-08-01 23:36:27 DEBUG HomeCommand:20 - User GUEST
2019-08-01 23:36:27 DEBUG Servlet:70 - Redirecting to redirect:guest/login_form
2019-08-01 23:36:27 DEBUG AuthFilter:40 - URI /mybank/user/guest/guest/guest/guest/guest/guest/guest/guest/guest/guest/guest/guest/guest/guest/guest/guest/guest/guest/guest/guest/guest/guest/login_form
2019-08-01 23:36:27 DEBUG AuthFilter:42 - User 0has permission
2019-08-01 23:36:27 DEBUG Servlet:62 - Servlet /mybank/user/guest/guest/guest/guest/guest/guest/guest/guest/guest/guest/guest/guest/guest/guest/guest/guest/guest/guest/guest/guest/guest/guest/login_form
2019-08-01 23:36:27 DEBUG HomeCommand:20 - User GUEST
2019-08-01 23:36:27 DEBUG Servlet:70 - Redirecting to redirect:guest/login_form
2019-08-01 23:36:27 DEBUG AuthFilter:40 - URI /mybank/user/guest/guest/guest/guest/guest/guest/guest/guest/guest/guest/guest/guest/guest/guest/guest/guest/guest/guest/guest/guest/guest/guest/guest/login_form
2019-08-01 23:36:27 DEBUG AuthFilter:42 - User 0has permission
2019-08-01 23:36:27 DEBUG Servlet:62 - Servlet /mybank/user/guest/guest/guest/guest/guest/guest/guest/guest/guest/guest/guest/guest/guest/guest/guest/guest/guest/guest/guest/guest/guest/guest/guest/login_form
2019-08-01 23:36:27 DEBUG HomeCommand:20 - User GUEST
2019-08-01 23:36:27 DEBUG Servlet:70 - Redirecting to redirect:guest/login_form
2019-08-01 23:36:27 DEBUG AuthFilter:40 - URI /mybank/user/guest/guest/guest/guest/guest/guest/guest/guest/guest/guest/guest/guest/guest/guest/guest/guest/guest/guest/guest/guest/guest/guest/guest/guest/login_form
2019-08-01 23:36:27 DEBUG AuthFilter:42 - User 0has permission
2019-08-01 23:36:27 DEBUG Servlet:62 - Servlet /mybank/user/guest/guest/guest/guest/guest/guest/guest/guest/guest/guest/guest/guest/guest/guest/guest/guest/guest/guest/guest/guest/guest/guest/guest/guest/login_form
2019-08-01 23:36:27 DEBUG HomeCommand:20 - User GUEST
2019-08-01 23:36:27 DEBUG Servlet:70 - Redirecting to redirect:guest/login_form
2019-08-01 23:36:27 DEBUG AuthFilter:40 - URI /mybank/user/guest/guest/guest/guest/guest/guest/guest/guest/guest/guest/guest/guest/guest/guest/guest/guest/guest/guest/guest/guest/guest/guest/guest/guest/guest/login_form
2019-08-01 23:36:27 DEBUG AuthFilter:42 - User 0has permission
2019-08-01 23:36:27 DEBUG Servlet:62 - Servlet /mybank/user/guest/guest/guest/guest/guest/guest/guest/guest/guest/guest/guest/guest/guest/guest/guest/guest/guest/guest/guest/guest/guest/guest/guest/guest/guest/login_form
2019-08-01 23:36:27 DEBUG HomeCommand:20 - User GUEST
2019-08-01 23:36:27 DEBUG Servlet:70 - Redirecting to redirect:guest/login_form
2019-08-01 23:36:27 DEBUG AuthFilter:40 - URI /mybank/user/guest/guest/guest/guest/guest/guest/guest/guest/guest/guest/guest/guest/guest/guest/guest/guest/guest/guest/guest/guest/guest/guest/guest/guest/guest/guest/login_form
2019-08-01 23:36:27 DEBUG AuthFilter:42 - User 0has permission
2019-08-01 23:36:27 DEBUG Servlet:62 - Servlet /mybank/user/guest/guest/guest/guest/guest/guest/guest/guest/guest/guest/guest/guest/guest/guest/guest/guest/guest/guest/guest/guest/guest/guest/guest/guest/guest/guest/login_form
2019-08-01 23:36:27 DEBUG HomeCommand:20 - User GUEST
2019-08-01 23:36:27 DEBUG Servlet:70 - Redirecting to redirect:guest/login_form
2019-08-01 23:36:27 DEBUG AuthFilter:40 - URI /mybank/user/guest/guest/guest/guest/guest/guest/guest/guest/guest/guest/guest/guest/guest/guest/guest/guest/guest/guest/guest/guest/guest/guest/guest/guest/guest/guest/guest/login_form
2019-08-01 23:36:27 DEBUG AuthFilter:42 - User 0has permission
2019-08-01 23:36:27 DEBUG Servlet:62 - Servlet /mybank/user/guest/guest/guest/guest/guest/guest/guest/guest/guest/guest/guest/guest/guest/guest/guest/guest/guest/guest/guest/guest/guest/guest/guest/guest/guest/guest/guest/login_form
2019-08-01 23:36:27 DEBUG HomeCommand:20 - User GUEST
2019-08-01 23:36:27 DEBUG Servlet:70 - Redirecting to redirect:guest/login_form
2019-08-01 23:36:27 DEBUG AuthFilter:40 - URI /mybank/user/guest/guest/guest/guest/guest/guest/guest/guest/guest/guest/guest/guest/guest/guest/guest/guest/guest/guest/guest/guest/guest/guest/guest/guest/guest/guest/guest/guest/login_form
2019-08-01 23:36:27 DEBUG AuthFilter:42 - User 0has permission
2019-08-01 23:36:27 DEBUG Servlet:62 - Servlet /mybank/user/guest/guest/guest/guest/guest/guest/guest/guest/guest/guest/guest/guest/guest/guest/guest/guest/guest/guest/guest/guest/guest/guest/guest/guest/guest/guest/guest/guest/login_form
2019-08-01 23:36:27 DEBUG HomeCommand:20 - User GUEST
2019-08-01 23:36:27 DEBUG Servlet:70 - Redirecting to redirect:guest/login_form
2019-08-01 23:36:27 DEBUG AuthFilter:40 - URI /mybank/user/guest/guest/guest/guest/guest/guest/guest/guest/guest/guest/guest/guest/guest/guest/guest/guest/guest/guest/guest/guest/guest/guest/guest/guest/guest/guest/guest/guest/guest/login_form
2019-08-01 23:36:27 DEBUG AuthFilter:42 - User 0has permission
2019-08-01 23:36:27 DEBUG Servlet:62 - Servlet /mybank/user/guest/guest/guest/guest/guest/guest/guest/guest/guest/guest/guest/guest/guest/guest/guest/guest/guest/guest/guest/guest/guest/guest/guest/guest/guest/guest/guest/guest/guest/login_form
2019-08-01 23:36:27 DEBUG HomeCommand:20 - User GUEST
2019-08-01 23:36:27 DEBUG Servlet:70 - Redirecting to redirect:guest/login_form
2019-08-01 23:36:27 DEBUG AuthFilter:40 - URI /mybank/user/guest/guest/guest/guest/guest/guest/guest/guest/guest/guest/guest/guest/guest/guest/guest/guest/guest/guest/guest/guest/guest/guest/guest/guest/guest/guest/guest/guest/guest/guest/login_form
2019-08-01 23:36:27 DEBUG AuthFilter:42 - User 0has permission
2019-08-01 23:36:27 DEBUG Servlet:62 - Servlet /mybank/user/guest/guest/guest/guest/guest/guest/guest/guest/guest/guest/guest/guest/guest/guest/guest/guest/guest/guest/guest/guest/guest/guest/guest/guest/guest/guest/guest/guest/guest/guest/login_form
2019-08-01 23:36:27 DEBUG HomeCommand:20 - User GUEST
2019-08-01 23:36:27 DEBUG Servlet:70 - Redirecting to redirect:guest/login_form
2019-08-01 23:36:27 DEBUG AuthFilter:40 - URI /mybank/user/guest/guest/guest/guest/guest/guest/guest/guest/guest/guest/guest/guest/guest/guest/guest/guest/guest/guest/guest/guest/guest/guest/guest/guest/guest/guest/guest/guest/guest/guest/guest/login_form
2019-08-01 23:36:27 DEBUG AuthFilter:42 - User 0has permission
2019-08-01 23:36:27 DEBUG Servlet:62 - Servlet /mybank/user/guest/guest/guest/guest/guest/guest/guest/guest/guest/guest/guest/guest/guest/guest/guest/guest/guest/guest/guest/guest/guest/guest/guest/guest/guest/guest/guest/guest/guest/guest/guest/login_form
2019-08-01 23:36:27 DEBUG HomeCommand:20 - User GUEST
2019-08-01 23:36:27 DEBUG Servlet:70 - Redirecting to redirect:guest/login_form
2019-08-01 23:36:27 DEBUG AuthFilter:40 - URI /mybank/user/guest/guest/guest/guest/guest/guest/guest/guest/guest/guest/guest/guest/guest/guest/guest/guest/guest/guest/guest/guest/guest/guest/guest/guest/guest/guest/guest/guest/guest/guest/guest/guest/login_form
2019-08-01 23:36:27 DEBUG AuthFilter:42 - User 0has permission
2019-08-01 23:36:27 DEBUG Servlet:62 - Servlet /mybank/user/guest/guest/guest/guest/guest/guest/guest/guest/guest/guest/guest/guest/guest/guest/guest/guest/guest/guest/guest/guest/guest/guest/guest/guest/guest/guest/guest/guest/guest/guest/guest/guest/login_form
2019-08-01 23:36:27 DEBUG HomeCommand:20 - User GUEST
2019-08-01 23:36:27 DEBUG Servlet:70 - Redirecting to redirect:guest/login_form
2019-08-01 23:36:27 DEBUG AuthFilter:40 - URI /mybank/user/guest/guest/guest/guest/guest/guest/guest/guest/guest/guest/guest/guest/guest/guest/guest/guest/guest/guest/guest/guest/guest/guest/guest/guest/guest/guest/guest/guest/guest/guest/guest/guest/guest/login_form
2019-08-01 23:36:27 DEBUG AuthFilter:42 - User 0has permission
2019-08-01 23:36:27 DEBUG Servlet:62 - Servlet /mybank/user/guest/guest/guest/guest/guest/guest/guest/guest/guest/guest/guest/guest/guest/guest/guest/guest/guest/guest/guest/guest/guest/guest/guest/guest/guest/guest/guest/guest/guest/guest/guest/guest/guest/login_form
2019-08-01 23:36:27 DEBUG HomeCommand:20 - User GUEST
2019-08-01 23:36:27 DEBUG Servlet:70 - Redirecting to redirect:guest/login_form
2019-08-01 23:36:27 DEBUG AuthFilter:40 - URI /mybank/user/guest/guest/guest/guest/guest/guest/guest/guest/guest/guest/guest/guest/guest/guest/guest/guest/guest/guest/guest/guest/guest/guest/guest/guest/guest/guest/guest/guest/guest/guest/guest/guest/guest/guest/login_form
2019-08-01 23:36:27 DEBUG AuthFilter:42 - User 0has permission
2019-08-01 23:36:27 DEBUG Servlet:62 - Servlet /mybank/user/guest/guest/guest/guest/guest/guest/guest/guest/guest/guest/guest/guest/guest/guest/guest/guest/guest/guest/guest/guest/guest/guest/guest/guest/guest/guest/guest/guest/guest/guest/guest/guest/guest/guest/login_form
2019-08-01 23:36:27 DEBUG HomeCommand:20 - User GUEST
2019-08-01 23:36:27 DEBUG Servlet:70 - Redirecting to redirect:guest/login_form
2019-08-01 23:36:27 DEBUG AuthFilter:40 - URI /mybank/user/guest/guest/guest/guest/guest/guest/guest/guest/guest/guest/guest/guest/guest/guest/guest/guest/guest/guest/guest/guest/guest/guest/guest/guest/guest/guest/guest/guest/guest/guest/guest/guest/guest/guest/guest/login_form
2019-08-01 23:36:27 DEBUG AuthFilter:42 - User 0has permission
2019-08-01 23:36:27 DEBUG Servlet:62 - Servlet /mybank/user/guest/guest/guest/guest/guest/guest/guest/guest/guest/guest/guest/guest/guest/guest/guest/guest/guest/guest/guest/guest/guest/guest/guest/guest/guest/guest/guest/guest/guest/guest/guest/guest/guest/guest/guest/login_form
2019-08-01 23:36:27 DEBUG HomeCommand:20 - User GUEST
2019-08-01 23:36:27 DEBUG Servlet:70 - Redirecting to redirect:guest/login_form
2019-08-01 23:36:27 DEBUG AuthFilter:40 - URI /mybank/user/guest/guest/guest/guest/guest/guest/guest/guest/guest/guest/guest/guest/guest/guest/guest/guest/guest/guest/guest/guest/guest/guest/guest/guest/guest/guest/guest/guest/guest/guest/guest/guest/guest/guest/guest/guest/login_form
2019-08-01 23:36:27 DEBUG AuthFilter:42 - User 0has permission
2019-08-01 23:36:27 DEBUG Servlet:62 - Servlet /mybank/user/guest/guest/guest/guest/guest/guest/guest/guest/guest/guest/guest/guest/guest/guest/guest/guest/guest/guest/guest/guest/guest/guest/guest/guest/guest/guest/guest/guest/guest/guest/guest/guest/guest/guest/guest/guest/login_form
2019-08-01 23:36:27 DEBUG HomeCommand:20 - User GUEST
2019-08-01 23:36:27 DEBUG Servlet:70 - Redirecting to redirect:guest/login_form
2019-08-01 23:36:27 DEBUG AuthFilter:40 - URI /mybank/user/guest/guest/guest/guest/guest/guest/guest/guest/guest/guest/guest/guest/guest/guest/guest/guest/guest/guest/guest/guest/guest/guest/guest/guest/guest/guest/guest/guest/guest/guest/guest/guest/guest/guest/guest/guest/guest/login_form
2019-08-01 23:36:27 DEBUG AuthFilter:42 - User 0has permission
2019-08-01 23:36:27 DEBUG Servlet:62 - Servlet /mybank/user/guest/guest/guest/guest/guest/guest/guest/guest/guest/guest/guest/guest/guest/guest/guest/guest/guest/guest/guest/guest/guest/guest/guest/guest/guest/guest/guest/guest/guest/guest/guest/guest/guest/guest/guest/guest/guest/login_form
2019-08-01 23:36:27 DEBUG HomeCommand:20 - User GUEST
2019-08-01 23:36:27 DEBUG Servlet:70 - Redirecting to redirect:guest/login_form
2019-08-01 23:36:27 DEBUG AuthFilter:40 - URI /mybank/user/guest/guest/guest/guest/guest/guest/guest/guest/guest/guest/guest/guest/guest/guest/guest/guest/guest/guest/guest/guest/guest/guest/guest/guest/guest/guest/guest/guest/guest/guest/guest/guest/guest/guest/guest/guest/guest/guest/login_form
2019-08-01 23:36:27 DEBUG AuthFilter:42 - User 0has permission
2019-08-01 23:36:27 DEBUG Servlet:62 - Servlet /mybank/user/guest/guest/guest/guest/guest/guest/guest/guest/guest/guest/guest/guest/guest/guest/guest/guest/guest/guest/guest/guest/guest/guest/guest/guest/guest/guest/guest/guest/guest/guest/guest/guest/guest/guest/guest/guest/guest/guest/login_form
2019-08-01 23:36:27 DEBUG HomeCommand:20 - User GUEST
2019-08-01 23:36:27 DEBUG Servlet:70 - Redirecting to redirect:guest/login_form
2019-08-01 23:36:39 DEBUG AuthFilter:40 - URI /mybank/
2019-08-01 23:36:39 DEBUG AuthFilter:42 - User 0has permission
2019-08-01 23:36:40 DEBUG AuthFilter:40 - URI /mybank/home;jsessionid=AA90292F87AACEE53E110589B77EFDF3
2019-08-01 23:36:40 DEBUG AuthFilter:45 - User 0does not have permission
2019-08-01 23:36:40 DEBUG AuthFilter:40 - URI /mybank/
2019-08-01 23:36:40 DEBUG AuthFilter:42 - User 0has permission
2019-08-01 23:36:40 DEBUG AuthFilter:40 - URI /mybank/home
2019-08-01 23:36:40 DEBUG AuthFilter:42 - User 0has permission
2019-08-01 23:36:40 DEBUG Servlet:62 - Servlet /mybank/home
2019-08-01 23:36:40 DEBUG HomeCommand:20 - User GUEST
2019-08-01 23:36:40 DEBUG Servlet:70 - Redirecting to redirect:guest/login_form
2019-08-01 23:36:40 DEBUG AuthFilter:40 - URI /mybank/guest/login_form
2019-08-01 23:36:40 DEBUG AuthFilter:42 - User 0has permission
2019-08-01 23:36:40 DEBUG Servlet:62 - Servlet /mybank/guest/login_form
2019-08-01 23:36:40 DEBUG Servlet:73 - Forwarding to /WEB-INF/jsp/guest/loginForm.jsp
2019-08-01 23:36:44 DEBUG AuthFilter:40 - URI /mybank/guest/login
2019-08-01 23:36:44 DEBUG AuthFilter:42 - User 0has permission
2019-08-01 23:36:44 DEBUG Servlet:62 - Servlet /mybank/guest/login
2019-08-01 23:36:44 DEBUG LoginCommand:54 - User USER
2019-08-01 23:36:44 DEBUG Servlet:70 - Redirecting to redirect:/mybank/home
2019-08-01 23:36:44 DEBUG AuthFilter:40 - URI /mybank/home
2019-08-01 23:36:44 DEBUG AuthFilter:42 - User 0has permission
2019-08-01 23:36:44 DEBUG Servlet:62 - Servlet /mybank/home
2019-08-01 23:36:44 DEBUG HomeCommand:20 - User USER
2019-08-01 23:36:44 DEBUG Servlet:70 - Redirecting to redirect:user/home
2019-08-01 23:36:44 DEBUG AuthFilter:40 - URI /mybank/user/home
2019-08-01 23:36:44 DEBUG AuthFilter:42 - User 0has permission
2019-08-01 23:36:44 DEBUG Servlet:62 - Servlet /mybank/user/home
2019-08-01 23:36:44 DEBUG Servlet:73 - Forwarding to /WEB-INF/jsp/user/userHome.jsp
2019-08-01 23:36:45 DEBUG AuthFilter:40 - URI /mybank/user/logout
2019-08-01 23:36:45 DEBUG AuthFilter:42 - User 0has permission
2019-08-01 23:36:45 DEBUG Servlet:62 - Servlet /mybank/user/logout
2019-08-01 23:36:45 DEBUG Servlet:73 - Forwarding to guest/login_form
2019-08-01 23:36:45 DEBUG Servlet:62 - Servlet /mybank/user/guest/login_form
2019-08-01 23:36:45 DEBUG HomeCommand:20 - User GUEST
2019-08-01 23:36:45 DEBUG Servlet:70 - Redirecting to redirect:guest/login_form
2019-08-01 23:36:45 DEBUG AuthFilter:40 - URI /mybank/user/guest/login_form
2019-08-01 23:36:45 DEBUG AuthFilter:42 - User 0has permission
2019-08-01 23:36:45 DEBUG Servlet:62 - Servlet /mybank/user/guest/login_form
2019-08-01 23:36:45 DEBUG HomeCommand:20 - User GUEST
2019-08-01 23:36:45 DEBUG Servlet:70 - Redirecting to redirect:guest/login_form
2019-08-01 23:36:45 DEBUG AuthFilter:40 - URI /mybank/user/guest/guest/login_form
2019-08-01 23:36:45 DEBUG AuthFilter:42 - User 0has permission
2019-08-01 23:36:45 DEBUG Servlet:62 - Servlet /mybank/user/guest/guest/login_form
2019-08-01 23:36:45 DEBUG HomeCommand:20 - User GUEST
2019-08-01 23:36:45 DEBUG Servlet:70 - Redirecting to redirect:guest/login_form
2019-08-01 23:36:45 DEBUG AuthFilter:40 - URI /mybank/user/guest/guest/guest/login_form
2019-08-01 23:36:45 DEBUG AuthFilter:42 - User 0has permission
2019-08-01 23:36:45 DEBUG Servlet:62 - Servlet /mybank/user/guest/guest/guest/login_form
2019-08-01 23:36:45 DEBUG HomeCommand:20 - User GUEST
2019-08-01 23:36:45 DEBUG Servlet:70 - Redirecting to redirect:guest/login_form
2019-08-01 23:36:45 DEBUG AuthFilter:40 - URI /mybank/user/guest/guest/guest/guest/login_form
2019-08-01 23:36:45 DEBUG AuthFilter:42 - User 0has permission
2019-08-01 23:36:45 DEBUG Servlet:62 - Servlet /mybank/user/guest/guest/guest/guest/login_form
2019-08-01 23:36:45 DEBUG HomeCommand:20 - User GUEST
2019-08-01 23:36:45 DEBUG Servlet:70 - Redirecting to redirect:guest/login_form
2019-08-01 23:36:45 DEBUG AuthFilter:40 - URI /mybank/user/guest/guest/guest/guest/guest/login_form
2019-08-01 23:36:45 DEBUG AuthFilter:42 - User 0has permission
2019-08-01 23:36:45 DEBUG Servlet:62 - Servlet /mybank/user/guest/guest/guest/guest/guest/login_form
2019-08-01 23:36:45 DEBUG HomeCommand:20 - User GUEST
2019-08-01 23:36:45 DEBUG Servlet:70 - Redirecting to redirect:guest/login_form
2019-08-01 23:36:45 DEBUG AuthFilter:40 - URI /mybank/user/guest/guest/guest/guest/guest/guest/login_form
2019-08-01 23:36:45 DEBUG AuthFilter:42 - User 0has permission
2019-08-01 23:36:45 DEBUG Servlet:62 - Servlet /mybank/user/guest/guest/guest/guest/guest/guest/login_form
2019-08-01 23:36:45 DEBUG HomeCommand:20 - User GUEST
2019-08-01 23:36:45 DEBUG Servlet:70 - Redirecting to redirect:guest/login_form
2019-08-01 23:36:45 DEBUG AuthFilter:40 - URI /mybank/user/guest/guest/guest/guest/guest/guest/guest/login_form
2019-08-01 23:36:45 DEBUG AuthFilter:42 - User 0has permission
2019-08-01 23:36:45 DEBUG Servlet:62 - Servlet /mybank/user/guest/guest/guest/guest/guest/guest/guest/login_form
2019-08-01 23:36:45 DEBUG HomeCommand:20 - User GUEST
2019-08-01 23:36:45 DEBUG Servlet:70 - Redirecting to redirect:guest/login_form
2019-08-01 23:36:45 DEBUG AuthFilter:40 - URI /mybank/user/guest/guest/guest/guest/guest/guest/guest/guest/login_form
2019-08-01 23:36:45 DEBUG AuthFilter:42 - User 0has permission
2019-08-01 23:36:45 DEBUG Servlet:62 - Servlet /mybank/user/guest/guest/guest/guest/guest/guest/guest/guest/login_form
2019-08-01 23:36:45 DEBUG HomeCommand:20 - User GUEST
2019-08-01 23:36:45 DEBUG Servlet:70 - Redirecting to redirect:guest/login_form
2019-08-01 23:36:45 DEBUG AuthFilter:40 - URI /mybank/user/guest/guest/guest/guest/guest/guest/guest/guest/guest/login_form
2019-08-01 23:36:45 DEBUG AuthFilter:42 - User 0has permission
2019-08-01 23:36:45 DEBUG Servlet:62 - Servlet /mybank/user/guest/guest/guest/guest/guest/guest/guest/guest/guest/login_form
2019-08-01 23:36:45 DEBUG HomeCommand:20 - User GUEST
2019-08-01 23:36:45 DEBUG Servlet:70 - Redirecting to redirect:guest/login_form
2019-08-01 23:36:45 DEBUG AuthFilter:40 - URI /mybank/user/guest/guest/guest/guest/guest/guest/guest/guest/guest/guest/login_form
2019-08-01 23:36:45 DEBUG AuthFilter:42 - User 0has permission
2019-08-01 23:36:45 DEBUG Servlet:62 - Servlet /mybank/user/guest/guest/guest/guest/guest/guest/guest/guest/guest/guest/login_form
2019-08-01 23:36:45 DEBUG HomeCommand:20 - User GUEST
2019-08-01 23:36:45 DEBUG Servlet:70 - Redirecting to redirect:guest/login_form
2019-08-01 23:36:45 DEBUG AuthFilter:40 - URI /mybank/user/guest/guest/guest/guest/guest/guest/guest/guest/guest/guest/guest/login_form
2019-08-01 23:36:45 DEBUG AuthFilter:42 - User 0has permission
2019-08-01 23:36:45 DEBUG Servlet:62 - Servlet /mybank/user/guest/guest/guest/guest/guest/guest/guest/guest/guest/guest/guest/login_form
2019-08-01 23:36:45 DEBUG HomeCommand:20 - User GUEST
2019-08-01 23:36:45 DEBUG Servlet:70 - Redirecting to redirect:guest/login_form
2019-08-01 23:36:45 DEBUG AuthFilter:40 - URI /mybank/user/guest/guest/guest/guest/guest/guest/guest/guest/guest/guest/guest/guest/login_form
2019-08-01 23:36:45 DEBUG AuthFilter:42 - User 0has permission
2019-08-01 23:36:45 DEBUG Servlet:62 - Servlet /mybank/user/guest/guest/guest/guest/guest/guest/guest/guest/guest/guest/guest/guest/login_form
2019-08-01 23:36:45 DEBUG HomeCommand:20 - User GUEST
2019-08-01 23:36:45 DEBUG Servlet:70 - Redirecting to redirect:guest/login_form
2019-08-01 23:36:45 DEBUG AuthFilter:40 - URI /mybank/user/guest/guest/guest/guest/guest/guest/guest/guest/guest/guest/guest/guest/guest/login_form
2019-08-01 23:36:45 DEBUG AuthFilter:42 - User 0has permission
2019-08-01 23:36:45 DEBUG Servlet:62 - Servlet /mybank/user/guest/guest/guest/guest/guest/guest/guest/guest/guest/guest/guest/guest/guest/login_form
2019-08-01 23:36:45 DEBUG HomeCommand:20 - User GUEST
2019-08-01 23:36:45 DEBUG Servlet:70 - Redirecting to redirect:guest/login_form
2019-08-01 23:36:45 DEBUG AuthFilter:40 - URI /mybank/user/guest/guest/guest/guest/guest/guest/guest/guest/guest/guest/guest/guest/guest/guest/login_form
2019-08-01 23:36:45 DEBUG AuthFilter:42 - User 0has permission
2019-08-01 23:36:45 DEBUG Servlet:62 - Servlet /mybank/user/guest/guest/guest/guest/guest/guest/guest/guest/guest/guest/guest/guest/guest/guest/login_form
2019-08-01 23:36:45 DEBUG HomeCommand:20 - User GUEST
2019-08-01 23:36:45 DEBUG Servlet:70 - Redirecting to redirect:guest/login_form
2019-08-01 23:36:45 DEBUG AuthFilter:40 - URI /mybank/user/guest/guest/guest/guest/guest/guest/guest/guest/guest/guest/guest/guest/guest/guest/guest/login_form
2019-08-01 23:36:45 DEBUG AuthFilter:42 - User 0has permission
2019-08-01 23:36:45 DEBUG Servlet:62 - Servlet /mybank/user/guest/guest/guest/guest/guest/guest/guest/guest/guest/guest/guest/guest/guest/guest/guest/login_form
2019-08-01 23:36:45 DEBUG HomeCommand:20 - User GUEST
2019-08-01 23:36:45 DEBUG Servlet:70 - Redirecting to redirect:guest/login_form
2019-08-01 23:36:45 DEBUG AuthFilter:40 - URI /mybank/user/guest/guest/guest/guest/guest/guest/guest/guest/guest/guest/guest/guest/guest/guest/guest/guest/login_form
2019-08-01 23:36:45 DEBUG AuthFilter:42 - User 0has permission
2019-08-01 23:36:45 DEBUG Servlet:62 - Servlet /mybank/user/guest/guest/guest/guest/guest/guest/guest/guest/guest/guest/guest/guest/guest/guest/guest/guest/login_form
2019-08-01 23:36:45 DEBUG HomeCommand:20 - User GUEST
2019-08-01 23:36:45 DEBUG Servlet:70 - Redirecting to redirect:guest/login_form
2019-08-01 23:36:45 DEBUG AuthFilter:40 - URI /mybank/user/guest/guest/guest/guest/guest/guest/guest/guest/guest/guest/guest/guest/guest/guest/guest/guest/guest/login_form
2019-08-01 23:36:45 DEBUG AuthFilter:42 - User 0has permission
2019-08-01 23:36:45 DEBUG Servlet:62 - Servlet /mybank/user/guest/guest/guest/guest/guest/guest/guest/guest/guest/guest/guest/guest/guest/guest/guest/guest/guest/login_form
2019-08-01 23:36:45 DEBUG HomeCommand:20 - User GUEST
2019-08-01 23:36:45 DEBUG Servlet:70 - Redirecting to redirect:guest/login_form
2019-08-01 23:36:45 DEBUG AuthFilter:40 - URI /mybank/user/guest/guest/guest/guest/guest/guest/guest/guest/guest/guest/guest/guest/guest/guest/guest/guest/guest/guest/login_form
2019-08-01 23:36:45 DEBUG AuthFilter:42 - User 0has permission
2019-08-01 23:36:45 DEBUG Servlet:62 - Servlet /mybank/user/guest/guest/guest/guest/guest/guest/guest/guest/guest/guest/guest/guest/guest/guest/guest/guest/guest/guest/login_form
2019-08-01 23:36:45 DEBUG HomeCommand:20 - User GUEST
2019-08-01 23:36:45 DEBUG Servlet:70 - Redirecting to redirect:guest/login_form
2019-08-01 23:36:45 DEBUG AuthFilter:40 - URI /mybank/user/guest/guest/guest/guest/guest/guest/guest/guest/guest/guest/guest/guest/guest/guest/guest/guest/guest/guest/guest/login_form
2019-08-01 23:36:45 DEBUG AuthFilter:42 - User 0has permission
2019-08-01 23:36:45 DEBUG Servlet:62 - Servlet /mybank/user/guest/guest/guest/guest/guest/guest/guest/guest/guest/guest/guest/guest/guest/guest/guest/guest/guest/guest/guest/login_form
2019-08-01 23:36:45 DEBUG HomeCommand:20 - User GUEST
2019-08-01 23:36:45 DEBUG Servlet:70 - Redirecting to redirect:guest/login_form
2019-08-01 23:36:45 DEBUG AuthFilter:40 - URI /mybank/user/guest/guest/guest/guest/guest/guest/guest/guest/guest/guest/guest/guest/guest/guest/guest/guest/guest/guest/guest/login_form
2019-08-01 23:36:45 DEBUG AuthFilter:42 - User 0has permission
2019-08-01 23:36:45 DEBUG Servlet:62 - Servlet /mybank/user/guest/guest/guest/guest/guest/guest/guest/guest/guest/guest/guest/guest/guest/guest/guest/guest/guest/guest/guest/login_form
2019-08-01 23:36:45 DEBUG HomeCommand:20 - User GUEST
2019-08-01 23:36:45 DEBUG Servlet:70 - Redirecting to redirect:guest/login_form
2019-08-01 23:36:45 DEBUG AuthFilter:40 - URI /mybank/user/guest/guest/guest/guest/guest/guest/guest/guest/guest/guest/guest/guest/guest/guest/guest/guest/guest/guest/guest/guest/login_form
2019-08-01 23:36:45 DEBUG AuthFilter:42 - User 0has permission
2019-08-01 23:36:45 DEBUG Servlet:62 - Servlet /mybank/user/guest/guest/guest/guest/guest/guest/guest/guest/guest/guest/guest/guest/guest/guest/guest/guest/guest/guest/guest/guest/login_form
2019-08-01 23:36:45 DEBUG HomeCommand:20 - User GUEST
2019-08-01 23:36:45 DEBUG Servlet:70 - Redirecting to redirect:guest/login_form
2019-08-01 23:36:45 DEBUG AuthFilter:40 - URI /mybank/user/guest/guest/guest/guest/guest/guest/guest/guest/guest/guest/guest/guest/guest/guest/guest/guest/guest/guest/guest/guest/guest/login_form
2019-08-01 23:36:45 DEBUG AuthFilter:42 - User 0has permission
2019-08-01 23:36:45 DEBUG Servlet:62 - Servlet /mybank/user/guest/guest/guest/guest/guest/guest/guest/guest/guest/guest/guest/guest/guest/guest/guest/guest/guest/guest/guest/guest/guest/login_form
2019-08-01 23:36:45 DEBUG HomeCommand:20 - User GUEST
2019-08-01 23:36:45 DEBUG Servlet:70 - Redirecting to redirect:guest/login_form
2019-08-01 23:36:45 DEBUG AuthFilter:40 - URI /mybank/user/guest/guest/guest/guest/guest/guest/guest/guest/guest/guest/guest/guest/guest/guest/guest/guest/guest/guest/guest/guest/guest/guest/login_form
2019-08-01 23:36:45 DEBUG AuthFilter:42 - User 0has permission
2019-08-01 23:36:45 DEBUG Servlet:62 - Servlet /mybank/user/guest/guest/guest/guest/guest/guest/guest/guest/guest/guest/guest/guest/guest/guest/guest/guest/guest/guest/guest/guest/guest/guest/login_form
2019-08-01 23:36:45 DEBUG HomeCommand:20 - User GUEST
2019-08-01 23:36:45 DEBUG Servlet:70 - Redirecting to redirect:guest/login_form
2019-08-01 23:36:45 DEBUG AuthFilter:40 - URI /mybank/user/guest/guest/guest/guest/guest/guest/guest/guest/guest/guest/guest/guest/guest/guest/guest/guest/guest/guest/guest/guest/guest/guest/guest/login_form
2019-08-01 23:36:45 DEBUG AuthFilter:42 - User 0has permission
2019-08-01 23:36:45 DEBUG Servlet:62 - Servlet /mybank/user/guest/guest/guest/guest/guest/guest/guest/guest/guest/guest/guest/guest/guest/guest/guest/guest/guest/guest/guest/guest/guest/guest/guest/login_form
2019-08-01 23:36:45 DEBUG HomeCommand:20 - User GUEST
2019-08-01 23:36:45 DEBUG Servlet:70 - Redirecting to redirect:guest/login_form
2019-08-01 23:36:45 DEBUG AuthFilter:40 - URI /mybank/user/guest/guest/guest/guest/guest/guest/guest/guest/guest/guest/guest/guest/guest/guest/guest/guest/guest/guest/guest/guest/guest/guest/guest/guest/login_form
2019-08-01 23:36:45 DEBUG AuthFilter:42 - User 0has permission
2019-08-01 23:36:45 DEBUG Servlet:62 - Servlet /mybank/user/guest/guest/guest/guest/guest/guest/guest/guest/guest/guest/guest/guest/guest/guest/guest/guest/guest/guest/guest/guest/guest/guest/guest/guest/login_form
2019-08-01 23:36:45 DEBUG HomeCommand:20 - User GUEST
2019-08-01 23:36:45 DEBUG Servlet:70 - Redirecting to redirect:guest/login_form
2019-08-01 23:36:45 DEBUG AuthFilter:40 - URI /mybank/user/guest/guest/guest/guest/guest/guest/guest/guest/guest/guest/guest/guest/guest/guest/guest/guest/guest/guest/guest/guest/guest/guest/guest/guest/guest/login_form
2019-08-01 23:36:45 DEBUG AuthFilter:42 - User 0has permission
2019-08-01 23:36:45 DEBUG Servlet:62 - Servlet /mybank/user/guest/guest/guest/guest/guest/guest/guest/guest/guest/guest/guest/guest/guest/guest/guest/guest/guest/guest/guest/guest/guest/guest/guest/guest/guest/login_form
2019-08-01 23:36:45 DEBUG HomeCommand:20 - User GUEST
2019-08-01 23:36:45 DEBUG Servlet:70 - Redirecting to redirect:guest/login_form
2019-08-01 23:36:45 DEBUG AuthFilter:40 - URI /mybank/user/guest/guest/guest/guest/guest/guest/guest/guest/guest/guest/guest/guest/guest/guest/guest/guest/guest/guest/guest/guest/guest/guest/guest/guest/guest/guest/login_form
2019-08-01 23:36:45 DEBUG AuthFilter:42 - User 0has permission
2019-08-01 23:36:45 DEBUG Servlet:62 - Servlet /mybank/user/guest/guest/guest/guest/guest/guest/guest/guest/guest/guest/guest/guest/guest/guest/guest/guest/guest/guest/guest/guest/guest/guest/guest/guest/guest/guest/login_form
2019-08-01 23:36:45 DEBUG HomeCommand:20 - User GUEST
2019-08-01 23:36:45 DEBUG Servlet:70 - Redirecting to redirect:guest/login_form
2019-08-01 23:36:45 DEBUG AuthFilter:40 - URI /mybank/user/guest/guest/guest/guest/guest/guest/guest/guest/guest/guest/guest/guest/guest/guest/guest/guest/guest/guest/guest/guest/guest/guest/guest/guest/guest/guest/guest/login_form
2019-08-01 23:36:45 DEBUG AuthFilter:42 - User 0has permission
2019-08-01 23:36:45 DEBUG Servlet:62 - Servlet /mybank/user/guest/guest/guest/guest/guest/guest/guest/guest/guest/guest/guest/guest/guest/guest/guest/guest/guest/guest/guest/guest/guest/guest/guest/guest/guest/guest/guest/login_form
2019-08-01 23:36:45 DEBUG HomeCommand:20 - User GUEST
2019-08-01 23:36:45 DEBUG Servlet:70 - Redirecting to redirect:guest/login_form
2019-08-01 23:36:45 DEBUG AuthFilter:40 - URI /mybank/user/guest/guest/guest/guest/guest/guest/guest/guest/guest/guest/guest/guest/guest/guest/guest/guest/guest/guest/guest/guest/guest/guest/guest/guest/guest/guest/guest/guest/login_form
2019-08-01 23:36:45 DEBUG AuthFilter:42 - User 0has permission
2019-08-01 23:36:45 DEBUG Servlet:62 - Servlet /mybank/user/guest/guest/guest/guest/guest/guest/guest/guest/guest/guest/guest/guest/guest/guest/guest/guest/guest/guest/guest/guest/guest/guest/guest/guest/guest/guest/guest/guest/login_form
2019-08-01 23:36:45 DEBUG HomeCommand:20 - User GUEST
2019-08-01 23:36:45 DEBUG Servlet:70 - Redirecting to redirect:guest/login_form
2019-08-01 23:36:45 DEBUG AuthFilter:40 - URI /mybank/user/guest/guest/guest/guest/guest/guest/guest/guest/guest/guest/guest/guest/guest/guest/guest/guest/guest/guest/guest/guest/guest/guest/guest/guest/guest/guest/guest/guest/guest/login_form
2019-08-01 23:36:45 DEBUG AuthFilter:42 - User 0has permission
2019-08-01 23:36:45 DEBUG Servlet:62 - Servlet /mybank/user/guest/guest/guest/guest/guest/guest/guest/guest/guest/guest/guest/guest/guest/guest/guest/guest/guest/guest/guest/guest/guest/guest/guest/guest/guest/guest/guest/guest/guest/login_form
2019-08-01 23:36:45 DEBUG HomeCommand:20 - User GUEST
2019-08-01 23:36:45 DEBUG Servlet:70 - Redirecting to redirect:guest/login_form
2019-08-01 23:36:45 DEBUG AuthFilter:40 - URI /mybank/user/guest/guest/guest/guest/guest/guest/guest/guest/guest/guest/guest/guest/guest/guest/guest/guest/guest/guest/guest/guest/guest/guest/guest/guest/guest/guest/guest/guest/guest/guest/login_form
2019-08-01 23:36:45 DEBUG AuthFilter:42 - User 0has permission
2019-08-01 23:36:45 DEBUG Servlet:62 - Servlet /mybank/user/guest/guest/guest/guest/guest/guest/guest/guest/guest/guest/guest/guest/guest/guest/guest/guest/guest/guest/guest/guest/guest/guest/guest/guest/guest/guest/guest/guest/guest/guest/login_form
2019-08-01 23:36:45 DEBUG HomeCommand:20 - User GUEST
2019-08-01 23:36:45 DEBUG Servlet:70 - Redirecting to redirect:guest/login_form
2019-08-01 23:36:45 DEBUG AuthFilter:40 - URI /mybank/user/guest/guest/guest/guest/guest/guest/guest/guest/guest/guest/guest/guest/guest/guest/guest/guest/guest/guest/guest/guest/guest/guest/guest/guest/guest/guest/guest/guest/guest/guest/guest/login_form
2019-08-01 23:36:45 DEBUG AuthFilter:42 - User 0has permission
2019-08-01 23:36:45 DEBUG Servlet:62 - Servlet /mybank/user/guest/guest/guest/guest/guest/guest/guest/guest/guest/guest/guest/guest/guest/guest/guest/guest/guest/guest/guest/guest/guest/guest/guest/guest/guest/guest/guest/guest/guest/guest/guest/login_form
2019-08-01 23:36:45 DEBUG HomeCommand:20 - User GUEST
2019-08-01 23:36:45 DEBUG Servlet:70 - Redirecting to redirect:guest/login_form
2019-08-01 23:36:45 DEBUG AuthFilter:40 - URI /mybank/user/guest/guest/guest/guest/guest/guest/guest/guest/guest/guest/guest/guest/guest/guest/guest/guest/guest/guest/guest/guest/guest/guest/guest/guest/guest/guest/guest/guest/guest/guest/guest/guest/login_form
2019-08-01 23:36:45 DEBUG AuthFilter:42 - User 0has permission
2019-08-01 23:36:45 DEBUG Servlet:62 - Servlet /mybank/user/guest/guest/guest/guest/guest/guest/guest/guest/guest/guest/guest/guest/guest/guest/guest/guest/guest/guest/guest/guest/guest/guest/guest/guest/guest/guest/guest/guest/guest/guest/guest/guest/login_form
2019-08-01 23:36:45 DEBUG HomeCommand:20 - User GUEST
2019-08-01 23:36:45 DEBUG Servlet:70 - Redirecting to redirect:guest/login_form
2019-08-01 23:36:45 DEBUG AuthFilter:40 - URI /mybank/user/guest/guest/guest/guest/guest/guest/guest/guest/guest/guest/guest/guest/guest/guest/guest/guest/guest/guest/guest/guest/guest/guest/guest/guest/guest/guest/guest/guest/guest/guest/guest/guest/guest/login_form
2019-08-01 23:36:45 DEBUG AuthFilter:42 - User 0has permission
2019-08-01 23:36:45 DEBUG Servlet:62 - Servlet /mybank/user/guest/guest/guest/guest/guest/guest/guest/guest/guest/guest/guest/guest/guest/guest/guest/guest/guest/guest/guest/guest/guest/guest/guest/guest/guest/guest/guest/guest/guest/guest/guest/guest/guest/login_form
2019-08-01 23:36:45 DEBUG HomeCommand:20 - User GUEST
2019-08-01 23:36:45 DEBUG Servlet:70 - Redirecting to redirect:guest/login_form
2019-08-01 23:36:45 DEBUG AuthFilter:40 - URI /mybank/user/guest/guest/guest/guest/guest/guest/guest/guest/guest/guest/guest/guest/guest/guest/guest/guest/guest/guest/guest/guest/guest/guest/guest/guest/guest/guest/guest/guest/guest/guest/guest/guest/guest/guest/login_form
2019-08-01 23:36:45 DEBUG AuthFilter:42 - User 0has permission
2019-08-01 23:36:45 DEBUG Servlet:62 - Servlet /mybank/user/guest/guest/guest/guest/guest/guest/guest/guest/guest/guest/guest/guest/guest/guest/guest/guest/guest/guest/guest/guest/guest/guest/guest/guest/guest/guest/guest/guest/guest/guest/guest/guest/guest/guest/login_form
2019-08-01 23:36:45 DEBUG HomeCommand:20 - User GUEST
2019-08-01 23:36:45 DEBUG Servlet:70 - Redirecting to redirect:guest/login_form
2019-08-01 23:36:45 DEBUG AuthFilter:40 - URI /mybank/user/guest/guest/guest/guest/guest/guest/guest/guest/guest/guest/guest/guest/guest/guest/guest/guest/guest/guest/guest/guest/guest/guest/guest/guest/guest/guest/guest/guest/guest/guest/guest/guest/guest/guest/guest/login_form
2019-08-01 23:36:45 DEBUG AuthFilter:42 - User 0has permission
2019-08-01 23:36:45 DEBUG Servlet:62 - Servlet /mybank/user/guest/guest/guest/guest/guest/guest/guest/guest/guest/guest/guest/guest/guest/guest/guest/guest/guest/guest/guest/guest/guest/guest/guest/guest/guest/guest/guest/guest/guest/guest/guest/guest/guest/guest/guest/login_form
2019-08-01 23:36:45 DEBUG HomeCommand:20 - User GUEST
2019-08-01 23:36:45 DEBUG Servlet:70 - Redirecting to redirect:guest/login_form
2019-08-01 23:36:45 DEBUG AuthFilter:40 - URI /mybank/user/guest/guest/guest/guest/guest/guest/guest/guest/guest/guest/guest/guest/guest/guest/guest/guest/guest/guest/guest/guest/guest/guest/guest/guest/guest/guest/guest/guest/guest/guest/guest/guest/guest/guest/guest/guest/login_form
2019-08-01 23:36:45 DEBUG AuthFilter:42 - User 0has permission
2019-08-01 23:36:45 DEBUG Servlet:62 - Servlet /mybank/user/guest/guest/guest/guest/guest/guest/guest/guest/guest/guest/guest/guest/guest/guest/guest/guest/guest/guest/guest/guest/guest/guest/guest/guest/guest/guest/guest/guest/guest/guest/guest/guest/guest/guest/guest/guest/login_form
2019-08-01 23:36:45 DEBUG HomeCommand:20 - User GUEST
2019-08-01 23:36:45 DEBUG Servlet:70 - Redirecting to redirect:guest/login_form
2019-08-01 23:36:45 DEBUG AuthFilter:40 - URI /mybank/user/guest/guest/guest/guest/guest/guest/guest/guest/guest/guest/guest/guest/guest/guest/guest/guest/guest/guest/guest/guest/guest/guest/guest/guest/guest/guest/guest/guest/guest/guest/guest/guest/guest/guest/guest/guest/guest/login_form
2019-08-01 23:36:45 DEBUG AuthFilter:42 - User 0has permission
2019-08-01 23:36:45 DEBUG Servlet:62 - Servlet /mybank/user/guest/guest/guest/guest/guest/guest/guest/guest/guest/guest/guest/guest/guest/guest/guest/guest/guest/guest/guest/guest/guest/guest/guest/guest/guest/guest/guest/guest/guest/guest/guest/guest/guest/guest/guest/guest/guest/login_form
2019-08-01 23:36:45 DEBUG HomeCommand:20 - User GUEST
2019-08-01 23:36:45 DEBUG Servlet:70 - Redirecting to redirect:guest/login_form
2019-08-01 23:36:45 DEBUG AuthFilter:40 - URI /mybank/user/guest/guest/guest/guest/guest/guest/guest/guest/guest/guest/guest/guest/guest/guest/guest/guest/guest/guest/guest/guest/guest/guest/guest/guest/guest/guest/guest/guest/guest/guest/guest/guest/guest/guest/guest/guest/guest/guest/login_form
2019-08-01 23:36:45 DEBUG AuthFilter:42 - User 0has permission
2019-08-01 23:36:45 DEBUG Servlet:62 - Servlet /mybank/user/guest/guest/guest/guest/guest/guest/guest/guest/guest/guest/guest/guest/guest/guest/guest/guest/guest/guest/guest/guest/guest/guest/guest/guest/guest/guest/guest/guest/guest/guest/guest/guest/guest/guest/guest/guest/guest/guest/login_form
2019-08-01 23:36:45 DEBUG HomeCommand:20 - User GUEST
2019-08-01 23:36:45 DEBUG Servlet:70 - Redirecting to redirect:guest/login_form
2019-08-01 23:36:50 DEBUG AuthFilter:40 - URI /mybank/user/guest/guest/guest/guest/guest/guest/guest/guest/guest/guest/guest/guest/guest/guest/guest/guest/guest/guest/guest/login_form
2019-08-01 23:36:50 DEBUG AuthFilter:42 - User 0has permission
2019-08-01 23:36:50 DEBUG Servlet:62 - Servlet /mybank/user/guest/guest/guest/guest/guest/guest/guest/guest/guest/guest/guest/guest/guest/guest/guest/guest/guest/guest/guest/login_form
2019-08-01 23:36:50 DEBUG HomeCommand:20 - User GUEST
2019-08-01 23:36:50 DEBUG Servlet:70 - Redirecting to redirect:guest/login_form
2019-08-01 23:36:50 DEBUG AuthFilter:40 - URI /mybank/user/guest/guest/guest/guest/guest/guest/guest/guest/guest/guest/guest/guest/guest/guest/guest/guest/guest/guest/guest/guest/login_form
2019-08-01 23:36:50 DEBUG AuthFilter:42 - User 0has permission
2019-08-01 23:36:50 DEBUG Servlet:62 - Servlet /mybank/user/guest/guest/guest/guest/guest/guest/guest/guest/guest/guest/guest/guest/guest/guest/guest/guest/guest/guest/guest/guest/login_form
2019-08-01 23:36:50 DEBUG HomeCommand:20 - User GUEST
2019-08-01 23:36:50 DEBUG Servlet:70 - Redirecting to redirect:guest/login_form
2019-08-01 23:36:50 DEBUG AuthFilter:40 - URI /mybank/user/guest/guest/guest/guest/guest/guest/guest/guest/guest/guest/guest/guest/guest/guest/guest/guest/guest/guest/guest/guest/guest/login_form
2019-08-01 23:36:50 DEBUG AuthFilter:42 - User 0has permission
2019-08-01 23:36:50 DEBUG Servlet:62 - Servlet /mybank/user/guest/guest/guest/guest/guest/guest/guest/guest/guest/guest/guest/guest/guest/guest/guest/guest/guest/guest/guest/guest/guest/login_form
2019-08-01 23:36:50 DEBUG HomeCommand:20 - User GUEST
2019-08-01 23:36:50 DEBUG Servlet:70 - Redirecting to redirect:guest/login_form
2019-08-01 23:36:50 DEBUG AuthFilter:40 - URI /mybank/user/guest/guest/guest/guest/guest/guest/guest/guest/guest/guest/guest/guest/guest/guest/guest/guest/guest/guest/guest/guest/guest/guest/login_form
2019-08-01 23:36:50 DEBUG AuthFilter:42 - User 0has permission
2019-08-01 23:36:50 DEBUG Servlet:62 - Servlet /mybank/user/guest/guest/guest/guest/guest/guest/guest/guest/guest/guest/guest/guest/guest/guest/guest/guest/guest/guest/guest/guest/guest/guest/login_form
2019-08-01 23:36:50 DEBUG HomeCommand:20 - User GUEST
2019-08-01 23:36:50 DEBUG Servlet:70 - Redirecting to redirect:guest/login_form
2019-08-01 23:36:50 DEBUG AuthFilter:40 - URI /mybank/user/guest/guest/guest/guest/guest/guest/guest/guest/guest/guest/guest/guest/guest/guest/guest/guest/guest/guest/guest/guest/guest/guest/guest/login_form
2019-08-01 23:36:50 DEBUG AuthFilter:42 - User 0has permission
2019-08-01 23:36:50 DEBUG Servlet:62 - Servlet /mybank/user/guest/guest/guest/guest/guest/guest/guest/guest/guest/guest/guest/guest/guest/guest/guest/guest/guest/guest/guest/guest/guest/guest/guest/login_form
2019-08-01 23:36:50 DEBUG HomeCommand:20 - User GUEST
2019-08-01 23:36:50 DEBUG Servlet:70 - Redirecting to redirect:guest/login_form
2019-08-01 23:36:50 DEBUG AuthFilter:40 - URI /mybank/user/guest/guest/guest/guest/guest/guest/guest/guest/guest/guest/guest/guest/guest/guest/guest/guest/guest/guest/guest/guest/guest/guest/guest/guest/login_form
2019-08-01 23:36:50 DEBUG AuthFilter:42 - User 0has permission
2019-08-01 23:36:50 DEBUG Servlet:62 - Servlet /mybank/user/guest/guest/guest/guest/guest/guest/guest/guest/guest/guest/guest/guest/guest/guest/guest/guest/guest/guest/guest/guest/guest/guest/guest/guest/login_form
2019-08-01 23:36:50 DEBUG HomeCommand:20 - User GUEST
2019-08-01 23:36:50 DEBUG Servlet:70 - Redirecting to redirect:guest/login_form
2019-08-01 23:36:50 DEBUG AuthFilter:40 - URI /mybank/user/guest/guest/guest/guest/guest/guest/guest/guest/guest/guest/guest/guest/guest/guest/guest/guest/guest/guest/guest/guest/guest/guest/guest/guest/guest/login_form
2019-08-01 23:36:50 DEBUG AuthFilter:42 - User 0has permission
2019-08-01 23:36:50 DEBUG Servlet:62 - Servlet /mybank/user/guest/guest/guest/guest/guest/guest/guest/guest/guest/guest/guest/guest/guest/guest/guest/guest/guest/guest/guest/guest/guest/guest/guest/guest/guest/login_form
2019-08-01 23:36:50 DEBUG HomeCommand:20 - User GUEST
2019-08-01 23:36:50 DEBUG Servlet:70 - Redirecting to redirect:guest/login_form
2019-08-01 23:36:50 DEBUG AuthFilter:40 - URI /mybank/user/guest/guest/guest/guest/guest/guest/guest/guest/guest/guest/guest/guest/guest/guest/guest/guest/guest/guest/guest/guest/guest/guest/guest/guest/guest/guest/login_form
2019-08-01 23:36:50 DEBUG AuthFilter:42 - User 0has permission
2019-08-01 23:36:50 DEBUG Servlet:62 - Servlet /mybank/user/guest/guest/guest/guest/guest/guest/guest/guest/guest/guest/guest/guest/guest/guest/guest/guest/guest/guest/guest/guest/guest/guest/guest/guest/guest/guest/login_form
2019-08-01 23:36:50 DEBUG HomeCommand:20 - User GUEST
2019-08-01 23:36:50 DEBUG Servlet:70 - Redirecting to redirect:guest/login_form
2019-08-01 23:36:50 DEBUG AuthFilter:40 - URI /mybank/user/guest/guest/guest/guest/guest/guest/guest/guest/guest/guest/guest/guest/guest/guest/guest/guest/guest/guest/guest/guest/guest/guest/guest/guest/guest/guest/guest/login_form
2019-08-01 23:36:50 DEBUG AuthFilter:42 - User 0has permission
2019-08-01 23:36:50 DEBUG Servlet:62 - Servlet /mybank/user/guest/guest/guest/guest/guest/guest/guest/guest/guest/guest/guest/guest/guest/guest/guest/guest/guest/guest/guest/guest/guest/guest/guest/guest/guest/guest/guest/login_form
2019-08-01 23:36:50 DEBUG HomeCommand:20 - User GUEST
2019-08-01 23:36:50 DEBUG Servlet:70 - Redirecting to redirect:guest/login_form
2019-08-01 23:36:50 DEBUG AuthFilter:40 - URI /mybank/user/guest/guest/guest/guest/guest/guest/guest/guest/guest/guest/guest/guest/guest/guest/guest/guest/guest/guest/guest/guest/guest/guest/guest/guest/guest/guest/guest/guest/login_form
2019-08-01 23:36:50 DEBUG AuthFilter:42 - User 0has permission
2019-08-01 23:36:50 DEBUG Servlet:62 - Servlet /mybank/user/guest/guest/guest/guest/guest/guest/guest/guest/guest/guest/guest/guest/guest/guest/guest/guest/guest/guest/guest/guest/guest/guest/guest/guest/guest/guest/guest/guest/login_form
2019-08-01 23:36:50 DEBUG HomeCommand:20 - User GUEST
2019-08-01 23:36:50 DEBUG Servlet:70 - Redirecting to redirect:guest/login_form
2019-08-01 23:36:50 DEBUG AuthFilter:40 - URI /mybank/user/guest/guest/guest/guest/guest/guest/guest/guest/guest/guest/guest/guest/guest/guest/guest/guest/guest/guest/guest/guest/guest/guest/guest/guest/guest/guest/guest/guest/guest/login_form
2019-08-01 23:36:50 DEBUG AuthFilter:42 - User 0has permission
2019-08-01 23:36:50 DEBUG Servlet:62 - Servlet /mybank/user/guest/guest/guest/guest/guest/guest/guest/guest/guest/guest/guest/guest/guest/guest/guest/guest/guest/guest/guest/guest/guest/guest/guest/guest/guest/guest/guest/guest/guest/login_form
2019-08-01 23:36:50 DEBUG HomeCommand:20 - User GUEST
2019-08-01 23:36:50 DEBUG Servlet:70 - Redirecting to redirect:guest/login_form
2019-08-01 23:36:50 DEBUG AuthFilter:40 - URI /mybank/user/guest/guest/guest/guest/guest/guest/guest/guest/guest/guest/guest/guest/guest/guest/guest/guest/guest/guest/guest/guest/guest/guest/guest/guest/guest/guest/guest/guest/guest/guest/login_form
2019-08-01 23:36:50 DEBUG AuthFilter:42 - User 0has permission
2019-08-01 23:36:50 DEBUG Servlet:62 - Servlet /mybank/user/guest/guest/guest/guest/guest/guest/guest/guest/guest/guest/guest/guest/guest/guest/guest/guest/guest/guest/guest/guest/guest/guest/guest/guest/guest/guest/guest/guest/guest/guest/login_form
2019-08-01 23:36:50 DEBUG HomeCommand:20 - User GUEST
2019-08-01 23:36:50 DEBUG Servlet:70 - Redirecting to redirect:guest/login_form
2019-08-01 23:36:50 DEBUG AuthFilter:40 - URI /mybank/user/guest/guest/guest/guest/guest/guest/guest/guest/guest/guest/guest/guest/guest/guest/guest/guest/guest/guest/guest/guest/guest/guest/guest/guest/guest/guest/guest/guest/guest/guest/guest/login_form
2019-08-01 23:36:50 DEBUG AuthFilter:42 - User 0has permission
2019-08-01 23:36:50 DEBUG Servlet:62 - Servlet /mybank/user/guest/guest/guest/guest/guest/guest/guest/guest/guest/guest/guest/guest/guest/guest/guest/guest/guest/guest/guest/guest/guest/guest/guest/guest/guest/guest/guest/guest/guest/guest/guest/login_form
2019-08-01 23:36:50 DEBUG HomeCommand:20 - User GUEST
2019-08-01 23:36:50 DEBUG Servlet:70 - Redirecting to redirect:guest/login_form
2019-08-01 23:36:50 DEBUG AuthFilter:40 - URI /mybank/user/guest/guest/guest/guest/guest/guest/guest/guest/guest/guest/guest/guest/guest/guest/guest/guest/guest/guest/guest/guest/guest/guest/guest/guest/guest/guest/guest/guest/guest/guest/guest/guest/login_form
2019-08-01 23:36:50 DEBUG AuthFilter:42 - User 0has permission
2019-08-01 23:36:50 DEBUG Servlet:62 - Servlet /mybank/user/guest/guest/guest/guest/guest/guest/guest/guest/guest/guest/guest/guest/guest/guest/guest/guest/guest/guest/guest/guest/guest/guest/guest/guest/guest/guest/guest/guest/guest/guest/guest/guest/login_form
2019-08-01 23:36:50 DEBUG HomeCommand:20 - User GUEST
2019-08-01 23:36:50 DEBUG Servlet:70 - Redirecting to redirect:guest/login_form
2019-08-01 23:36:51 DEBUG AuthFilter:40 - URI /mybank/user/guest/guest/guest/guest/guest/guest/guest/guest/guest/guest/guest/guest/guest/guest/guest/guest/guest/guest/guest/guest/guest/guest/guest/guest/guest/guest/guest/guest/guest/guest/guest/guest/guest/login_form
2019-08-01 23:36:51 DEBUG AuthFilter:42 - User 0has permission
2019-08-01 23:36:51 DEBUG Servlet:62 - Servlet /mybank/user/guest/guest/guest/guest/guest/guest/guest/guest/guest/guest/guest/guest/guest/guest/guest/guest/guest/guest/guest/guest/guest/guest/guest/guest/guest/guest/guest/guest/guest/guest/guest/guest/guest/login_form
2019-08-01 23:36:51 DEBUG HomeCommand:20 - User GUEST
2019-08-01 23:36:51 DEBUG Servlet:70 - Redirecting to redirect:guest/login_form
2019-08-01 23:36:51 DEBUG AuthFilter:40 - URI /mybank/user/guest/guest/guest/guest/guest/guest/guest/guest/guest/guest/guest/guest/guest/guest/guest/guest/guest/guest/guest/guest/guest/guest/guest/guest/guest/guest/guest/guest/guest/guest/guest/guest/guest/guest/login_form
2019-08-01 23:36:51 DEBUG AuthFilter:42 - User 0has permission
2019-08-01 23:36:51 DEBUG Servlet:62 - Servlet /mybank/user/guest/guest/guest/guest/guest/guest/guest/guest/guest/guest/guest/guest/guest/guest/guest/guest/guest/guest/guest/guest/guest/guest/guest/guest/guest/guest/guest/guest/guest/guest/guest/guest/guest/guest/login_form
2019-08-01 23:36:51 DEBUG HomeCommand:20 - User GUEST
2019-08-01 23:36:51 DEBUG Servlet:70 - Redirecting to redirect:guest/login_form
2019-08-01 23:36:51 DEBUG AuthFilter:40 - URI /mybank/user/guest/guest/guest/guest/guest/guest/guest/guest/guest/guest/guest/guest/guest/guest/guest/guest/guest/guest/guest/guest/guest/guest/guest/guest/guest/guest/guest/guest/guest/guest/guest/guest/guest/guest/guest/login_form
2019-08-01 23:36:51 DEBUG AuthFilter:42 - User 0has permission
2019-08-01 23:36:51 DEBUG Servlet:62 - Servlet /mybank/user/guest/guest/guest/guest/guest/guest/guest/guest/guest/guest/guest/guest/guest/guest/guest/guest/guest/guest/guest/guest/guest/guest/guest/guest/guest/guest/guest/guest/guest/guest/guest/guest/guest/guest/guest/login_form
2019-08-01 23:36:51 DEBUG HomeCommand:20 - User GUEST
2019-08-01 23:36:51 DEBUG Servlet:70 - Redirecting to redirect:guest/login_form
2019-08-01 23:36:51 DEBUG AuthFilter:40 - URI /mybank/user/guest/guest/guest/guest/guest/guest/guest/guest/guest/guest/guest/guest/guest/guest/guest/guest/guest/guest/guest/guest/guest/guest/guest/guest/guest/guest/guest/guest/guest/guest/guest/guest/guest/guest/guest/guest/login_form
2019-08-01 23:36:51 DEBUG AuthFilter:42 - User 0has permission
2019-08-01 23:36:51 DEBUG Servlet:62 - Servlet /mybank/user/guest/guest/guest/guest/guest/guest/guest/guest/guest/guest/guest/guest/guest/guest/guest/guest/guest/guest/guest/guest/guest/guest/guest/guest/guest/guest/guest/guest/guest/guest/guest/guest/guest/guest/guest/guest/login_form
2019-08-01 23:36:51 DEBUG HomeCommand:20 - User GUEST
2019-08-01 23:36:51 DEBUG Servlet:70 - Redirecting to redirect:guest/login_form
2019-08-01 23:36:51 DEBUG AuthFilter:40 - URI /mybank/user/guest/guest/guest/guest/guest/guest/guest/guest/guest/guest/guest/guest/guest/guest/guest/guest/guest/guest/guest/guest/guest/guest/guest/guest/guest/guest/guest/guest/guest/guest/guest/guest/guest/guest/guest/guest/guest/login_form
2019-08-01 23:36:51 DEBUG AuthFilter:42 - User 0has permission
2019-08-01 23:36:51 DEBUG Servlet:62 - Servlet /mybank/user/guest/guest/guest/guest/guest/guest/guest/guest/guest/guest/guest/guest/guest/guest/guest/guest/guest/guest/guest/guest/guest/guest/guest/guest/guest/guest/guest/guest/guest/guest/guest/guest/guest/guest/guest/guest/guest/login_form
2019-08-01 23:36:51 DEBUG HomeCommand:20 - User GUEST
2019-08-01 23:36:51 DEBUG Servlet:70 - Redirecting to redirect:guest/login_form
2019-08-01 23:36:51 DEBUG AuthFilter:40 - URI /mybank/user/guest/guest/guest/guest/guest/guest/guest/guest/guest/guest/guest/guest/guest/guest/guest/guest/guest/guest/guest/guest/guest/guest/guest/guest/guest/guest/guest/guest/guest/guest/guest/guest/guest/guest/guest/guest/guest/guest/login_form
2019-08-01 23:36:51 DEBUG AuthFilter:42 - User 0has permission
2019-08-01 23:36:51 DEBUG Servlet:62 - Servlet /mybank/user/guest/guest/guest/guest/guest/guest/guest/guest/guest/guest/guest/guest/guest/guest/guest/guest/guest/guest/guest/guest/guest/guest/guest/guest/guest/guest/guest/guest/guest/guest/guest/guest/guest/guest/guest/guest/guest/guest/login_form
2019-08-01 23:36:51 DEBUG HomeCommand:20 - User GUEST
2019-08-01 23:36:51 DEBUG Servlet:70 - Redirecting to redirect:guest/login_form
2019-08-01 23:37:08 DEBUG AuthFilter:40 - URI /mybank/
2019-08-01 23:37:08 DEBUG AuthFilter:42 - User 0has permission
2019-08-01 23:37:08 DEBUG AuthFilter:40 - URI /mybank/home;jsessionid=31E3C900358FCEB394AC2057D7BE5D04
2019-08-01 23:37:08 DEBUG AuthFilter:45 - User 0does not have permission
2019-08-01 23:37:09 DEBUG AuthFilter:40 - URI /mybank/
2019-08-01 23:37:09 DEBUG AuthFilter:42 - User 0has permission
2019-08-01 23:37:09 DEBUG AuthFilter:40 - URI /mybank/home
2019-08-01 23:37:09 DEBUG AuthFilter:42 - User 0has permission
2019-08-01 23:37:09 DEBUG Servlet:62 - Servlet /mybank/home
2019-08-01 23:37:09 DEBUG HomeCommand:20 - User GUEST
2019-08-01 23:37:09 DEBUG Servlet:70 - Redirecting to redirect:guest/login_form
2019-08-01 23:37:09 DEBUG AuthFilter:40 - URI /mybank/guest/login_form
2019-08-01 23:37:09 DEBUG AuthFilter:42 - User 0has permission
2019-08-01 23:37:09 DEBUG Servlet:62 - Servlet /mybank/guest/login_form
2019-08-01 23:37:09 DEBUG Servlet:73 - Forwarding to /WEB-INF/jsp/guest/loginForm.jsp
2019-08-01 23:37:12 DEBUG AuthFilter:40 - URI /mybank/guest/login
2019-08-01 23:37:12 DEBUG AuthFilter:42 - User 0has permission
2019-08-01 23:37:12 DEBUG Servlet:62 - Servlet /mybank/guest/login
2019-08-01 23:37:12 DEBUG LoginCommand:54 - User USER
2019-08-01 23:37:12 DEBUG Servlet:70 - Redirecting to redirect:/mybank/home
2019-08-01 23:37:12 DEBUG AuthFilter:40 - URI /mybank/home
2019-08-01 23:37:12 DEBUG AuthFilter:42 - User 0has permission
2019-08-01 23:37:12 DEBUG Servlet:62 - Servlet /mybank/home
2019-08-01 23:37:12 DEBUG HomeCommand:20 - User USER
2019-08-01 23:37:12 DEBUG Servlet:70 - Redirecting to redirect:user/home
2019-08-01 23:37:12 DEBUG AuthFilter:40 - URI /mybank/user/home
2019-08-01 23:37:12 DEBUG AuthFilter:42 - User 0has permission
2019-08-01 23:37:12 DEBUG Servlet:62 - Servlet /mybank/user/home
2019-08-01 23:37:12 DEBUG Servlet:73 - Forwarding to /WEB-INF/jsp/user/userHome.jsp
2019-08-01 23:37:14 DEBUG AuthFilter:40 - URI /mybank/user/logout
2019-08-01 23:37:14 DEBUG AuthFilter:42 - User 0has permission
2019-08-01 23:37:14 DEBUG Servlet:62 - Servlet /mybank/user/logout
2019-08-01 23:37:14 DEBUG Servlet:70 - Redirecting to redirect:/mybank/guest/login_form
2019-08-01 23:37:14 DEBUG AuthFilter:40 - URI /mybank/guest/login_form
2019-08-01 23:37:14 DEBUG AuthFilter:42 - User 0has permission
2019-08-01 23:37:14 DEBUG Servlet:62 - Servlet /mybank/guest/login_form
2019-08-01 23:37:14 DEBUG Servlet:73 - Forwarding to /WEB-INF/jsp/guest/loginForm.jsp
2019-08-01 23:37:17 DEBUG AuthFilter:40 - URI /mybank/
2019-08-01 23:37:17 DEBUG AuthFilter:42 - User 0has permission
2019-08-01 23:37:17 DEBUG AuthFilter:40 - URI /mybank/home
2019-08-01 23:37:17 DEBUG AuthFilter:42 - User 0has permission
2019-08-01 23:37:17 DEBUG Servlet:62 - Servlet /mybank/home
2019-08-01 23:37:17 DEBUG HomeCommand:20 - User GUEST
2019-08-01 23:37:17 DEBUG Servlet:70 - Redirecting to redirect:guest/login_form
2019-08-01 23:37:17 DEBUG AuthFilter:40 - URI /mybank/guest/login_form
2019-08-01 23:37:17 DEBUG AuthFilter:42 - User 0has permission
2019-08-01 23:37:17 DEBUG Servlet:62 - Servlet /mybank/guest/login_form
2019-08-01 23:37:17 DEBUG Servlet:73 - Forwarding to /WEB-INF/jsp/guest/loginForm.jsp
2019-08-01 23:37:21 DEBUG AuthFilter:40 - URI /mybank/guest/login
2019-08-01 23:37:21 DEBUG AuthFilter:42 - User 0has permission
2019-08-01 23:37:21 DEBUG Servlet:62 - Servlet /mybank/guest/login
2019-08-01 23:37:21 DEBUG LoginCommand:54 - User USER
2019-08-01 23:37:21 DEBUG Servlet:70 - Redirecting to redirect:/mybank/home
2019-08-01 23:37:21 DEBUG AuthFilter:40 - URI /mybank/home
2019-08-01 23:37:21 DEBUG AuthFilter:42 - User 0has permission
2019-08-01 23:37:21 DEBUG Servlet:62 - Servlet /mybank/home
2019-08-01 23:37:21 DEBUG HomeCommand:20 - User USER
2019-08-01 23:37:21 DEBUG Servlet:70 - Redirecting to redirect:user/home
2019-08-01 23:37:21 DEBUG AuthFilter:40 - URI /mybank/user/home
2019-08-01 23:37:21 DEBUG AuthFilter:42 - User 0has permission
2019-08-01 23:37:21 DEBUG Servlet:62 - Servlet /mybank/user/home
2019-08-01 23:37:21 DEBUG Servlet:73 - Forwarding to /WEB-INF/jsp/user/userHome.jsp
2019-08-01 23:37:29 DEBUG AuthFilter:40 - URI /mybank/home
2019-08-01 23:37:29 DEBUG AuthFilter:42 - User 0has permission
2019-08-01 23:37:29 DEBUG Servlet:62 - Servlet /mybank/home
2019-08-01 23:37:29 DEBUG HomeCommand:20 - User USER
2019-08-01 23:37:29 DEBUG Servlet:70 - Redirecting to redirect:user/home
2019-08-01 23:37:29 DEBUG AuthFilter:40 - URI /mybank/user/home
2019-08-01 23:37:29 DEBUG AuthFilter:42 - User 0has permission
2019-08-01 23:37:29 DEBUG Servlet:62 - Servlet /mybank/user/home
2019-08-01 23:37:29 DEBUG Servlet:73 - Forwarding to /WEB-INF/jsp/user/userHome.jsp
2019-08-01 23:37:32 DEBUG AuthFilter:40 - URI /mybank/dfdf
2019-08-01 23:37:32 DEBUG AuthFilter:45 - User 0does not have permission
2019-08-01 23:37:36 DEBUG AuthFilter:40 - URI /mybank/
2019-08-01 23:37:36 DEBUG AuthFilter:42 - User 0has permission
2019-08-01 23:37:36 DEBUG AuthFilter:40 - URI /mybank/home
2019-08-01 23:37:36 DEBUG AuthFilter:42 - User 0has permission
2019-08-01 23:37:36 DEBUG Servlet:62 - Servlet /mybank/home
2019-08-01 23:37:36 DEBUG HomeCommand:20 - User USER
2019-08-01 23:37:36 DEBUG Servlet:70 - Redirecting to redirect:user/home
2019-08-01 23:37:36 DEBUG AuthFilter:40 - URI /mybank/user/home
2019-08-01 23:37:36 DEBUG AuthFilter:42 - User 0has permission
2019-08-01 23:37:36 DEBUG Servlet:62 - Servlet /mybank/user/home
2019-08-01 23:37:36 DEBUG Servlet:73 - Forwarding to /WEB-INF/jsp/user/userHome.jsp
2019-08-01 23:37:40 DEBUG AuthFilter:40 - URI /mybank/user/dfdfdfdf
2019-08-01 23:37:40 DEBUG AuthFilter:42 - User 0has permission
2019-08-01 23:37:40 DEBUG Servlet:62 - Servlet /mybank/user/dfdfdfdf
2019-08-01 23:37:40 DEBUG HomeCommand:20 - User USER
2019-08-01 23:37:40 DEBUG Servlet:70 - Redirecting to redirect:user/home
2019-08-01 23:37:40 DEBUG AuthFilter:40 - URI /mybank/user/user/home
2019-08-01 23:37:40 DEBUG AuthFilter:42 - User 0has permission
2019-08-01 23:37:40 DEBUG Servlet:62 - Servlet /mybank/user/user/home
2019-08-01 23:37:40 DEBUG HomeCommand:20 - User USER
2019-08-01 23:37:40 DEBUG Servlet:70 - Redirecting to redirect:user/home
2019-08-01 23:37:40 DEBUG AuthFilter:40 - URI /mybank/user/user/user/home
2019-08-01 23:37:40 DEBUG AuthFilter:42 - User 0has permission
2019-08-01 23:37:40 DEBUG Servlet:62 - Servlet /mybank/user/user/user/home
2019-08-01 23:37:40 DEBUG HomeCommand:20 - User USER
2019-08-01 23:37:40 DEBUG Servlet:70 - Redirecting to redirect:user/home
2019-08-01 23:37:40 DEBUG AuthFilter:40 - URI /mybank/user/user/user/user/home
2019-08-01 23:37:40 DEBUG AuthFilter:42 - User 0has permission
2019-08-01 23:37:40 DEBUG Servlet:62 - Servlet /mybank/user/user/user/user/home
2019-08-01 23:37:40 DEBUG HomeCommand:20 - User USER
2019-08-01 23:37:40 DEBUG Servlet:70 - Redirecting to redirect:user/home
2019-08-01 23:37:40 DEBUG AuthFilter:40 - URI /mybank/user/user/user/user/user/home
2019-08-01 23:37:40 DEBUG AuthFilter:42 - User 0has permission
2019-08-01 23:37:40 DEBUG Servlet:62 - Servlet /mybank/user/user/user/user/user/home
2019-08-01 23:37:40 DEBUG HomeCommand:20 - User USER
2019-08-01 23:37:40 DEBUG Servlet:70 - Redirecting to redirect:user/home
2019-08-01 23:37:40 DEBUG AuthFilter:40 - URI /mybank/user/user/user/user/user/user/home
2019-08-01 23:37:40 DEBUG AuthFilter:42 - User 0has permission
2019-08-01 23:37:40 DEBUG Servlet:62 - Servlet /mybank/user/user/user/user/user/user/home
2019-08-01 23:37:40 DEBUG HomeCommand:20 - User USER
2019-08-01 23:37:40 DEBUG Servlet:70 - Redirecting to redirect:user/home
2019-08-01 23:37:40 DEBUG AuthFilter:40 - URI /mybank/user/user/user/user/user/user/user/home
2019-08-01 23:37:40 DEBUG AuthFilter:42 - User 0has permission
2019-08-01 23:37:40 DEBUG Servlet:62 - Servlet /mybank/user/user/user/user/user/user/user/home
2019-08-01 23:37:40 DEBUG HomeCommand:20 - User USER
2019-08-01 23:37:40 DEBUG Servlet:70 - Redirecting to redirect:user/home
2019-08-01 23:37:40 DEBUG AuthFilter:40 - URI /mybank/user/user/user/user/user/user/user/user/home
2019-08-01 23:37:40 DEBUG AuthFilter:42 - User 0has permission
2019-08-01 23:37:40 DEBUG Servlet:62 - Servlet /mybank/user/user/user/user/user/user/user/user/home
2019-08-01 23:37:40 DEBUG HomeCommand:20 - User USER
2019-08-01 23:37:40 DEBUG Servlet:70 - Redirecting to redirect:user/home
2019-08-01 23:37:40 DEBUG AuthFilter:40 - URI /mybank/user/user/user/user/user/user/user/user/user/home
2019-08-01 23:37:40 DEBUG AuthFilter:42 - User 0has permission
2019-08-01 23:37:40 DEBUG Servlet:62 - Servlet /mybank/user/user/user/user/user/user/user/user/user/home
2019-08-01 23:37:40 DEBUG HomeCommand:20 - User USER
2019-08-01 23:37:40 DEBUG Servlet:70 - Redirecting to redirect:user/home
2019-08-01 23:37:40 DEBUG AuthFilter:40 - URI /mybank/user/user/user/user/user/user/user/user/user/user/home
2019-08-01 23:37:40 DEBUG AuthFilter:42 - User 0has permission
2019-08-01 23:37:40 DEBUG Servlet:62 - Servlet /mybank/user/user/user/user/user/user/user/user/user/user/home
2019-08-01 23:37:40 DEBUG HomeCommand:20 - User USER
2019-08-01 23:37:40 DEBUG Servlet:70 - Redirecting to redirect:user/home
2019-08-01 23:37:40 DEBUG AuthFilter:40 - URI /mybank/user/user/user/user/user/user/user/user/user/user/user/home
2019-08-01 23:37:40 DEBUG AuthFilter:42 - User 0has permission
2019-08-01 23:37:40 DEBUG Servlet:62 - Servlet /mybank/user/user/user/user/user/user/user/user/user/user/user/home
2019-08-01 23:37:40 DEBUG HomeCommand:20 - User USER
2019-08-01 23:37:40 DEBUG Servlet:70 - Redirecting to redirect:user/home
2019-08-01 23:37:40 DEBUG AuthFilter:40 - URI /mybank/user/user/user/user/user/user/user/user/user/user/user/user/home
2019-08-01 23:37:40 DEBUG AuthFilter:42 - User 0has permission
2019-08-01 23:37:40 DEBUG Servlet:62 - Servlet /mybank/user/user/user/user/user/user/user/user/user/user/user/user/home
2019-08-01 23:37:40 DEBUG HomeCommand:20 - User USER
2019-08-01 23:37:40 DEBUG Servlet:70 - Redirecting to redirect:user/home
2019-08-01 23:37:40 DEBUG AuthFilter:40 - URI /mybank/user/user/user/user/user/user/user/user/user/user/user/user/user/home
2019-08-01 23:37:40 DEBUG AuthFilter:42 - User 0has permission
2019-08-01 23:37:40 DEBUG Servlet:62 - Servlet /mybank/user/user/user/user/user/user/user/user/user/user/user/user/user/home
2019-08-01 23:37:40 DEBUG HomeCommand:20 - User USER
2019-08-01 23:37:40 DEBUG Servlet:70 - Redirecting to redirect:user/home
2019-08-01 23:37:40 DEBUG AuthFilter:40 - URI /mybank/user/user/user/user/user/user/user/user/user/user/user/user/user/user/home
2019-08-01 23:37:40 DEBUG AuthFilter:42 - User 0has permission
2019-08-01 23:37:40 DEBUG Servlet:62 - Servlet /mybank/user/user/user/user/user/user/user/user/user/user/user/user/user/user/home
2019-08-01 23:37:40 DEBUG HomeCommand:20 - User USER
2019-08-01 23:37:40 DEBUG Servlet:70 - Redirecting to redirect:user/home
2019-08-01 23:37:40 DEBUG AuthFilter:40 - URI /mybank/user/user/user/user/user/user/user/user/user/user/user/user/user/user/user/home
2019-08-01 23:37:40 DEBUG AuthFilter:42 - User 0has permission
2019-08-01 23:37:40 DEBUG Servlet:62 - Servlet /mybank/user/user/user/user/user/user/user/user/user/user/user/user/user/user/user/home
2019-08-01 23:37:40 DEBUG HomeCommand:20 - User USER
2019-08-01 23:37:40 DEBUG Servlet:70 - Redirecting to redirect:user/home
2019-08-01 23:37:40 DEBUG AuthFilter:40 - URI /mybank/user/user/user/user/user/user/user/user/user/user/user/user/user/user/user/user/home
2019-08-01 23:37:40 DEBUG AuthFilter:42 - User 0has permission
2019-08-01 23:37:40 DEBUG Servlet:62 - Servlet /mybank/user/user/user/user/user/user/user/user/user/user/user/user/user/user/user/user/home
2019-08-01 23:37:40 DEBUG HomeCommand:20 - User USER
2019-08-01 23:37:40 DEBUG Servlet:70 - Redirecting to redirect:user/home
2019-08-01 23:37:40 DEBUG AuthFilter:40 - URI /mybank/user/user/user/user/user/user/user/user/user/user/user/user/user/user/user/user/user/home
2019-08-01 23:37:40 DEBUG AuthFilter:42 - User 0has permission
2019-08-01 23:37:40 DEBUG Servlet:62 - Servlet /mybank/user/user/user/user/user/user/user/user/user/user/user/user/user/user/user/user/user/home
2019-08-01 23:37:40 DEBUG HomeCommand:20 - User USER
2019-08-01 23:37:40 DEBUG Servlet:70 - Redirecting to redirect:user/home
2019-08-01 23:37:40 DEBUG AuthFilter:40 - URI /mybank/user/user/user/user/user/user/user/user/user/user/user/user/user/user/user/user/user/user/home
2019-08-01 23:37:40 DEBUG AuthFilter:42 - User 0has permission
2019-08-01 23:37:40 DEBUG Servlet:62 - Servlet /mybank/user/user/user/user/user/user/user/user/user/user/user/user/user/user/user/user/user/user/home
2019-08-01 23:37:40 DEBUG HomeCommand:20 - User USER
2019-08-01 23:37:40 DEBUG Servlet:70 - Redirecting to redirect:user/home
2019-08-01 23:37:40 DEBUG AuthFilter:40 - URI /mybank/user/user/user/user/user/user/user/user/user/user/user/user/user/user/user/user/user/user/user/home
2019-08-01 23:37:40 DEBUG AuthFilter:42 - User 0has permission
2019-08-01 23:37:40 DEBUG Servlet:62 - Servlet /mybank/user/user/user/user/user/user/user/user/user/user/user/user/user/user/user/user/user/user/user/home
2019-08-01 23:37:40 DEBUG HomeCommand:20 - User USER
2019-08-01 23:37:40 DEBUG Servlet:70 - Redirecting to redirect:user/home
2019-08-01 23:37:40 DEBUG AuthFilter:40 - URI /mybank/user/user/user/user/user/user/user/user/user/user/user/user/user/user/user/user/user/user/user/user/home
2019-08-01 23:37:40 DEBUG AuthFilter:42 - User 0has permission
2019-08-01 23:37:40 DEBUG Servlet:62 - Servlet /mybank/user/user/user/user/user/user/user/user/user/user/user/user/user/user/user/user/user/user/user/user/home
2019-08-01 23:37:40 DEBUG HomeCommand:20 - User USER
2019-08-01 23:37:40 DEBUG Servlet:70 - Redirecting to redirect:user/home
2019-08-01 23:37:40 DEBUG AuthFilter:40 - URI /mybank/user/user/user/user/user/user/user/user/user/user/user/user/user/user/user/user/user/user/user/user/home
2019-08-01 23:37:40 DEBUG AuthFilter:42 - User 0has permission
2019-08-01 23:37:40 DEBUG Servlet:62 - Servlet /mybank/user/user/user/user/user/user/user/user/user/user/user/user/user/user/user/user/user/user/user/user/home
2019-08-01 23:37:40 DEBUG HomeCommand:20 - User USER
2019-08-01 23:37:40 DEBUG Servlet:70 - Redirecting to redirect:user/home
2019-08-01 23:37:40 DEBUG AuthFilter:40 - URI /mybank/user/user/user/user/user/user/user/user/user/user/user/user/user/user/user/user/user/user/user/user/user/home
2019-08-01 23:37:40 DEBUG AuthFilter:42 - User 0has permission
2019-08-01 23:37:40 DEBUG Servlet:62 - Servlet /mybank/user/user/user/user/user/user/user/user/user/user/user/user/user/user/user/user/user/user/user/user/user/home
2019-08-01 23:37:40 DEBUG HomeCommand:20 - User USER
2019-08-01 23:37:40 DEBUG Servlet:70 - Redirecting to redirect:user/home
2019-08-01 23:37:40 DEBUG AuthFilter:40 - URI /mybank/user/user/user/user/user/user/user/user/user/user/user/user/user/user/user/user/user/user/user/user/user/user/home
2019-08-01 23:37:40 DEBUG AuthFilter:42 - User 0has permission
2019-08-01 23:37:40 DEBUG Servlet:62 - Servlet /mybank/user/user/user/user/user/user/user/user/user/user/user/user/user/user/user/user/user/user/user/user/user/user/home
2019-08-01 23:37:40 DEBUG HomeCommand:20 - User USER
2019-08-01 23:37:40 DEBUG Servlet:70 - Redirecting to redirect:user/home
2019-08-01 23:37:40 DEBUG AuthFilter:40 - URI /mybank/user/user/user/user/user/user/user/user/user/user/user/user/user/user/user/user/user/user/user/user/user/user/user/home
2019-08-01 23:37:40 DEBUG AuthFilter:42 - User 0has permission
2019-08-01 23:37:40 DEBUG Servlet:62 - Servlet /mybank/user/user/user/user/user/user/user/user/user/user/user/user/user/user/user/user/user/user/user/user/user/user/user/home
2019-08-01 23:37:40 DEBUG HomeCommand:20 - User USER
2019-08-01 23:37:40 DEBUG Servlet:70 - Redirecting to redirect:user/home
2019-08-01 23:37:40 DEBUG AuthFilter:40 - URI /mybank/user/user/user/user/user/user/user/user/user/user/user/user/user/user/user/user/user/user/user/user/user/user/user/user/home
2019-08-01 23:37:40 DEBUG AuthFilter:42 - User 0has permission
2019-08-01 23:37:40 DEBUG Servlet:62 - Servlet /mybank/user/user/user/user/user/user/user/user/user/user/user/user/user/user/user/user/user/user/user/user/user/user/user/user/home
2019-08-01 23:37:40 DEBUG HomeCommand:20 - User USER
2019-08-01 23:37:40 DEBUG Servlet:70 - Redirecting to redirect:user/home
2019-08-01 23:37:40 DEBUG AuthFilter:40 - URI /mybank/user/user/user/user/user/user/user/user/user/user/user/user/user/user/user/user/user/user/user/user/user/user/user/user/user/home
2019-08-01 23:37:40 DEBUG AuthFilter:42 - User 0has permission
2019-08-01 23:37:40 DEBUG Servlet:62 - Servlet /mybank/user/user/user/user/user/user/user/user/user/user/user/user/user/user/user/user/user/user/user/user/user/user/user/user/user/home
2019-08-01 23:37:40 DEBUG HomeCommand:20 - User USER
2019-08-01 23:37:40 DEBUG Servlet:70 - Redirecting to redirect:user/home
2019-08-01 23:37:40 DEBUG AuthFilter:40 - URI /mybank/user/user/user/user/user/user/user/user/user/user/user/user/user/user/user/user/user/user/user/user/user/user/user/user/user/user/home
2019-08-01 23:37:40 DEBUG AuthFilter:42 - User 0has permission
2019-08-01 23:37:40 DEBUG Servlet:62 - Servlet /mybank/user/user/user/user/user/user/user/user/user/user/user/user/user/user/user/user/user/user/user/user/user/user/user/user/user/user/home
2019-08-01 23:37:40 DEBUG HomeCommand:20 - User USER
2019-08-01 23:37:40 DEBUG Servlet:70 - Redirecting to redirect:user/home
2019-08-01 23:37:40 DEBUG AuthFilter:40 - URI /mybank/user/user/user/user/user/user/user/user/user/user/user/user/user/user/user/user/user/user/user/user/user/user/user/user/user/user/user/home
2019-08-01 23:37:40 DEBUG AuthFilter:42 - User 0has permission
2019-08-01 23:37:40 DEBUG Servlet:62 - Servlet /mybank/user/user/user/user/user/user/user/user/user/user/user/user/user/user/user/user/user/user/user/user/user/user/user/user/user/user/user/home
2019-08-01 23:37:40 DEBUG HomeCommand:20 - User USER
2019-08-01 23:37:40 DEBUG Servlet:70 - Redirecting to redirect:user/home
2019-08-01 23:37:40 DEBUG AuthFilter:40 - URI /mybank/user/user/user/user/user/user/user/user/user/user/user/user/user/user/user/user/user/user/user/user/user/user/user/user/user/user/user/user/home
2019-08-01 23:37:40 DEBUG AuthFilter:42 - User 0has permission
2019-08-01 23:37:40 DEBUG Servlet:62 - Servlet /mybank/user/user/user/user/user/user/user/user/user/user/user/user/user/user/user/user/user/user/user/user/user/user/user/user/user/user/user/user/home
2019-08-01 23:37:40 DEBUG HomeCommand:20 - User USER
2019-08-01 23:37:40 DEBUG Servlet:70 - Redirecting to redirect:user/home
2019-08-01 23:37:40 DEBUG AuthFilter:40 - URI /mybank/user/user/user/user/user/user/user/user/user/user/user/user/user/user/user/user/user/user/user/user/user/user/user/user/user/user/user/user/user/home
2019-08-01 23:37:40 DEBUG AuthFilter:42 - User 0has permission
2019-08-01 23:37:40 DEBUG Servlet:62 - Servlet /mybank/user/user/user/user/user/user/user/user/user/user/user/user/user/user/user/user/user/user/user/user/user/user/user/user/user/user/user/user/user/home
2019-08-01 23:37:40 DEBUG HomeCommand:20 - User USER
2019-08-01 23:37:40 DEBUG Servlet:70 - Redirecting to redirect:user/home
2019-08-01 23:37:40 DEBUG AuthFilter:40 - URI /mybank/user/user/user/user/user/user/user/user/user/user/user/user/user/user/user/user/user/user/user/user/user/user/user/user/user/user/user/user/user/user/home
2019-08-01 23:37:40 DEBUG AuthFilter:42 - User 0has permission
2019-08-01 23:37:40 DEBUG Servlet:62 - Servlet /mybank/user/user/user/user/user/user/user/user/user/user/user/user/user/user/user/user/user/user/user/user/user/user/user/user/user/user/user/user/user/user/home
2019-08-01 23:37:40 DEBUG HomeCommand:20 - User USER
2019-08-01 23:37:40 DEBUG Servlet:70 - Redirecting to redirect:user/home
2019-08-01 23:37:40 DEBUG AuthFilter:40 - URI /mybank/user/user/user/user/user/user/user/user/user/user/user/user/user/user/user/user/user/user/user/user/user/user/user/user/user/user/user/user/user/user/user/home
2019-08-01 23:37:40 DEBUG AuthFilter:42 - User 0has permission
2019-08-01 23:37:40 DEBUG Servlet:62 - Servlet /mybank/user/user/user/user/user/user/user/user/user/user/user/user/user/user/user/user/user/user/user/user/user/user/user/user/user/user/user/user/user/user/user/home
2019-08-01 23:37:40 DEBUG HomeCommand:20 - User USER
2019-08-01 23:37:40 DEBUG Servlet:70 - Redirecting to redirect:user/home
2019-08-01 23:37:40 DEBUG AuthFilter:40 - URI /mybank/user/user/user/user/user/user/user/user/user/user/user/user/user/user/user/user/user/user/user/user/user/user/user/user/user/user/user/user/user/user/user/user/home
2019-08-01 23:37:40 DEBUG AuthFilter:42 - User 0has permission
2019-08-01 23:37:40 DEBUG Servlet:62 - Servlet /mybank/user/user/user/user/user/user/user/user/user/user/user/user/user/user/user/user/user/user/user/user/user/user/user/user/user/user/user/user/user/user/user/user/home
2019-08-01 23:37:40 DEBUG HomeCommand:20 - User USER
2019-08-01 23:37:40 DEBUG Servlet:70 - Redirecting to redirect:user/home
2019-08-01 23:37:40 DEBUG AuthFilter:40 - URI /mybank/user/user/user/user/user/user/user/user/user/user/user/user/user/user/user/user/user/user/user/user/user/user/user/user/user/user/user/user/user/user/user/user/user/home
2019-08-01 23:37:40 DEBUG AuthFilter:42 - User 0has permission
2019-08-01 23:37:40 DEBUG Servlet:62 - Servlet /mybank/user/user/user/user/user/user/user/user/user/user/user/user/user/user/user/user/user/user/user/user/user/user/user/user/user/user/user/user/user/user/user/user/user/home
2019-08-01 23:37:40 DEBUG HomeCommand:20 - User USER
2019-08-01 23:37:40 DEBUG Servlet:70 - Redirecting to redirect:user/home
2019-08-01 23:37:40 DEBUG AuthFilter:40 - URI /mybank/user/user/user/user/user/user/user/user/user/user/user/user/user/user/user/user/user/user/user/user/user/user/user/user/user/user/user/user/user/user/user/user/user/user/home
2019-08-01 23:37:40 DEBUG AuthFilter:42 - User 0has permission
2019-08-01 23:37:40 DEBUG Servlet:62 - Servlet /mybank/user/user/user/user/user/user/user/user/user/user/user/user/user/user/user/user/user/user/user/user/user/user/user/user/user/user/user/user/user/user/user/user/user/user/home
2019-08-01 23:37:40 DEBUG HomeCommand:20 - User USER
2019-08-01 23:37:40 DEBUG Servlet:70 - Redirecting to redirect:user/home
2019-08-01 23:37:40 DEBUG AuthFilter:40 - URI /mybank/user/user/user/user/user/user/user/user/user/user/user/user/user/user/user/user/user/user/user/user/user/user/user/user/user/user/user/user/user/user/user/user/user/user/user/home
2019-08-01 23:37:40 DEBUG AuthFilter:42 - User 0has permission
2019-08-01 23:37:40 DEBUG Servlet:62 - Servlet /mybank/user/user/user/user/user/user/user/user/user/user/user/user/user/user/user/user/user/user/user/user/user/user/user/user/user/user/user/user/user/user/user/user/user/user/user/home
2019-08-01 23:37:40 DEBUG HomeCommand:20 - User USER
2019-08-01 23:37:40 DEBUG Servlet:70 - Redirecting to redirect:user/home
2019-08-01 23:37:40 DEBUG AuthFilter:40 - URI /mybank/user/user/user/user/user/user/user/user/user/user/user/user/user/user/user/user/user/user/user/user/user/user/user/user/user/user/user/user/user/user/user/user/user/user/user/user/home
2019-08-01 23:37:40 DEBUG AuthFilter:42 - User 0has permission
2019-08-01 23:37:40 DEBUG Servlet:62 - Servlet /mybank/user/user/user/user/user/user/user/user/user/user/user/user/user/user/user/user/user/user/user/user/user/user/user/user/user/user/user/user/user/user/user/user/user/user/user/user/home
2019-08-01 23:37:40 DEBUG HomeCommand:20 - User USER
2019-08-01 23:37:40 DEBUG Servlet:70 - Redirecting to redirect:user/home
2019-08-01 23:37:40 DEBUG AuthFilter:40 - URI /mybank/user/user/user/user/user/user/user/user/user/user/user/user/user/user/user/user/user/user/user/user/user/user/user/user/user/user/user/user/user/user/user/user/user/user/user/user/user/home
2019-08-01 23:37:40 DEBUG AuthFilter:42 - User 0has permission
2019-08-01 23:37:40 DEBUG Servlet:62 - Servlet /mybank/user/user/user/user/user/user/user/user/user/user/user/user/user/user/user/user/user/user/user/user/user/user/user/user/user/user/user/user/user/user/user/user/user/user/user/user/user/home
2019-08-01 23:37:40 DEBUG HomeCommand:20 - User USER
2019-08-01 23:37:40 DEBUG Servlet:70 - Redirecting to redirect:user/home
2019-08-01 23:37:40 DEBUG AuthFilter:40 - URI /mybank/user/user/user/user/user/user/user/user/user/user/user/user/user/user/user/user/user/user/user/user/user/user/user/user/user/user/user/user/user/user/user/user/user/user/user/user/user/user/home
2019-08-01 23:37:40 DEBUG AuthFilter:42 - User 0has permission
2019-08-01 23:37:40 DEBUG Servlet:62 - Servlet /mybank/user/user/user/user/user/user/user/user/user/user/user/user/user/user/user/user/user/user/user/user/user/user/user/user/user/user/user/user/user/user/user/user/user/user/user/user/user/user/home
2019-08-01 23:37:40 DEBUG HomeCommand:20 - User USER
2019-08-01 23:37:40 DEBUG Servlet:70 - Redirecting to redirect:user/home
2019-08-01 23:37:40 DEBUG AuthFilter:40 - URI /mybank/user/user/user/user/user/user/user/user/user/user/user/user/user/user/user/user/user/user/user/user/user/user/user/user/user/user/user/user/user/user/user/user/user/user/user/user/user/user/user/home
2019-08-01 23:37:40 DEBUG AuthFilter:42 - User 0has permission
2019-08-01 23:37:40 DEBUG Servlet:62 - Servlet /mybank/user/user/user/user/user/user/user/user/user/user/user/user/user/user/user/user/user/user/user/user/user/user/user/user/user/user/user/user/user/user/user/user/user/user/user/user/user/user/user/home
2019-08-01 23:37:40 DEBUG HomeCommand:20 - User USER
2019-08-01 23:37:40 DEBUG Servlet:70 - Redirecting to redirect:user/home
2019-08-01 23:37:45 DEBUG AuthFilter:40 - URI /mybank/user/user/user/user/user/user/user/user/user/user/user/user/user/user/user/user/user/user/user/user/home
2019-08-01 23:37:45 DEBUG AuthFilter:42 - User 0has permission
2019-08-01 23:37:45 DEBUG Servlet:62 - Servlet /mybank/user/user/user/user/user/user/user/user/user/user/user/user/user/user/user/user/user/user/user/user/home
2019-08-01 23:37:45 DEBUG HomeCommand:20 - User USER
2019-08-01 23:37:45 DEBUG Servlet:70 - Redirecting to redirect:user/home
2019-08-01 23:37:45 DEBUG AuthFilter:40 - URI /mybank/user/user/user/user/user/user/user/user/user/user/user/user/user/user/user/user/user/user/user/user/user/home
2019-08-01 23:37:45 DEBUG AuthFilter:42 - User 0has permission
2019-08-01 23:37:45 DEBUG Servlet:62 - Servlet /mybank/user/user/user/user/user/user/user/user/user/user/user/user/user/user/user/user/user/user/user/user/user/home
2019-08-01 23:37:45 DEBUG HomeCommand:20 - User USER
2019-08-01 23:37:45 DEBUG Servlet:70 - Redirecting to redirect:user/home
2019-08-01 23:37:45 DEBUG AuthFilter:40 - URI /mybank/user/user/user/user/user/user/user/user/user/user/user/user/user/user/user/user/user/user/user/user/user/user/home
2019-08-01 23:37:45 DEBUG AuthFilter:42 - User 0has permission
2019-08-01 23:37:45 DEBUG Servlet:62 - Servlet /mybank/user/user/user/user/user/user/user/user/user/user/user/user/user/user/user/user/user/user/user/user/user/user/home
2019-08-01 23:37:45 DEBUG HomeCommand:20 - User USER
2019-08-01 23:37:45 DEBUG Servlet:70 - Redirecting to redirect:user/home
2019-08-01 23:37:45 DEBUG AuthFilter:40 - URI /mybank/user/user/user/user/user/user/user/user/user/user/user/user/user/user/user/user/user/user/user/user/user/user/user/home
2019-08-01 23:37:45 DEBUG AuthFilter:42 - User 0has permission
2019-08-01 23:37:45 DEBUG Servlet:62 - Servlet /mybank/user/user/user/user/user/user/user/user/user/user/user/user/user/user/user/user/user/user/user/user/user/user/user/home
2019-08-01 23:37:45 DEBUG HomeCommand:20 - User USER
2019-08-01 23:37:45 DEBUG Servlet:70 - Redirecting to redirect:user/home
2019-08-01 23:37:45 DEBUG AuthFilter:40 - URI /mybank/user/user/user/user/user/user/user/user/user/user/user/user/user/user/user/user/user/user/user/user/user/user/user/user/home
2019-08-01 23:37:45 DEBUG AuthFilter:42 - User 0has permission
2019-08-01 23:37:45 DEBUG Servlet:62 - Servlet /mybank/user/user/user/user/user/user/user/user/user/user/user/user/user/user/user/user/user/user/user/user/user/user/user/user/home
2019-08-01 23:37:45 DEBUG HomeCommand:20 - User USER
2019-08-01 23:37:45 DEBUG Servlet:70 - Redirecting to redirect:user/home
2019-08-01 23:37:45 DEBUG AuthFilter:40 - URI /mybank/user/user/user/user/user/user/user/user/user/user/user/user/user/user/user/user/user/user/user/user/user/user/user/user/user/home
2019-08-01 23:37:45 DEBUG AuthFilter:42 - User 0has permission
2019-08-01 23:37:45 DEBUG Servlet:62 - Servlet /mybank/user/user/user/user/user/user/user/user/user/user/user/user/user/user/user/user/user/user/user/user/user/user/user/user/user/home
2019-08-01 23:37:45 DEBUG HomeCommand:20 - User USER
2019-08-01 23:37:45 DEBUG Servlet:70 - Redirecting to redirect:user/home
2019-08-01 23:37:45 DEBUG AuthFilter:40 - URI /mybank/user/user/user/user/user/user/user/user/user/user/user/user/user/user/user/user/user/user/user/user/user/user/user/user/user/user/home
2019-08-01 23:37:45 DEBUG AuthFilter:42 - User 0has permission
2019-08-01 23:37:45 DEBUG Servlet:62 - Servlet /mybank/user/user/user/user/user/user/user/user/user/user/user/user/user/user/user/user/user/user/user/user/user/user/user/user/user/user/home
2019-08-01 23:37:45 DEBUG HomeCommand:20 - User USER
2019-08-01 23:37:45 DEBUG Servlet:70 - Redirecting to redirect:user/home
2019-08-01 23:37:45 DEBUG AuthFilter:40 - URI /mybank/user/user/user/user/user/user/user/user/user/user/user/user/user/user/user/user/user/user/user/user/user/user/user/user/user/user/user/home
2019-08-01 23:37:45 DEBUG AuthFilter:42 - User 0has permission
2019-08-01 23:37:45 DEBUG Servlet:62 - Servlet /mybank/user/user/user/user/user/user/user/user/user/user/user/user/user/user/user/user/user/user/user/user/user/user/user/user/user/user/user/home
2019-08-01 23:37:45 DEBUG HomeCommand:20 - User USER
2019-08-01 23:37:45 DEBUG Servlet:70 - Redirecting to redirect:user/home
2019-08-01 23:37:45 DEBUG AuthFilter:40 - URI /mybank/user/user/user/user/user/user/user/user/user/user/user/user/user/user/user/user/user/user/user/user/user/user/user/user/user/user/user/user/home
2019-08-01 23:37:45 DEBUG AuthFilter:42 - User 0has permission
2019-08-01 23:37:45 DEBUG Servlet:62 - Servlet /mybank/user/user/user/user/user/user/user/user/user/user/user/user/user/user/user/user/user/user/user/user/user/user/user/user/user/user/user/user/home
2019-08-01 23:37:45 DEBUG HomeCommand:20 - User USER
2019-08-01 23:37:45 DEBUG Servlet:70 - Redirecting to redirect:user/home
2019-08-01 23:37:45 DEBUG AuthFilter:40 - URI /mybank/user/user/user/user/user/user/user/user/user/user/user/user/user/user/user/user/user/user/user/user/user/user/user/user/user/user/user/user/user/home
2019-08-01 23:37:45 DEBUG AuthFilter:42 - User 0has permission
2019-08-01 23:37:45 DEBUG Servlet:62 - Servlet /mybank/user/user/user/user/user/user/user/user/user/user/user/user/user/user/user/user/user/user/user/user/user/user/user/user/user/user/user/user/user/home
2019-08-01 23:37:45 DEBUG HomeCommand:20 - User USER
2019-08-01 23:37:45 DEBUG Servlet:70 - Redirecting to redirect:user/home
2019-08-01 23:37:45 DEBUG AuthFilter:40 - URI /mybank/user/user/user/user/user/user/user/user/user/user/user/user/user/user/user/user/user/user/user/user/user/user/user/user/user/user/user/user/user/user/home
2019-08-01 23:37:45 DEBUG AuthFilter:42 - User 0has permission
2019-08-01 23:37:45 DEBUG Servlet:62 - Servlet /mybank/user/user/user/user/user/user/user/user/user/user/user/user/user/user/user/user/user/user/user/user/user/user/user/user/user/user/user/user/user/user/home
2019-08-01 23:37:45 DEBUG HomeCommand:20 - User USER
2019-08-01 23:37:45 DEBUG Servlet:70 - Redirecting to redirect:user/home
2019-08-01 23:37:45 DEBUG AuthFilter:40 - URI /mybank/user/user/user/user/user/user/user/user/user/user/user/user/user/user/user/user/user/user/user/user/user/user/user/user/user/user/user/user/user/user/user/home
2019-08-01 23:37:45 DEBUG AuthFilter:42 - User 0has permission
2019-08-01 23:37:45 DEBUG Servlet:62 - Servlet /mybank/user/user/user/user/user/user/user/user/user/user/user/user/user/user/user/user/user/user/user/user/user/user/user/user/user/user/user/user/user/user/user/home
2019-08-01 23:37:45 DEBUG HomeCommand:20 - User USER
2019-08-01 23:37:45 DEBUG Servlet:70 - Redirecting to redirect:user/home
2019-08-01 23:37:45 DEBUG AuthFilter:40 - URI /mybank/user/user/user/user/user/user/user/user/user/user/user/user/user/user/user/user/user/user/user/user/user/user/user/user/user/user/user/user/user/user/user/user/home
2019-08-01 23:37:45 DEBUG AuthFilter:42 - User 0has permission
2019-08-01 23:37:45 DEBUG Servlet:62 - Servlet /mybank/user/user/user/user/user/user/user/user/user/user/user/user/user/user/user/user/user/user/user/user/user/user/user/user/user/user/user/user/user/user/user/user/home
2019-08-01 23:37:45 DEBUG HomeCommand:20 - User USER
2019-08-01 23:37:45 DEBUG Servlet:70 - Redirecting to redirect:user/home
2019-08-01 23:37:45 DEBUG AuthFilter:40 - URI /mybank/user/user/user/user/user/user/user/user/user/user/user/user/user/user/user/user/user/user/user/user/user/user/user/user/user/user/user/user/user/user/user/user/user/home
2019-08-01 23:37:45 DEBUG AuthFilter:42 - User 0has permission
2019-08-01 23:37:45 DEBUG Servlet:62 - Servlet /mybank/user/user/user/user/user/user/user/user/user/user/user/user/user/user/user/user/user/user/user/user/user/user/user/user/user/user/user/user/user/user/user/user/user/home
2019-08-01 23:37:45 DEBUG HomeCommand:20 - User USER
2019-08-01 23:37:45 DEBUG Servlet:70 - Redirecting to redirect:user/home
2019-08-01 23:37:45 DEBUG AuthFilter:40 - URI /mybank/user/user/user/user/user/user/user/user/user/user/user/user/user/user/user/user/user/user/user/user/user/user/user/user/user/user/user/user/user/user/user/user/user/user/home
2019-08-01 23:37:45 DEBUG AuthFilter:42 - User 0has permission
2019-08-01 23:37:45 DEBUG Servlet:62 - Servlet /mybank/user/user/user/user/user/user/user/user/user/user/user/user/user/user/user/user/user/user/user/user/user/user/user/user/user/user/user/user/user/user/user/user/user/user/home
2019-08-01 23:37:45 DEBUG HomeCommand:20 - User USER
2019-08-01 23:37:45 DEBUG Servlet:70 - Redirecting to redirect:user/home
2019-08-01 23:37:45 DEBUG AuthFilter:40 - URI /mybank/user/user/user/user/user/user/user/user/user/user/user/user/user/user/user/user/user/user/user/user/user/user/user/user/user/user/user/user/user/user/user/user/user/user/user/home
2019-08-01 23:37:45 DEBUG AuthFilter:42 - User 0has permission
2019-08-01 23:37:45 DEBUG Servlet:62 - Servlet /mybank/user/user/user/user/user/user/user/user/user/user/user/user/user/user/user/user/user/user/user/user/user/user/user/user/user/user/user/user/user/user/user/user/user/user/user/home
2019-08-01 23:37:45 DEBUG HomeCommand:20 - User USER
2019-08-01 23:37:45 DEBUG Servlet:70 - Redirecting to redirect:user/home
2019-08-01 23:37:45 DEBUG AuthFilter:40 - URI /mybank/user/user/user/user/user/user/user/user/user/user/user/user/user/user/user/user/user/user/user/user/user/user/user/user/user/user/user/user/user/user/user/user/user/user/user/user/home
2019-08-01 23:37:45 DEBUG AuthFilter:42 - User 0has permission
2019-08-01 23:37:45 DEBUG Servlet:62 - Servlet /mybank/user/user/user/user/user/user/user/user/user/user/user/user/user/user/user/user/user/user/user/user/user/user/user/user/user/user/user/user/user/user/user/user/user/user/user/user/home
2019-08-01 23:37:45 DEBUG HomeCommand:20 - User USER
2019-08-01 23:37:45 DEBUG Servlet:70 - Redirecting to redirect:user/home
2019-08-01 23:37:45 DEBUG AuthFilter:40 - URI /mybank/user/user/user/user/user/user/user/user/user/user/user/user/user/user/user/user/user/user/user/user/user/user/user/user/user/user/user/user/user/user/user/user/user/user/user/user/user/home
2019-08-01 23:37:45 DEBUG AuthFilter:42 - User 0has permission
2019-08-01 23:37:45 DEBUG Servlet:62 - Servlet /mybank/user/user/user/user/user/user/user/user/user/user/user/user/user/user/user/user/user/user/user/user/user/user/user/user/user/user/user/user/user/user/user/user/user/user/user/user/user/home
2019-08-01 23:37:45 DEBUG HomeCommand:20 - User USER
2019-08-01 23:37:45 DEBUG Servlet:70 - Redirecting to redirect:user/home
2019-08-01 23:37:45 DEBUG AuthFilter:40 - URI /mybank/user/user/user/user/user/user/user/user/user/user/user/user/user/user/user/user/user/user/user/user/user/user/user/user/user/user/user/user/user/user/user/user/user/user/user/user/user/user/home
2019-08-01 23:37:45 DEBUG AuthFilter:42 - User 0has permission
2019-08-01 23:37:45 DEBUG Servlet:62 - Servlet /mybank/user/user/user/user/user/user/user/user/user/user/user/user/user/user/user/user/user/user/user/user/user/user/user/user/user/user/user/user/user/user/user/user/user/user/user/user/user/user/home
2019-08-01 23:37:45 DEBUG HomeCommand:20 - User USER
2019-08-01 23:37:45 DEBUG Servlet:70 - Redirecting to redirect:user/home
2019-08-01 23:37:45 DEBUG AuthFilter:40 - URI /mybank/user/user/user/user/user/user/user/user/user/user/user/user/user/user/user/user/user/user/user/user/user/user/user/user/user/user/user/user/user/user/user/user/user/user/user/user/user/user/user/home
2019-08-01 23:37:45 DEBUG AuthFilter:42 - User 0has permission
2019-08-01 23:37:45 DEBUG Servlet:62 - Servlet /mybank/user/user/user/user/user/user/user/user/user/user/user/user/user/user/user/user/user/user/user/user/user/user/user/user/user/user/user/user/user/user/user/user/user/user/user/user/user/user/user/home
2019-08-01 23:37:45 DEBUG HomeCommand:20 - User USER
2019-08-01 23:37:45 DEBUG Servlet:70 - Redirecting to redirect:user/home
2019-08-01 23:39:00 DEBUG AuthFilter:40 - URI /mybank/
2019-08-01 23:39:00 DEBUG AuthFilter:42 - User 0has permission
2019-08-01 23:39:00 DEBUG AuthFilter:40 - URI /mybank/home;jsessionid=D8D71C4B8AC861DCE9FDE5D55045E601
2019-08-01 23:39:00 DEBUG AuthFilter:45 - User 0does not have permission
2019-08-01 23:39:01 DEBUG AuthFilter:40 - URI /mybank/
2019-08-01 23:39:01 DEBUG AuthFilter:42 - User 0has permission
2019-08-01 23:39:01 DEBUG AuthFilter:40 - URI /mybank/home
2019-08-01 23:39:01 DEBUG AuthFilter:42 - User 0has permission
2019-08-01 23:39:01 DEBUG Servlet:62 - Servlet /mybank/home
2019-08-01 23:39:01 DEBUG HomeCommand:20 - User GUEST
2019-08-01 23:39:01 DEBUG Servlet:70 - Redirecting to redirect:/mybank/guest/login_form
2019-08-01 23:39:01 DEBUG AuthFilter:40 - URI /mybank/guest/login_form
2019-08-01 23:39:01 DEBUG AuthFilter:42 - User 0has permission
2019-08-01 23:39:01 DEBUG Servlet:62 - Servlet /mybank/guest/login_form
2019-08-01 23:39:01 DEBUG Servlet:73 - Forwarding to /WEB-INF/jsp/guest/loginForm.jsp
2019-08-01 23:39:04 DEBUG AuthFilter:40 - URI /mybank/guest/login
2019-08-01 23:39:04 DEBUG AuthFilter:42 - User 0has permission
2019-08-01 23:39:04 DEBUG Servlet:62 - Servlet /mybank/guest/login
2019-08-01 23:39:04 DEBUG LoginCommand:54 - User USER
2019-08-01 23:39:04 DEBUG Servlet:70 - Redirecting to redirect:/mybank/home
2019-08-01 23:39:04 DEBUG AuthFilter:40 - URI /mybank/home
2019-08-01 23:39:04 DEBUG AuthFilter:42 - User 0has permission
2019-08-01 23:39:04 DEBUG Servlet:62 - Servlet /mybank/home
2019-08-01 23:39:04 DEBUG HomeCommand:20 - User USER
2019-08-01 23:39:04 DEBUG Servlet:70 - Redirecting to redirect:/mybank/user/home
2019-08-01 23:39:04 DEBUG AuthFilter:40 - URI /mybank/user/home
2019-08-01 23:39:04 DEBUG AuthFilter:42 - User 0has permission
2019-08-01 23:39:04 DEBUG Servlet:62 - Servlet /mybank/user/home
2019-08-01 23:39:04 DEBUG Servlet:73 - Forwarding to /WEB-INF/jsp/user/userHome.jsp
2019-08-01 23:39:08 DEBUG AuthFilter:40 - URI /mybank/user/sdsdsdsd
2019-08-01 23:39:08 DEBUG AuthFilter:42 - User 0has permission
2019-08-01 23:39:08 DEBUG Servlet:62 - Servlet /mybank/user/sdsdsdsd
2019-08-01 23:39:08 DEBUG HomeCommand:20 - User USER
2019-08-01 23:39:08 DEBUG Servlet:70 - Redirecting to redirect:/mybank/user/home
2019-08-01 23:39:08 DEBUG AuthFilter:40 - URI /mybank/user/home
2019-08-01 23:39:08 DEBUG AuthFilter:42 - User 0has permission
2019-08-01 23:39:08 DEBUG Servlet:62 - Servlet /mybank/user/home
2019-08-01 23:39:08 DEBUG Servlet:73 - Forwarding to /WEB-INF/jsp/user/userHome.jsp
2019-08-01 23:47:45 DEBUG AuthFilter:40 - URI /mybank/
2019-08-01 23:47:45 DEBUG AuthFilter:42 - User 0has permission
2019-08-01 23:47:45 DEBUG AuthFilter:40 - URI /mybank/home;jsessionid=AAFAD828E1D59FADEB0D4BF0DAF3F720
2019-08-01 23:47:45 DEBUG AuthFilter:45 - User 0does not have permission
2019-08-01 23:47:45 DEBUG AuthFilter:40 - URI /mybank/
2019-08-01 23:47:45 DEBUG AuthFilter:42 - User 0has permission
2019-08-01 23:47:45 DEBUG AuthFilter:40 - URI /mybank/home
2019-08-01 23:47:45 DEBUG AuthFilter:42 - User 0has permission
2019-08-01 23:47:45 DEBUG Servlet:62 - Servlet /mybank/home
2019-08-01 23:47:45 DEBUG HomeCommand:20 - User GUEST
2019-08-01 23:47:45 DEBUG Servlet:70 - Redirecting to redirect:/mybank/guest/login_form
2019-08-01 23:47:45 DEBUG AuthFilter:40 - URI /mybank/guest/login_form
2019-08-01 23:47:45 DEBUG AuthFilter:42 - User 0has permission
2019-08-01 23:47:45 DEBUG Servlet:62 - Servlet /mybank/guest/login_form
2019-08-01 23:47:45 DEBUG Servlet:73 - Forwarding to /WEB-INF/jsp/guest/loginForm.jsp
2019-08-01 23:47:51 DEBUG AuthFilter:40 - URI /mybank/guest/login
2019-08-01 23:47:51 DEBUG AuthFilter:42 - User 0has permission
2019-08-01 23:47:51 DEBUG Servlet:62 - Servlet /mybank/guest/login
2019-08-01 23:47:51 DEBUG LoginCommand:54 - User USER
2019-08-01 23:47:51 DEBUG Servlet:70 - Redirecting to redirect:/mybank/home
2019-08-01 23:47:51 DEBUG AuthFilter:40 - URI /mybank/home
2019-08-01 23:47:51 DEBUG AuthFilter:42 - User 0has permission
2019-08-01 23:47:51 DEBUG Servlet:62 - Servlet /mybank/home
2019-08-01 23:47:51 DEBUG HomeCommand:20 - User USER
2019-08-01 23:47:51 DEBUG Servlet:70 - Redirecting to redirect:/mybank/user/home
2019-08-01 23:47:51 DEBUG AuthFilter:40 - URI /mybank/user/home
2019-08-01 23:47:51 DEBUG AuthFilter:42 - User 0has permission
2019-08-01 23:47:51 DEBUG Servlet:62 - Servlet /mybank/user/home
2019-08-01 23:47:51 DEBUG Servlet:73 - Forwarding to /WEB-INF/jsp/user/userHome.jsp
2019-08-01 23:49:22 DEBUG AuthFilter:40 - URI /mybank/
2019-08-01 23:49:22 DEBUG AuthFilter:42 - User 0has permission
2019-08-01 23:49:23 DEBUG AuthFilter:40 - URI /mybank/home;jsessionid=D1C821EC71C2898CD3CF0332DEE56C20
2019-08-01 23:49:23 DEBUG AuthFilter:45 - User 0does not have permission
2019-08-01 23:49:23 DEBUG AuthFilter:40 - URI /mybank/
2019-08-01 23:49:23 DEBUG AuthFilter:42 - User 0has permission
2019-08-01 23:49:23 DEBUG AuthFilter:40 - URI /mybank/home
2019-08-01 23:49:23 DEBUG AuthFilter:42 - User 0has permission
2019-08-01 23:49:23 DEBUG Servlet:62 - Servlet /mybank/home
2019-08-01 23:49:23 DEBUG HomeCommand:20 - User GUEST
2019-08-01 23:49:23 DEBUG Servlet:70 - Redirecting to redirect:/mybank/guest/login_form
2019-08-01 23:49:23 DEBUG AuthFilter:40 - URI /mybank/guest/login_form
2019-08-01 23:49:23 DEBUG AuthFilter:42 - User 0has permission
2019-08-01 23:49:23 DEBUG Servlet:62 - Servlet /mybank/guest/login_form
2019-08-01 23:49:23 DEBUG Servlet:73 - Forwarding to /WEB-INF/jsp/guest/loginForm.jsp
2019-08-01 23:49:33 DEBUG AuthFilter:40 - URI /mybank/guest/login
2019-08-01 23:49:33 DEBUG AuthFilter:42 - User 0has permission
2019-08-01 23:49:33 DEBUG Servlet:62 - Servlet /mybank/guest/login
2019-08-01 23:49:33 DEBUG LoginCommand:54 - User USER
2019-08-01 23:49:33 DEBUG Servlet:70 - Redirecting to redirect:/mybank/home
2019-08-01 23:49:33 DEBUG AuthFilter:40 - URI /mybank/home
2019-08-01 23:49:33 DEBUG AuthFilter:42 - User 0has permission
2019-08-01 23:49:33 DEBUG Servlet:62 - Servlet /mybank/home
2019-08-01 23:49:33 DEBUG HomeCommand:20 - User USER
2019-08-01 23:49:33 DEBUG Servlet:70 - Redirecting to redirect:/mybank/user/home
2019-08-01 23:49:33 DEBUG AuthFilter:40 - URI /mybank/user/home
2019-08-01 23:49:33 DEBUG AuthFilter:42 - User 0has permission
2019-08-01 23:49:33 DEBUG Servlet:62 - Servlet /mybank/user/home
2019-08-01 23:49:33 DEBUG Servlet:73 - Forwarding to /WEB-INF/jsp/user/userHome.jsp
2019-08-01 23:49:40 DEBUG AuthFilter:40 - URI /mybank/user/home
2019-08-01 23:49:40 DEBUG AuthFilter:42 - User 0has permission
2019-08-01 23:49:40 DEBUG Servlet:62 - Servlet /mybank/user/home
2019-08-01 23:49:40 DEBUG Servlet:73 - Forwarding to /WEB-INF/jsp/user/userHome.jsp
2019-08-01 23:49:40 DEBUG AuthFilter:40 - URI /mybank/user/account/all_accounts/
2019-08-01 23:49:40 DEBUG AuthFilter:42 - User 0has permission
2019-08-01 23:49:40 DEBUG Servlet:62 - Servlet /mybank/user/account/all_accounts/
2019-08-01 23:49:40 DEBUG HomeCommand:20 - User USER
2019-08-01 23:49:40 DEBUG Servlet:70 - Redirecting to redirect:/mybank/user/home
2019-08-01 23:49:41 DEBUG AuthFilter:40 - URI /mybank/user/home
2019-08-01 23:49:41 DEBUG AuthFilter:42 - User 0has permission
2019-08-01 23:49:41 DEBUG Servlet:62 - Servlet /mybank/user/home
2019-08-01 23:49:41 DEBUG Servlet:73 - Forwarding to /WEB-INF/jsp/user/userHome.jsp
2019-08-01 23:49:41 DEBUG AuthFilter:40 - URI /mybank/user/account/deposit/open/
2019-08-01 23:49:41 DEBUG AuthFilter:42 - User 0has permission
2019-08-01 23:49:41 DEBUG Servlet:62 - Servlet /mybank/user/account/deposit/open/
2019-08-01 23:49:41 DEBUG HomeCommand:20 - User USER
2019-08-01 23:49:41 DEBUG Servlet:70 - Redirecting to redirect:/mybank/user/home
2019-08-01 23:49:41 DEBUG AuthFilter:40 - URI /mybank/user/home
2019-08-01 23:49:41 DEBUG AuthFilter:42 - User 0has permission
2019-08-01 23:49:41 DEBUG Servlet:62 - Servlet /mybank/user/home
2019-08-01 23:49:41 DEBUG Servlet:73 - Forwarding to /WEB-INF/jsp/user/userHome.jsp
2019-08-01 23:49:41 DEBUG AuthFilter:40 - URI /mybank/user/account/credit/open/
2019-08-01 23:49:41 DEBUG AuthFilter:42 - User 0has permission
2019-08-01 23:49:41 DEBUG Servlet:62 - Servlet /mybank/user/account/credit/open/
2019-08-01 23:49:41 DEBUG HomeCommand:20 - User USER
2019-08-01 23:49:41 DEBUG Servlet:70 - Redirecting to redirect:/mybank/user/home
2019-08-01 23:49:41 DEBUG AuthFilter:40 - URI /mybank/user/home
2019-08-01 23:49:41 DEBUG AuthFilter:42 - User 0has permission
2019-08-01 23:49:41 DEBUG Servlet:62 - Servlet /mybank/user/home
2019-08-01 23:49:41 DEBUG Servlet:73 - Forwarding to /WEB-INF/jsp/user/userHome.jsp
2019-08-01 23:49:48 DEBUG AuthFilter:40 - URI /mybank/user/logout
2019-08-01 23:49:48 DEBUG AuthFilter:42 - User 0has permission
2019-08-01 23:49:48 DEBUG Servlet:62 - Servlet /mybank/user/logout
2019-08-01 23:49:48 DEBUG Servlet:70 - Redirecting to redirect:/mybank/guest/login_form
2019-08-01 23:49:48 DEBUG AuthFilter:40 - URI /mybank/guest/login_form
2019-08-01 23:49:48 DEBUG AuthFilter:42 - User 0has permission
2019-08-01 23:49:48 DEBUG Servlet:62 - Servlet /mybank/guest/login_form
2019-08-01 23:49:48 DEBUG Servlet:73 - Forwarding to /WEB-INF/jsp/guest/loginForm.jsp
2019-08-01 23:49:55 DEBUG AuthFilter:40 - URI /mybank/user/login_form
2019-08-01 23:49:55 DEBUG AuthFilter:45 - User 0does not have permission
2019-08-01 23:49:59 DEBUG AuthFilter:40 - URI /mybank/user/home
2019-08-01 23:49:59 DEBUG AuthFilter:45 - User 0does not have permission
2019-08-01 23:50:05 DEBUG AuthFilter:40 - URI /mybank/guest/login
2019-08-01 23:50:05 DEBUG AuthFilter:42 - User 0has permission
2019-08-01 23:50:05 DEBUG Servlet:62 - Servlet /mybank/guest/login
2019-08-01 23:50:05 DEBUG LoginCommand:54 - User USER
2019-08-01 23:50:05 DEBUG Servlet:70 - Redirecting to redirect:/mybank/home
2019-08-01 23:50:05 DEBUG AuthFilter:40 - URI /mybank/home
2019-08-01 23:50:05 DEBUG AuthFilter:42 - User 0has permission
2019-08-01 23:50:05 DEBUG Servlet:62 - Servlet /mybank/home
2019-08-01 23:50:05 DEBUG HomeCommand:20 - User USER
2019-08-01 23:50:05 DEBUG Servlet:70 - Redirecting to redirect:/mybank/user/home
2019-08-01 23:50:05 DEBUG AuthFilter:40 - URI /mybank/user/home
2019-08-01 23:50:05 DEBUG AuthFilter:42 - User 0has permission
2019-08-01 23:50:05 DEBUG Servlet:62 - Servlet /mybank/user/home
2019-08-01 23:50:05 DEBUG Servlet:73 - Forwarding to /WEB-INF/jsp/user/userHome.jsp
2019-08-01 23:50:12 DEBUG AuthFilter:40 - URI /mybank/user/account/deposit/open/
2019-08-01 23:50:12 DEBUG AuthFilter:42 - User 0has permission
2019-08-01 23:50:12 DEBUG Servlet:62 - Servlet /mybank/user/account/deposit/open/
2019-08-01 23:50:12 DEBUG HomeCommand:20 - User USER
2019-08-01 23:50:12 DEBUG Servlet:70 - Redirecting to redirect:/mybank/user/home
2019-08-01 23:50:12 DEBUG AuthFilter:40 - URI /mybank/user/home
2019-08-01 23:50:12 DEBUG AuthFilter:42 - User 0has permission
2019-08-01 23:50:12 DEBUG Servlet:62 - Servlet /mybank/user/home
2019-08-01 23:50:12 DEBUG Servlet:73 - Forwarding to /WEB-INF/jsp/user/userHome.jsp
2019-08-01 23:50:14 DEBUG AuthFilter:40 - URI /mybank/user/account/deposit/open/
2019-08-01 23:50:14 DEBUG AuthFilter:42 - User 0has permission
2019-08-01 23:50:14 DEBUG Servlet:62 - Servlet /mybank/user/account/deposit/open/
2019-08-01 23:50:14 DEBUG HomeCommand:20 - User USER
2019-08-01 23:50:14 DEBUG Servlet:70 - Redirecting to redirect:/mybank/user/home
2019-08-01 23:50:14 DEBUG AuthFilter:40 - URI /mybank/user/home
2019-08-01 23:50:14 DEBUG AuthFilter:42 - User 0has permission
2019-08-01 23:50:14 DEBUG Servlet:62 - Servlet /mybank/user/home
2019-08-01 23:50:14 DEBUG Servlet:73 - Forwarding to /WEB-INF/jsp/user/userHome.jsp
2019-08-01 23:51:40 DEBUG AuthFilter:40 - URI /mybank/
2019-08-01 23:51:40 DEBUG AuthFilter:42 - User 0has permission
2019-08-01 23:51:40 DEBUG AuthFilter:40 - URI /mybank/home;jsessionid=41B68C6BBD2B56DA0552EE2CBB7AA666
2019-08-01 23:51:40 DEBUG AuthFilter:45 - User 0does not have permission
2019-08-01 23:51:40 DEBUG AuthFilter:40 - URI /mybank/
2019-08-01 23:51:40 DEBUG AuthFilter:42 - User 0has permission
2019-08-01 23:51:40 DEBUG AuthFilter:40 - URI /mybank/home
2019-08-01 23:51:40 DEBUG AuthFilter:42 - User 0has permission
2019-08-01 23:51:40 DEBUG Servlet:62 - Servlet /mybank/home
2019-08-01 23:51:40 DEBUG HomeCommand:20 - User GUEST
2019-08-01 23:51:40 DEBUG Servlet:71 - Redirecting to redirect:/mybank/guest/login_form
2019-08-01 23:51:40 DEBUG AuthFilter:40 - URI /mybank/guest/login_form
2019-08-01 23:51:40 DEBUG AuthFilter:42 - User 0has permission
2019-08-01 23:51:40 DEBUG Servlet:62 - Servlet /mybank/guest/login_form
2019-08-01 23:51:40 DEBUG Servlet:74 - Forwarding to /WEB-INF/jsp/guest/loginForm.jsp
2019-08-01 23:51:44 DEBUG AuthFilter:40 - URI /mybank/guest/sdsd
2019-08-01 23:51:44 DEBUG AuthFilter:42 - User 0has permission
2019-08-01 23:51:44 DEBUG Servlet:62 - Servlet /mybank/guest/sdsd
2019-08-01 23:58:31 DEBUG AuthFilter:40 - URI /mybank/
2019-08-01 23:58:31 DEBUG AuthFilter:42 - User 0has permission
2019-08-01 23:58:32 DEBUG AuthFilter:40 - URI /mybank/home;jsessionid=68097F875E64DF317C61AC704A0D0F2E
2019-08-01 23:58:32 DEBUG AuthFilter:45 - User 0does not have permission
2019-08-01 23:58:32 DEBUG AuthFilter:40 - URI /mybank/
2019-08-01 23:58:32 DEBUG AuthFilter:42 - User 0has permission
2019-08-01 23:58:32 DEBUG AuthFilter:40 - URI /mybank/home
2019-08-01 23:58:32 DEBUG AuthFilter:42 - User 0has permission
2019-08-01 23:58:32 DEBUG Servlet:62 - Servlet /mybank/home
2019-08-01 23:58:32 DEBUG HomeCommand:20 - User GUEST
2019-08-01 23:58:32 DEBUG Servlet:70 - Redirecting to redirect:/mybank/guest/login_form
2019-08-01 23:58:32 DEBUG AuthFilter:40 - URI /mybank/guest/login_form
2019-08-01 23:58:32 DEBUG AuthFilter:42 - User 0has permission
2019-08-01 23:58:32 DEBUG Servlet:62 - Servlet /mybank/guest/login_form
2019-08-01 23:58:32 DEBUG Servlet:73 - Forwarding to /WEB-INF/jsp/guest/loginForm.jsp
2019-08-01 23:58:35 DEBUG AuthFilter:40 - URI /mybank/guest/sdsd
2019-08-01 23:58:35 DEBUG AuthFilter:42 - User 0has permission
2019-08-01 23:58:35 DEBUG Servlet:62 - Servlet /mybank/guest/sdsd
2019-08-01 23:58:35 DEBUG Servlet:73 - Forwarding to /WEB-INF/jsp/errors/404error.jsp
2019-08-02 11:45:13 DEBUG AuthFilter:40 - URI /mybank/
2019-08-02 11:45:13 DEBUG AuthFilter:42 - User 0has permission
2019-08-02 11:45:14 DEBUG AuthFilter:40 - URI /mybank/home;jsessionid=4242F4A0CD1626519DB14F04B4E6690D
2019-08-02 11:45:14 DEBUG AuthFilter:45 - User 0does not have permission
2019-08-02 11:45:15 DEBUG AuthFilter:40 - URI /mybank/
2019-08-02 11:45:15 DEBUG AuthFilter:42 - User 0has permission
2019-08-02 11:45:15 DEBUG AuthFilter:40 - URI /mybank/home
2019-08-02 11:45:15 DEBUG AuthFilter:42 - User 0has permission
2019-08-02 11:45:15 DEBUG Servlet:62 - Servlet /mybank/home
2019-08-02 11:45:15 DEBUG HomeCommand:20 - User GUEST
2019-08-02 11:45:15 DEBUG Servlet:70 - Redirecting to redirect:/mybank/guest/login_form
2019-08-02 11:45:15 DEBUG AuthFilter:40 - URI /mybank/guest/login_form
2019-08-02 11:45:15 DEBUG AuthFilter:42 - User 0has permission
2019-08-02 11:45:15 DEBUG Servlet:62 - Servlet /mybank/guest/login_form
2019-08-02 11:45:15 DEBUG Servlet:73 - Forwarding to /WEB-INF/jsp/guest/loginForm.jsp
2019-08-02 11:45:18 DEBUG AuthFilter:40 - URI /mybank/
2019-08-02 11:45:18 DEBUG AuthFilter:42 - User 0has permission
2019-08-02 11:45:18 DEBUG AuthFilter:40 - URI /mybank/home
2019-08-02 11:45:18 DEBUG AuthFilter:42 - User 0has permission
2019-08-02 11:45:18 DEBUG Servlet:62 - Servlet /mybank/home
2019-08-02 11:45:18 DEBUG HomeCommand:20 - User GUEST
2019-08-02 11:45:18 DEBUG Servlet:70 - Redirecting to redirect:/mybank/guest/login_form
2019-08-02 11:45:18 DEBUG AuthFilter:40 - URI /mybank/guest/login_form
2019-08-02 11:45:18 DEBUG AuthFilter:42 - User 0has permission
2019-08-02 11:45:18 DEBUG Servlet:62 - Servlet /mybank/guest/login_form
2019-08-02 11:45:18 DEBUG Servlet:73 - Forwarding to /WEB-INF/jsp/guest/loginForm.jsp
2019-08-02 11:45:30 DEBUG AuthFilter:40 - URI /mybank/guest/login
2019-08-02 11:45:30 DEBUG AuthFilter:42 - User 0has permission
2019-08-02 11:45:30 DEBUG Servlet:62 - Servlet /mybank/guest/login
2019-08-02 11:45:30 DEBUG LoginCommand:54 - User USER
2019-08-02 11:45:30 DEBUG Servlet:70 - Redirecting to redirect:/mybank/home
2019-08-02 11:45:30 DEBUG AuthFilter:40 - URI /mybank/home
2019-08-02 11:45:30 DEBUG AuthFilter:42 - User 0has permission
2019-08-02 11:45:30 DEBUG Servlet:62 - Servlet /mybank/home
2019-08-02 11:45:30 DEBUG HomeCommand:20 - User USER
2019-08-02 11:45:30 DEBUG Servlet:70 - Redirecting to redirect:/mybank/user/home
2019-08-02 11:45:30 DEBUG AuthFilter:40 - URI /mybank/user/home
2019-08-02 11:45:30 DEBUG AuthFilter:42 - User 0has permission
2019-08-02 11:45:30 DEBUG Servlet:62 - Servlet /mybank/user/home
2019-08-02 11:45:30 DEBUG Servlet:73 - Forwarding to /WEB-INF/jsp/user/userHome.jsp
2019-08-02 11:45:43 DEBUG AuthFilter:40 - URI /mybank/user/logout
2019-08-02 11:45:43 DEBUG AuthFilter:42 - User 0has permission
2019-08-02 11:45:43 DEBUG Servlet:62 - Servlet /mybank/user/logout
2019-08-02 11:45:43 DEBUG Servlet:70 - Redirecting to redirect:/mybank/guest/login_form
2019-08-02 11:45:43 DEBUG AuthFilter:40 - URI /mybank/guest/login_form
2019-08-02 11:45:43 DEBUG AuthFilter:42 - User 0has permission
2019-08-02 11:45:43 DEBUG Servlet:62 - Servlet /mybank/guest/login_form
2019-08-02 11:45:43 DEBUG Servlet:73 - Forwarding to /WEB-INF/jsp/guest/loginForm.jsp
2019-08-02 11:50:54 DEBUG AuthFilter:40 - URI /mybank/
2019-08-02 11:50:54 DEBUG AuthFilter:42 - User 0has permission
2019-08-02 11:50:54 DEBUG AuthFilter:40 - URI /mybank/home;jsessionid=1A30520ED73FC23CF73303126DA785D7
2019-08-02 11:50:54 DEBUG AuthFilter:45 - User 0does not have permission
2019-08-02 11:50:55 DEBUG AuthFilter:40 - URI /mybank/
2019-08-02 11:50:55 DEBUG AuthFilter:42 - User 0has permission
2019-08-02 11:50:55 DEBUG AuthFilter:40 - URI /mybank/home
2019-08-02 11:50:55 DEBUG AuthFilter:42 - User 0has permission
2019-08-02 11:50:55 DEBUG Servlet:62 - Servlet /mybank/home
2019-08-02 11:50:55 DEBUG HomeCommand:20 - User GUEST
2019-08-02 11:50:55 DEBUG Servlet:70 - Redirecting to redirect:/mybank/guest/login_form
2019-08-02 11:50:55 DEBUG AuthFilter:40 - URI /mybank/guest/login_form
2019-08-02 11:50:55 DEBUG AuthFilter:42 - User 0has permission
2019-08-02 11:50:55 DEBUG Servlet:62 - Servlet /mybank/guest/login_form
2019-08-02 11:50:55 DEBUG Servlet:73 - Forwarding to /WEB-INF/jsp/guest/loginForm.jsp
2019-08-02 11:51:00 DEBUG AuthFilter:40 - URI /mybank/guest/login
2019-08-02 11:51:00 DEBUG AuthFilter:42 - User 0has permission
2019-08-02 11:51:00 DEBUG Servlet:62 - Servlet /mybank/guest/login
2019-08-02 11:51:00 DEBUG LoginCommand:33 - User USER
2019-08-02 11:51:00 DEBUG Servlet:70 - Redirecting to redirect:/mybank/home
2019-08-02 11:51:00 DEBUG AuthFilter:40 - URI /mybank/home
2019-08-02 11:51:00 DEBUG AuthFilter:42 - User 0has permission
2019-08-02 11:51:00 DEBUG Servlet:62 - Servlet /mybank/home
2019-08-02 11:51:00 DEBUG HomeCommand:20 - User USER
2019-08-02 11:51:00 DEBUG Servlet:70 - Redirecting to redirect:/mybank/user/home
2019-08-02 11:51:00 DEBUG AuthFilter:40 - URI /mybank/user/home
2019-08-02 11:51:00 DEBUG AuthFilter:42 - User 0has permission
2019-08-02 11:51:00 DEBUG Servlet:62 - Servlet /mybank/user/home
2019-08-02 11:51:00 DEBUG Servlet:73 - Forwarding to /WEB-INF/jsp/user/userHome.jsp
2019-08-02 11:51:01 DEBUG AuthFilter:40 - URI /mybank/user/logout
2019-08-02 11:51:01 DEBUG AuthFilter:42 - User 0has permission
2019-08-02 11:51:01 DEBUG Servlet:62 - Servlet /mybank/user/logout
2019-08-02 11:51:01 DEBUG Servlet:70 - Redirecting to redirect:/mybank/guest/login_form
2019-08-02 11:51:01 DEBUG AuthFilter:40 - URI /mybank/guest/login_form
2019-08-02 11:51:01 DEBUG AuthFilter:42 - User 0has permission
2019-08-02 11:51:01 DEBUG Servlet:62 - Servlet /mybank/guest/login_form
2019-08-02 11:51:01 DEBUG Servlet:73 - Forwarding to /WEB-INF/jsp/guest/loginForm.jsp
2019-08-02 11:51:05 DEBUG AuthFilter:40 - URI /mybank/guest/login
2019-08-02 11:51:05 DEBUG AuthFilter:42 - User 0has permission
2019-08-02 11:51:05 DEBUG Servlet:62 - Servlet /mybank/guest/login
2019-08-02 11:51:05 DEBUG LoginCommand:33 - User ADMIN
2019-08-02 11:51:05 DEBUG Servlet:70 - Redirecting to redirect:/mybank/home
2019-08-02 11:51:05 DEBUG AuthFilter:40 - URI /mybank/home
2019-08-02 11:51:05 DEBUG AuthFilter:42 - User 0has permission
2019-08-02 11:51:05 DEBUG Servlet:62 - Servlet /mybank/home
2019-08-02 11:51:05 DEBUG HomeCommand:20 - User ADMIN
2019-08-02 11:51:05 DEBUG Servlet:70 - Redirecting to redirect:/mybank/admin/home
2019-08-02 11:51:05 DEBUG AuthFilter:40 - URI /mybank/admin/home
2019-08-02 11:51:05 DEBUG AuthFilter:42 - User 0has permission
2019-08-02 11:51:05 DEBUG Servlet:62 - Servlet /mybank/admin/home
2019-08-02 11:51:05 DEBUG Servlet:73 - Forwarding to /WEB-INF/jsp/admin/adminHome.jsp
2019-08-02 11:51:28 DEBUG AuthFilter:40 - URI /mybank/admin/home
2019-08-02 11:51:28 DEBUG AuthFilter:42 - User 0has permission
2019-08-02 11:51:28 DEBUG Servlet:62 - Servlet /mybank/admin/home
2019-08-02 11:51:28 DEBUG Servlet:73 - Forwarding to /WEB-INF/jsp/admin/adminHome.jsp
2019-08-02 11:51:39 DEBUG AuthFilter:40 - URI /mybank/admin/home
2019-08-02 11:51:39 DEBUG AuthFilter:45 - User 0does not have permission
2019-08-02 11:51:41 DEBUG AuthFilter:40 - URI /mybank/admin/home
2019-08-02 11:51:41 DEBUG AuthFilter:45 - User 0does not have permission
2019-08-02 11:51:45 DEBUG AuthFilter:40 - URI /mybank/
2019-08-02 11:51:45 DEBUG AuthFilter:42 - User 0has permission
2019-08-02 11:51:45 DEBUG AuthFilter:40 - URI /mybank/home
2019-08-02 11:51:45 DEBUG AuthFilter:42 - User 0has permission
2019-08-02 11:51:45 DEBUG Servlet:62 - Servlet /mybank/home
2019-08-02 11:51:45 DEBUG HomeCommand:20 - User GUEST
2019-08-02 11:51:45 DEBUG Servlet:70 - Redirecting to redirect:/mybank/guest/login_form
2019-08-02 11:51:45 DEBUG AuthFilter:40 - URI /mybank/guest/login_form
2019-08-02 11:51:45 DEBUG AuthFilter:42 - User 0has permission
2019-08-02 11:51:45 DEBUG Servlet:62 - Servlet /mybank/guest/login_form
2019-08-02 11:51:45 DEBUG Servlet:73 - Forwarding to /WEB-INF/jsp/guest/loginForm.jsp
2019-08-02 11:51:50 DEBUG AuthFilter:40 - URI /mybank/guest/login
2019-08-02 11:51:50 DEBUG AuthFilter:42 - User 0has permission
2019-08-02 11:51:50 DEBUG Servlet:62 - Servlet /mybank/guest/login
2019-08-02 11:51:50 DEBUG LoginCommand:33 - User ADMIN
2019-08-02 11:51:50 DEBUG Servlet:70 - Redirecting to redirect:/mybank/home
2019-08-02 11:51:50 DEBUG AuthFilter:40 - URI /mybank/home
2019-08-02 11:51:50 DEBUG AuthFilter:42 - User 0has permission
2019-08-02 11:51:50 DEBUG Servlet:62 - Servlet /mybank/home
2019-08-02 11:51:50 DEBUG HomeCommand:20 - User ADMIN
2019-08-02 11:51:50 DEBUG Servlet:70 - Redirecting to redirect:/mybank/admin/home
2019-08-02 11:51:50 DEBUG AuthFilter:40 - URI /mybank/admin/home
2019-08-02 11:51:50 DEBUG AuthFilter:42 - User 0has permission
2019-08-02 11:51:50 DEBUG Servlet:62 - Servlet /mybank/admin/home
2019-08-02 11:51:50 DEBUG Servlet:73 - Forwarding to /WEB-INF/jsp/admin/adminHome.jsp
2019-08-02 11:51:54 DEBUG AuthFilter:40 - URI /mybank/user/logout
2019-08-02 11:51:54 DEBUG AuthFilter:45 - User 0does not have permission
2019-08-02 11:52:14 DEBUG AuthFilter:40 - URI /mybank/user/logout
2019-08-02 11:52:14 DEBUG AuthFilter:45 - User 0does not have permission
2019-08-02 11:52:17 DEBUG AuthFilter:40 - URI /mybank/df
2019-08-02 11:52:17 DEBUG AuthFilter:45 - User 0does not have permission
2019-08-02 11:52:23 DEBUG AuthFilter:40 - URI /mybank/
2019-08-02 11:52:23 DEBUG AuthFilter:42 - User 0has permission
2019-08-02 11:52:23 DEBUG AuthFilter:40 - URI /mybank/home
2019-08-02 11:52:23 DEBUG AuthFilter:42 - User 0has permission
2019-08-02 11:52:23 DEBUG Servlet:62 - Servlet /mybank/home
2019-08-02 11:52:23 DEBUG HomeCommand:20 - User GUEST
2019-08-02 11:52:23 DEBUG Servlet:70 - Redirecting to redirect:/mybank/guest/login_form
2019-08-02 11:52:23 DEBUG AuthFilter:40 - URI /mybank/guest/login_form
2019-08-02 11:52:23 DEBUG AuthFilter:42 - User 0has permission
2019-08-02 11:52:23 DEBUG Servlet:62 - Servlet /mybank/guest/login_form
2019-08-02 11:52:23 DEBUG Servlet:73 - Forwarding to /WEB-INF/jsp/guest/loginForm.jsp
2019-08-02 11:52:28 DEBUG AuthFilter:40 - URI /mybank/guest/login
2019-08-02 11:52:28 DEBUG AuthFilter:42 - User 0has permission
2019-08-02 11:52:28 DEBUG Servlet:62 - Servlet /mybank/guest/login
2019-08-02 11:52:28 DEBUG LoginCommand:33 - User ADMIN
2019-08-02 11:52:28 DEBUG Servlet:70 - Redirecting to redirect:/mybank/home
2019-08-02 11:52:28 DEBUG AuthFilter:40 - URI /mybank/home
2019-08-02 11:52:28 DEBUG AuthFilter:42 - User 0has permission
2019-08-02 11:52:28 DEBUG Servlet:62 - Servlet /mybank/home
2019-08-02 11:52:28 DEBUG HomeCommand:20 - User ADMIN
2019-08-02 11:52:28 DEBUG Servlet:70 - Redirecting to redirect:/mybank/admin/home
2019-08-02 11:52:28 DEBUG AuthFilter:40 - URI /mybank/admin/home
2019-08-02 11:52:28 DEBUG AuthFilter:42 - User 0has permission
2019-08-02 11:52:28 DEBUG Servlet:62 - Servlet /mybank/admin/home
2019-08-02 11:52:28 DEBUG Servlet:73 - Forwarding to /WEB-INF/jsp/admin/adminHome.jsp
2019-08-02 11:52:29 DEBUG AuthFilter:40 - URI /mybank/admin/logout
2019-08-02 11:52:29 DEBUG AuthFilter:42 - User 0has permission
2019-08-02 11:52:29 DEBUG Servlet:62 - Servlet /mybank/admin/logout
2019-08-02 11:52:29 DEBUG Servlet:70 - Redirecting to redirect:/mybank/guest/login_form
2019-08-02 11:52:29 DEBUG AuthFilter:40 - URI /mybank/guest/login_form
2019-08-02 11:52:29 DEBUG AuthFilter:42 - User 0has permission
2019-08-02 11:52:29 DEBUG Servlet:62 - Servlet /mybank/guest/login_form
2019-08-02 11:52:29 DEBUG Servlet:73 - Forwarding to /WEB-INF/jsp/guest/loginForm.jsp
2019-08-02 11:52:33 DEBUG AuthFilter:40 - URI /mybank/admin/home
2019-08-02 11:52:33 DEBUG AuthFilter:45 - User 0does not have permission
2019-08-02 12:29:45 DEBUG AuthFilter:40 - URI /mybank/
2019-08-02 12:29:45 DEBUG AuthFilter:42 - User 0has permission
2019-08-02 12:29:45 DEBUG Servlet:32 - Getting connection to DB URL:{jdbc:mysql://localhost:3306/mybank?serverTimezone=UTC} Password:{root} User:{root}
2019-08-02 12:29:45 ERROR Servlet:38 - Cannot get connection to db
2019-08-02 12:29:46 DEBUG AuthFilter:40 - URI /mybank/
2019-08-02 12:29:46 DEBUG AuthFilter:42 - User 0has permission
2019-08-02 12:29:46 DEBUG Servlet:32 - Getting connection to DB URL:{jdbc:mysql://localhost:3306/mybank?serverTimezone=UTC} Password:{root} User:{root}
2019-08-02 12:29:46 ERROR Servlet:38 - Cannot get connection to db
2019-08-02 12:30:21 DEBUG AuthFilter:40 - URI /mybank/
2019-08-02 12:30:21 DEBUG AuthFilter:42 - User 0has permission
2019-08-02 12:30:22 DEBUG Servlet:32 - Getting connection to DB URL:{jdbc:mysql://localhost:3306/mybank} Password:{root} User:{root}
2019-08-02 12:30:22 ERROR Servlet:38 - Cannot get connection to db
2019-08-02 12:30:22 DEBUG AuthFilter:40 - URI /mybank/
2019-08-02 12:30:22 DEBUG AuthFilter:42 - User 0has permission
2019-08-02 12:30:22 DEBUG Servlet:32 - Getting connection to DB URL:{jdbc:mysql://localhost:3306/mybank} Password:{root} User:{root}
2019-08-02 12:30:22 ERROR Servlet:38 - Cannot get connection to db
2019-08-02 12:36:54 DEBUG AuthFilter:40 - URI /mybank/
2019-08-02 12:36:54 DEBUG AuthFilter:42 - User 0has permission
2019-08-02 12:36:55 DEBUG Servlet:32 - Getting connection to DB URL:{jdbc:mysql://localhost:3306/mybank} Password:{root} User:{root}
2019-08-02 12:36:56 ERROR Servlet:39 - Cannot get connection to db
2019-08-02 12:36:56 DEBUG AuthFilter:40 - URI /mybank/
2019-08-02 12:36:56 DEBUG AuthFilter:42 - User 0has permission
2019-08-02 12:36:56 DEBUG Servlet:32 - Getting connection to DB URL:{jdbc:mysql://localhost:3306/mybank} Password:{root} User:{root}
2019-08-02 12:36:56 ERROR Servlet:39 - Cannot get connection to db
2019-08-02 12:37:37 DEBUG AuthFilter:40 - URI /mybank/
2019-08-02 12:37:37 DEBUG AuthFilter:42 - User 0has permission
2019-08-02 12:37:38 DEBUG Servlet:32 - Getting connection to DB URL:{jdbc:mysql://localhost:3306/mybankdb?serverTimezone=UTC} Password:{root} User:{root}
2019-08-02 12:37:39 DEBUG AuthFilter:40 - URI /mybank/home;jsessionid=4F005E26B13D35CD9AC2CDDCF05CBC6C
2019-08-02 12:37:39 DEBUG AuthFilter:45 - User 0does not have permission
2019-08-02 12:37:39 DEBUG AuthFilter:40 - URI /mybank/
2019-08-02 12:37:39 DEBUG AuthFilter:42 - User 0has permission
2019-08-02 12:37:39 DEBUG AuthFilter:40 - URI /mybank/home
2019-08-02 12:37:39 DEBUG AuthFilter:42 - User 0has permission
2019-08-02 12:37:39 DEBUG Servlet:79 - Servlet /mybank/home
2019-08-02 12:37:39 DEBUG HomeCommand:20 - User GUEST
2019-08-02 12:37:39 DEBUG Servlet:87 - Redirecting to redirect:/mybank/guest/login_form
2019-08-02 12:37:39 DEBUG AuthFilter:40 - URI /mybank/guest/login_form
2019-08-02 12:37:39 DEBUG AuthFilter:42 - User 0has permission
2019-08-02 12:37:39 DEBUG Servlet:79 - Servlet /mybank/guest/login_form
2019-08-02 12:37:39 DEBUG Servlet:90 - Forwarding to /WEB-INF/jsp/guest/loginForm.jsp
2019-08-02 13:42:17 DEBUG AuthFilter:40 - URI /mybank/
2019-08-02 13:42:17 DEBUG AuthFilter:42 - User 0has permission
2019-08-02 13:42:17 DEBUG JDBCDaoFactory:24 - Getting connection to DB URL:{jdbc:mysql://localhost:3306/mybankdb?serverTimezone=UTC} Password:{root} User:{root}
2019-08-02 13:42:17 ERROR JDBCUserDao:55 - User was not added: java.sql.SQLException: Parameter index out of range (1 > number of parameters, which is 0).
2019-08-02 13:42:17 DEBUG AuthFilter:40 - URI /mybank/home;jsessionid=DB63B3103A9992BEAC6D88BB24985C0F
2019-08-02 13:42:17 DEBUG AuthFilter:45 - User 0does not have permission
2019-08-02 13:42:18 DEBUG AuthFilter:40 - URI /mybank/
2019-08-02 13:42:18 DEBUG AuthFilter:42 - User 0has permission
2019-08-02 13:42:18 DEBUG AuthFilter:40 - URI /mybank/home
2019-08-02 13:42:18 DEBUG AuthFilter:42 - User 0has permission
2019-08-02 13:42:18 DEBUG Servlet:76 - Servlet /mybank/home
2019-08-02 13:42:18 DEBUG HomeCommand:20 - User GUEST
2019-08-02 13:42:18 DEBUG Servlet:84 - Redirecting to redirect:/mybank/guest/login_form
2019-08-02 13:42:18 DEBUG AuthFilter:40 - URI /mybank/guest/login_form
2019-08-02 13:42:18 DEBUG AuthFilter:42 - User 0has permission
2019-08-02 13:42:18 DEBUG Servlet:76 - Servlet /mybank/guest/login_form
2019-08-02 13:42:18 DEBUG Servlet:87 - Forwarding to /WEB-INF/jsp/guest/loginForm.jsp
2019-08-02 13:43:43 DEBUG AuthFilter:40 - URI /mybank/
2019-08-02 13:43:43 DEBUG AuthFilter:42 - User 0has permission
2019-08-02 13:43:44 DEBUG JDBCDaoFactory:24 - Getting connection to DB URL:{jdbc:mysql://localhost:3306/mybankdb?serverTimezone=UTC} Password:{root} User:{root}
2019-08-02 13:43:44 ERROR JDBCUserDao:55 - User was not added: java.sql.SQLException: Parameter index out of range (1 > number of parameters, which is 0).
2019-08-02 13:43:44 DEBUG AuthFilter:40 - URI /mybank/home;jsessionid=87437B04F7EE4D65AC13F1E50ED44A69
2019-08-02 13:43:44 DEBUG AuthFilter:45 - User 0does not have permission
2019-08-02 13:43:44 DEBUG AuthFilter:40 - URI /mybank/
2019-08-02 13:43:44 DEBUG AuthFilter:42 - User 0has permission
2019-08-02 13:43:44 DEBUG AuthFilter:40 - URI /mybank/home
2019-08-02 13:43:44 DEBUG AuthFilter:42 - User 0has permission
2019-08-02 13:43:44 DEBUG Servlet:76 - Servlet /mybank/home
2019-08-02 13:43:44 DEBUG HomeCommand:20 - User GUEST
2019-08-02 13:43:44 DEBUG Servlet:84 - Redirecting to redirect:/mybank/guest/login_form
2019-08-02 13:43:44 DEBUG AuthFilter:40 - URI /mybank/guest/login_form
2019-08-02 13:43:44 DEBUG AuthFilter:42 - User 0has permission
2019-08-02 13:43:44 DEBUG Servlet:76 - Servlet /mybank/guest/login_form
2019-08-02 13:43:44 DEBUG Servlet:87 - Forwarding to /WEB-INF/jsp/guest/loginForm.jsp
2019-08-02 13:47:19 DEBUG AuthFilter:40 - URI /mybank/
2019-08-02 13:47:19 DEBUG AuthFilter:42 - User 0has permission
2019-08-02 13:47:20 DEBUG JDBCDaoFactory:24 - Getting connection to DB URL:{jdbc:mysql://localhost:3306/mybankdb?serverTimezone=UTC} Password:{root} User:{root}
2019-08-02 13:47:20 ERROR JDBCUserDao:51 - Add user com.mysql.cj.jdbc.ClientPreparedStatement: insert into users ( user_email, user_name, user_surname, user_patronymic, user_role, user_password) values ('admin@a','name','sfsf','pan','admin','admin')
2019-08-02 13:47:20 DEBUG AuthFilter:40 - URI /mybank/home;jsessionid=EBCB2C212CB765E9DD16886CCF71A052
2019-08-02 13:47:20 DEBUG AuthFilter:45 - User 0does not have permission
2019-08-02 13:47:20 DEBUG AuthFilter:40 - URI /mybank/
2019-08-02 13:47:20 DEBUG AuthFilter:42 - User 0has permission
2019-08-02 13:47:20 DEBUG AuthFilter:40 - URI /mybank/home
2019-08-02 13:47:20 DEBUG AuthFilter:42 - User 0has permission
2019-08-02 13:47:20 DEBUG Servlet:76 - Servlet /mybank/home
2019-08-02 13:47:20 DEBUG HomeCommand:20 - User GUEST
2019-08-02 13:47:20 DEBUG Servlet:84 - Redirecting to redirect:/mybank/guest/login_form
2019-08-02 13:47:20 DEBUG AuthFilter:40 - URI /mybank/guest/login_form
2019-08-02 13:47:20 DEBUG AuthFilter:42 - User 0has permission
2019-08-02 13:47:20 DEBUG Servlet:76 - Servlet /mybank/guest/login_form
2019-08-02 13:47:20 DEBUG Servlet:87 - Forwarding to /WEB-INF/jsp/guest/loginForm.jsp
2019-08-02 18:34:23 DEBUG AuthFilter:40 - URI /mybank/
2019-08-02 18:34:23 DEBUG AuthFilter:42 - User 0has permission
2019-08-02 18:34:24 DEBUG JDBCDaoFactory:24 - Getting connection to DB URL:{jdbc:mysql://localhost:3306/mybankdb?serverTimezone=UTC} Password:{root} User:{root}
2019-08-02 18:34:25 ERROR JDBCUserDao:52 - Add user com.mysql.cj.jdbc.ClientPreparedStatement: insert into users ( user_email, user_name, user_surname, user_patronymic, user_role, user_password) values ('admin@a','name','sfsf','pan','admin','admin')
2019-08-02 18:34:25 DEBUG AuthFilter:40 - URI /mybank/home;jsessionid=C500A950FEC37635722EB6EF5510076E
2019-08-02 18:34:25 DEBUG AuthFilter:45 - User 0does not have permission
2019-08-02 18:34:25 DEBUG AuthFilter:40 - URI /mybank/
2019-08-02 18:34:25 DEBUG AuthFilter:42 - User 0has permission
2019-08-02 18:34:25 DEBUG AuthFilter:40 - URI /mybank/home
2019-08-02 18:34:25 DEBUG AuthFilter:42 - User 0has permission
2019-08-02 18:34:25 DEBUG Servlet:76 - Servlet /mybank/home
2019-08-02 18:34:25 DEBUG HomeCommand:20 - User GUEST
2019-08-02 18:34:25 DEBUG Servlet:84 - Redirecting to redirect:/mybank/guest/login_form
2019-08-02 18:34:25 DEBUG AuthFilter:40 - URI /mybank/guest/login_form
2019-08-02 18:34:25 DEBUG AuthFilter:42 - User 0has permission
2019-08-02 18:34:25 DEBUG Servlet:76 - Servlet /mybank/guest/login_form
2019-08-02 18:34:25 DEBUG Servlet:87 - Forwarding to /WEB-INF/jsp/guest/loginForm.jsp
2019-08-02 18:34:27 DEBUG AuthFilter:40 - URI /mybank/guest/login
2019-08-02 18:34:27 DEBUG AuthFilter:42 - User 0has permission
2019-08-02 18:34:27 DEBUG Servlet:76 - Servlet /mybank/guest/login
2019-08-02 18:34:27 DEBUG LoginCommand:33 - User USER
2019-08-02 18:34:27 DEBUG Servlet:84 - Redirecting to redirect:/mybank/home
2019-08-02 18:34:27 DEBUG AuthFilter:40 - URI /mybank/home
2019-08-02 18:34:27 DEBUG AuthFilter:42 - User 0has permission
2019-08-02 18:34:27 DEBUG Servlet:76 - Servlet /mybank/home
2019-08-02 18:34:27 DEBUG HomeCommand:20 - User USER
2019-08-02 18:34:27 DEBUG Servlet:84 - Redirecting to redirect:/mybank/user/home
2019-08-02 18:34:27 DEBUG AuthFilter:40 - URI /mybank/user/home
2019-08-02 18:34:27 DEBUG AuthFilter:42 - User 0has permission
2019-08-02 18:34:27 DEBUG Servlet:76 - Servlet /mybank/user/home
2019-08-02 18:34:27 DEBUG Servlet:87 - Forwarding to /WEB-INF/jsp/user/userHome.jsp
2019-08-02 18:34:38 DEBUG AuthFilter:40 - URI /mybank/user/logout
2019-08-02 18:34:38 DEBUG AuthFilter:42 - User 0has permission
2019-08-02 18:34:38 DEBUG Servlet:76 - Servlet /mybank/user/logout
2019-08-02 18:34:38 DEBUG Servlet:84 - Redirecting to redirect:/mybank/guest/login_form
2019-08-02 18:34:38 DEBUG AuthFilter:40 - URI /mybank/guest/login_form
2019-08-02 18:34:38 DEBUG AuthFilter:42 - User 0has permission
2019-08-02 18:34:38 DEBUG Servlet:76 - Servlet /mybank/guest/login_form
2019-08-02 18:34:38 DEBUG Servlet:87 - Forwarding to /WEB-INF/jsp/guest/loginForm.jsp
2019-08-02 18:34:43 DEBUG AuthFilter:40 - URI /mybank/guest/reg_form
2019-08-02 18:34:43 DEBUG AuthFilter:42 - User 0has permission
2019-08-02 18:34:43 DEBUG Servlet:76 - Servlet /mybank/guest/reg_form
2019-08-02 18:34:43 DEBUG Servlet:87 - Forwarding to /WEB-INF/jsp/guest/regForm.jsp
2019-08-02 18:34:45 DEBUG AuthFilter:40 - URI /mybank/guest/registration
2019-08-02 18:34:45 DEBUG AuthFilter:42 - User 0has permission
2019-08-02 18:34:45 DEBUG Servlet:76 - Servlet /mybank/guest/registration
2019-08-02 18:34:49 DEBUG AuthFilter:40 - URI /mybank/guest/registration
2019-08-02 18:34:49 DEBUG AuthFilter:42 - User 0has permission
2019-08-02 18:34:49 DEBUG Servlet:76 - Servlet /mybank/guest/registration
2019-08-02 18:34:57 DEBUG AuthFilter:40 - URI /mybank/guest/login
2019-08-02 18:34:57 DEBUG AuthFilter:42 - User 0has permission
2019-08-02 18:34:57 DEBUG Servlet:76 - Servlet /mybank/guest/login
2019-08-02 18:35:02 DEBUG AuthFilter:40 - URI /mybank/home
2019-08-02 18:35:02 DEBUG AuthFilter:42 - User 0has permission
2019-08-02 18:35:02 DEBUG Servlet:76 - Servlet /mybank/home
2019-08-02 18:35:02 DEBUG HomeCommand:20 - User GUEST
2019-08-02 18:35:02 DEBUG Servlet:84 - Redirecting to redirect:/mybank/guest/login_form
2019-08-02 18:35:02 DEBUG AuthFilter:40 - URI /mybank/guest/login_form
2019-08-02 18:35:02 DEBUG AuthFilter:42 - User 0has permission
2019-08-02 18:35:02 DEBUG Servlet:76 - Servlet /mybank/guest/login_form
2019-08-02 18:35:02 DEBUG Servlet:87 - Forwarding to /WEB-INF/jsp/guest/loginForm.jsp
2019-08-02 18:35:04 DEBUG AuthFilter:40 - URI /mybank/guest/login
2019-08-02 18:35:04 DEBUG AuthFilter:42 - User 0has permission
2019-08-02 18:35:04 DEBUG Servlet:76 - Servlet /mybank/guest/login
2019-08-02 18:35:04 DEBUG LoginCommand:33 - User USER
2019-08-02 18:35:04 DEBUG Servlet:84 - Redirecting to redirect:/mybank/home
2019-08-02 18:35:04 DEBUG AuthFilter:40 - URI /mybank/home
2019-08-02 18:35:04 DEBUG AuthFilter:42 - User 0has permission
2019-08-02 18:35:04 DEBUG Servlet:76 - Servlet /mybank/home
2019-08-02 18:35:04 DEBUG HomeCommand:20 - User USER
2019-08-02 18:35:04 DEBUG Servlet:84 - Redirecting to redirect:/mybank/user/home
2019-08-02 18:35:04 DEBUG AuthFilter:40 - URI /mybank/user/home
2019-08-02 18:35:04 DEBUG AuthFilter:42 - User 0has permission
2019-08-02 18:35:04 DEBUG Servlet:76 - Servlet /mybank/user/home
2019-08-02 18:35:04 DEBUG Servlet:87 - Forwarding to /WEB-INF/jsp/user/userHome.jsp
2019-08-02 18:37:02 DEBUG AuthFilter:40 - URI /mybank/
2019-08-02 18:37:02 DEBUG AuthFilter:42 - User 0has permission
2019-08-02 18:37:03 DEBUG JDBCDaoFactory:24 - Getting connection to DB URL:{jdbc:mysql://localhost:3306/mybankdb?serverTimezone=UTC} Password:{root} User:{root}
2019-08-02 18:37:03 ERROR JDBCUserDao:52 - Add user com.mysql.cj.jdbc.ClientPreparedStatement: insert into users ( user_email, user_name, user_surname, user_patronymic, user_role, user_password) values ('admin@a','name','sfsf','pan','admin','admin')
2019-08-02 18:37:03 DEBUG AuthFilter:40 - URI /mybank/home;jsessionid=FE0AB7C5BD93B2848926A59B8B0A263A
2019-08-02 18:37:03 DEBUG AuthFilter:45 - User 0does not have permission
2019-08-02 18:37:03 DEBUG AuthFilter:40 - URI /mybank/
2019-08-02 18:37:03 DEBUG AuthFilter:42 - User 0has permission
2019-08-02 18:37:03 DEBUG AuthFilter:40 - URI /mybank/home
2019-08-02 18:37:03 DEBUG AuthFilter:42 - User 0has permission
2019-08-02 18:37:03 DEBUG Servlet:76 - Servlet /mybank/home
2019-08-02 18:37:03 DEBUG HomeCommand:20 - User GUEST
2019-08-02 18:37:03 DEBUG Servlet:84 - Redirecting to redirect:/mybank/guest/login_form
2019-08-02 18:37:03 DEBUG AuthFilter:40 - URI /mybank/guest/login_form
2019-08-02 18:37:03 DEBUG AuthFilter:42 - User 0has permission
2019-08-02 18:37:03 DEBUG Servlet:76 - Servlet /mybank/guest/login_form
2019-08-02 18:37:03 DEBUG Servlet:87 - Forwarding to /WEB-INF/jsp/guest/loginForm.jsp
2019-08-02 18:37:07 DEBUG AuthFilter:40 - URI /mybank/guest/reg_form
2019-08-02 18:37:07 DEBUG AuthFilter:42 - User 0has permission
2019-08-02 18:37:07 DEBUG Servlet:76 - Servlet /mybank/guest/reg_form
2019-08-02 18:37:07 DEBUG Servlet:87 - Forwarding to /WEB-INF/jsp/guest/regForm.jsp
2019-08-02 18:37:08 DEBUG AuthFilter:40 - URI /mybank/guest/registration
2019-08-02 18:37:08 DEBUG AuthFilter:42 - User 0has permission
2019-08-02 18:37:08 DEBUG Servlet:76 - Servlet /mybank/guest/registration
2019-08-02 18:37:46 DEBUG AuthFilter:40 - URI /mybank/
2019-08-02 18:37:46 DEBUG AuthFilter:42 - User 0has permission
2019-08-02 18:37:46 DEBUG JDBCDaoFactory:24 - Getting connection to DB URL:{jdbc:mysql://localhost:3306/mybankdb?serverTimezone=UTC} Password:{root} User:{root}
2019-08-02 18:37:47 ERROR JDBCUserDao:52 - Add user com.mysql.cj.jdbc.ClientPreparedStatement: insert into users ( user_email, user_name, user_surname, user_patronymic, user_role, user_password) values ('admin@a','name','sfsf','pan','admin','admin')
2019-08-02 18:37:47 DEBUG AuthFilter:40 - URI /mybank/home;jsessionid=C13BC90FF455684D9F097F99AF7AD1E2
2019-08-02 18:37:47 DEBUG AuthFilter:45 - User 0does not have permission
2019-08-02 18:37:47 DEBUG AuthFilter:40 - URI /mybank/
2019-08-02 18:37:47 DEBUG AuthFilter:42 - User 0has permission
2019-08-02 18:37:47 DEBUG AuthFilter:40 - URI /mybank/home
2019-08-02 18:37:47 DEBUG AuthFilter:42 - User 0has permission
2019-08-02 18:37:47 DEBUG Servlet:76 - Servlet /mybank/home
2019-08-02 18:37:47 DEBUG HomeCommand:20 - User GUEST
2019-08-02 18:37:47 DEBUG Servlet:84 - Redirecting to redirect:/mybank/guest/login_form
2019-08-02 18:37:47 DEBUG AuthFilter:40 - URI /mybank/guest/login_form
2019-08-02 18:37:47 DEBUG AuthFilter:42 - User 0has permission
2019-08-02 18:37:47 DEBUG Servlet:76 - Servlet /mybank/guest/login_form
2019-08-02 18:37:47 DEBUG Servlet:87 - Forwarding to /WEB-INF/jsp/guest/loginForm.jsp
2019-08-02 18:38:06 DEBUG AuthFilter:40 - URI /mybank/
2019-08-02 18:38:06 DEBUG AuthFilter:42 - User 0has permission
2019-08-02 18:38:07 DEBUG JDBCDaoFactory:24 - Getting connection to DB URL:{jdbc:mysql://localhost:3306/mybankdb?serverTimezone=UTC} Password:{root} User:{root}
2019-08-02 18:38:07 ERROR JDBCUserDao:52 - Add user com.mysql.cj.jdbc.ClientPreparedStatement: insert into users ( user_email, user_name, user_surname, user_patronymic, user_role, user_password) values ('admin@a','name','sfsf','pan','admin','admin')
2019-08-02 18:38:07 DEBUG AuthFilter:40 - URI /mybank/home;jsessionid=6ABB8CFB3E97F7281F43C7909378A28D
2019-08-02 18:38:07 DEBUG AuthFilter:45 - User 0does not have permission
2019-08-02 18:38:07 DEBUG AuthFilter:40 - URI /mybank/
2019-08-02 18:38:07 DEBUG AuthFilter:42 - User 0has permission
2019-08-02 18:38:07 DEBUG AuthFilter:40 - URI /mybank/home
2019-08-02 18:38:07 DEBUG AuthFilter:42 - User 0has permission
2019-08-02 18:38:07 DEBUG Servlet:76 - Servlet /mybank/home
2019-08-02 18:38:07 DEBUG HomeCommand:20 - User GUEST
2019-08-02 18:38:07 DEBUG Servlet:84 - Redirecting to redirect:/mybank/guest/login_form
2019-08-02 18:38:07 DEBUG AuthFilter:40 - URI /mybank/guest/login_form
2019-08-02 18:38:07 DEBUG AuthFilter:42 - User 0has permission
2019-08-02 18:38:07 DEBUG Servlet:76 - Servlet /mybank/guest/login_form
2019-08-02 18:38:07 DEBUG Servlet:87 - Forwarding to /WEB-INF/jsp/guest/loginForm.jsp
2019-08-02 18:40:07 DEBUG AuthFilter:40 - URI /mybank/
2019-08-02 18:40:07 DEBUG AuthFilter:42 - User 0has permission
2019-08-02 18:40:08 DEBUG JDBCDaoFactory:24 - Getting connection to DB URL:{jdbc:mysql://localhost:3306/mybankdb?serverTimezone=UTC} Password:{root} User:{root}
2019-08-02 18:40:08 ERROR JDBCUserDao:52 - Add user com.mysql.cj.jdbc.ClientPreparedStatement: insert into users ( user_email, user_name, user_surname, user_patronymic, user_role, user_password) values ('admin@a','name','sfsf','pan','admin','admin')
2019-08-02 18:40:08 DEBUG AuthFilter:40 - URI /mybank/home;jsessionid=914A0B2E298AAFE9D2E52C88D8EA4407
2019-08-02 18:40:08 DEBUG AuthFilter:45 - User 0does not have permission
2019-08-02 18:40:08 DEBUG AuthFilter:40 - URI /mybank/
2019-08-02 18:40:08 DEBUG AuthFilter:42 - User 0has permission
2019-08-02 18:40:08 DEBUG AuthFilter:40 - URI /mybank/home
2019-08-02 18:40:08 DEBUG AuthFilter:42 - User 0has permission
2019-08-02 18:40:08 DEBUG Servlet:76 - Servlet /mybank/home
2019-08-02 18:40:08 DEBUG HomeCommand:20 - User GUEST
2019-08-02 18:40:08 DEBUG Servlet:84 - Redirecting to redirect:/mybank/guest/login_form
2019-08-02 18:40:08 DEBUG AuthFilter:40 - URI /mybank/guest/login_form
2019-08-02 18:40:08 DEBUG AuthFilter:42 - User 0has permission
2019-08-02 18:40:08 DEBUG Servlet:76 - Servlet /mybank/guest/login_form
2019-08-02 18:40:08 DEBUG Servlet:87 - Forwarding to /WEB-INF/jsp/guest/loginForm.jsp
2019-08-02 18:40:10 DEBUG AuthFilter:40 - URI /mybank/guest/login
2019-08-02 18:40:10 DEBUG AuthFilter:42 - User 0has permission
2019-08-02 18:40:10 DEBUG Servlet:76 - Servlet /mybank/guest/login
2019-08-02 18:40:10 DEBUG LoginCommand:33 - User USER
2019-08-02 18:40:10 DEBUG Servlet:84 - Redirecting to redirect:/mybank/home
2019-08-02 18:40:10 DEBUG AuthFilter:40 - URI /mybank/home
2019-08-02 18:40:10 DEBUG AuthFilter:42 - User 0has permission
2019-08-02 18:40:10 DEBUG Servlet:76 - Servlet /mybank/home
2019-08-02 18:40:10 DEBUG HomeCommand:20 - User USER
2019-08-02 18:40:10 DEBUG Servlet:84 - Redirecting to redirect:/mybank/user/home
2019-08-02 18:40:10 DEBUG AuthFilter:40 - URI /mybank/user/home
2019-08-02 18:40:10 DEBUG AuthFilter:42 - User 0has permission
2019-08-02 18:40:10 DEBUG Servlet:76 - Servlet /mybank/user/home
2019-08-02 18:40:10 DEBUG Servlet:87 - Forwarding to /WEB-INF/jsp/user/userHome.jsp
2019-08-02 18:40:33 DEBUG AuthFilter:40 - URI /mybank/
2019-08-02 18:40:33 DEBUG AuthFilter:42 - User 0has permission
2019-08-02 18:40:34 DEBUG JDBCDaoFactory:24 - Getting connection to DB URL:{jdbc:mysql://localhost:3306/mybankdb?serverTimezone=UTC} Password:{root} User:{root}
2019-08-02 18:40:34 ERROR JDBCUserDao:52 - Add user com.mysql.cj.jdbc.ClientPreparedStatement: insert into users ( user_email, user_name, user_surname, user_patronymic, user_role, user_password) values ('admin@a','name','sfsf','pan','admin','admin')
2019-08-02 18:40:34 DEBUG AuthFilter:40 - URI /mybank/home;jsessionid=4CE3F740FD7B75102440DB547575D803
2019-08-02 18:40:34 DEBUG AuthFilter:45 - User 0does not have permission
2019-08-02 18:40:35 DEBUG AuthFilter:40 - URI /mybank/
2019-08-02 18:40:35 DEBUG AuthFilter:42 - User 0has permission
2019-08-02 18:40:35 DEBUG AuthFilter:40 - URI /mybank/home
2019-08-02 18:40:35 DEBUG AuthFilter:42 - User 0has permission
2019-08-02 18:40:35 DEBUG Servlet:76 - Servlet /mybank/home
2019-08-02 18:40:35 DEBUG HomeCommand:20 - User GUEST
2019-08-02 18:40:35 DEBUG Servlet:84 - Redirecting to redirect:/mybank/guest/login_form
2019-08-02 18:40:35 DEBUG AuthFilter:40 - URI /mybank/guest/login_form
2019-08-02 18:40:35 DEBUG AuthFilter:42 - User 0has permission
2019-08-02 18:40:35 DEBUG Servlet:76 - Servlet /mybank/guest/login_form
2019-08-02 18:40:35 DEBUG Servlet:87 - Forwarding to /WEB-INF/jsp/guest/loginForm.jsp
2019-08-02 18:40:37 DEBUG AuthFilter:40 - URI /mybank/guest/login
2019-08-02 18:40:37 DEBUG AuthFilter:42 - User 0has permission
2019-08-02 18:40:37 DEBUG Servlet:76 - Servlet /mybank/guest/login
2019-08-02 18:40:37 DEBUG LoginCommand:33 - User USER
2019-08-02 18:40:37 DEBUG Servlet:84 - Redirecting to redirect:/mybank/home
2019-08-02 18:40:37 DEBUG AuthFilter:40 - URI /mybank/home
2019-08-02 18:40:37 DEBUG AuthFilter:42 - User 0has permission
2019-08-02 18:40:37 DEBUG Servlet:76 - Servlet /mybank/home
2019-08-02 18:40:37 DEBUG HomeCommand:20 - User USER
2019-08-02 18:40:37 DEBUG Servlet:84 - Redirecting to redirect:/mybank/user/home
2019-08-02 18:40:37 DEBUG AuthFilter:40 - URI /mybank/user/home
2019-08-02 18:40:37 DEBUG AuthFilter:42 - User 0has permission
2019-08-02 18:40:37 DEBUG Servlet:76 - Servlet /mybank/user/home
2019-08-02 18:40:37 DEBUG Servlet:87 - Forwarding to /WEB-INF/jsp/user/userHome.jsp
2019-08-02 18:40:56 DEBUG AuthFilter:40 - URI /mybank/
2019-08-02 18:40:56 DEBUG AuthFilter:42 - User 0has permission
2019-08-02 18:40:57 DEBUG JDBCDaoFactory:24 - Getting connection to DB URL:{jdbc:mysql://localhost:3306/mybankdb?serverTimezone=UTC} Password:{root} User:{root}
2019-08-02 18:40:57 ERROR JDBCUserDao:52 - Add user com.mysql.cj.jdbc.ClientPreparedStatement: insert into users ( user_email, user_name, user_surname, user_patronymic, user_role, user_password) values ('admin@a','name','sfsf','pan','admin','admin')
2019-08-02 18:40:58 DEBUG AuthFilter:40 - URI /mybank/home;jsessionid=CF35C96CCFFCFB0A573F0897CAD939D8
2019-08-02 18:40:58 DEBUG AuthFilter:45 - User 0does not have permission
2019-08-02 18:40:58 DEBUG AuthFilter:40 - URI /mybank/
2019-08-02 18:40:58 DEBUG AuthFilter:42 - User 0has permission
2019-08-02 18:40:58 DEBUG AuthFilter:40 - URI /mybank/home
2019-08-02 18:40:58 DEBUG AuthFilter:42 - User 0has permission
2019-08-02 18:40:58 DEBUG Servlet:76 - Servlet /mybank/home
2019-08-02 18:40:58 DEBUG HomeCommand:20 - User GUEST
2019-08-02 18:40:58 DEBUG Servlet:84 - Redirecting to redirect:/mybank/guest/login_form
2019-08-02 18:40:58 DEBUG AuthFilter:40 - URI /mybank/guest/login_form
2019-08-02 18:40:58 DEBUG AuthFilter:42 - User 0has permission
2019-08-02 18:40:58 DEBUG Servlet:76 - Servlet /mybank/guest/login_form
2019-08-02 18:40:58 DEBUG Servlet:87 - Forwarding to /WEB-INF/jsp/guest/loginForm.jsp
2019-08-02 18:41:00 DEBUG AuthFilter:40 - URI /mybank/guest/login
2019-08-02 18:41:00 DEBUG AuthFilter:42 - User 0has permission
2019-08-02 18:41:00 DEBUG Servlet:76 - Servlet /mybank/guest/login
2019-08-02 18:41:00 DEBUG LoginCommand:33 - User USER
2019-08-02 18:41:00 DEBUG Servlet:84 - Redirecting to redirect:/mybank/home
2019-08-02 18:41:00 DEBUG AuthFilter:40 - URI /mybank/home
2019-08-02 18:41:00 DEBUG AuthFilter:42 - User 0has permission
2019-08-02 18:41:00 DEBUG Servlet:76 - Servlet /mybank/home
2019-08-02 18:41:00 DEBUG HomeCommand:20 - User USER
2019-08-02 18:41:00 DEBUG Servlet:84 - Redirecting to redirect:/mybank/user/home
2019-08-02 18:41:00 DEBUG AuthFilter:40 - URI /mybank/user/home
2019-08-02 18:41:00 DEBUG AuthFilter:42 - User 0has permission
2019-08-02 18:41:00 DEBUG Servlet:76 - Servlet /mybank/user/home
2019-08-02 18:41:00 DEBUG Servlet:87 - Forwarding to /WEB-INF/jsp/user/userHome.jsp
2019-08-02 18:43:46 DEBUG AuthFilter:40 - URI /mybank/
2019-08-02 18:43:46 DEBUG AuthFilter:42 - User 0has permission
2019-08-02 18:43:46 DEBUG JDBCDaoFactory:24 - Getting connection to DB URL:{jdbc:mysql://localhost:3306/mybankdb?serverTimezone=UTC} Password:{root} User:{root}
2019-08-02 18:43:46 ERROR JDBCUserDao:52 - Add user com.mysql.cj.jdbc.ClientPreparedStatement: insert into users ( user_email, user_name, user_surname, user_patronymic, user_role, user_password) values ('admin@a','name','sfsf','pan','admin','admin')
2019-08-02 18:43:46 DEBUG AuthFilter:40 - URI /mybank/home;jsessionid=BF6324A925AA94BD6AF2E8BCBA5BD2BC
2019-08-02 18:43:46 DEBUG AuthFilter:45 - User 0does not have permission
2019-08-02 18:43:47 DEBUG AuthFilter:40 - URI /mybank/
2019-08-02 18:43:47 DEBUG AuthFilter:42 - User 0has permission
2019-08-02 18:43:47 DEBUG AuthFilter:40 - URI /mybank/home
2019-08-02 18:43:47 DEBUG AuthFilter:42 - User 0has permission
2019-08-02 18:43:47 DEBUG Servlet:76 - Servlet /mybank/home
2019-08-02 18:43:47 DEBUG HomeCommand:20 - User GUEST
2019-08-02 18:43:47 DEBUG Servlet:84 - Redirecting to redirect:/mybank/guest/login_form
2019-08-02 18:43:47 DEBUG AuthFilter:40 - URI /mybank/guest/login_form
2019-08-02 18:43:47 DEBUG AuthFilter:42 - User 0has permission
2019-08-02 18:43:47 DEBUG Servlet:76 - Servlet /mybank/guest/login_form
2019-08-02 18:43:47 DEBUG Servlet:87 - Forwarding to /WEB-INF/jsp/guest/loginForm.jsp
2019-08-02 18:43:48 DEBUG AuthFilter:40 - URI /mybank/guest/login
2019-08-02 18:43:48 DEBUG AuthFilter:42 - User 0has permission
2019-08-02 18:43:48 DEBUG Servlet:76 - Servlet /mybank/guest/login
2019-08-02 18:43:48 DEBUG LoginCommand:33 - User USER
2019-08-02 18:43:48 DEBUG Servlet:84 - Redirecting to redirect:/mybank/home
2019-08-02 18:43:48 DEBUG AuthFilter:40 - URI /mybank/home
2019-08-02 18:43:48 DEBUG AuthFilter:42 - User 0has permission
2019-08-02 18:43:48 DEBUG Servlet:76 - Servlet /mybank/home
2019-08-02 18:43:48 DEBUG HomeCommand:20 - User USER
2019-08-02 18:43:48 DEBUG Servlet:84 - Redirecting to redirect:/mybank/user/home
2019-08-02 18:43:48 DEBUG AuthFilter:40 - URI /mybank/user/home
2019-08-02 18:43:48 DEBUG AuthFilter:42 - User 0has permission
2019-08-02 18:43:48 DEBUG Servlet:76 - Servlet /mybank/user/home
2019-08-02 18:43:48 DEBUG Servlet:87 - Forwarding to /WEB-INF/jsp/user/userHome.jsp
2019-08-02 18:44:10 DEBUG AuthFilter:40 - URI /mybank/
2019-08-02 18:44:10 DEBUG AuthFilter:42 - User 0has permission
2019-08-02 18:44:11 DEBUG JDBCDaoFactory:24 - Getting connection to DB URL:{jdbc:mysql://localhost:3306/mybankdb?serverTimezone=UTC} Password:{root} User:{root}
2019-08-02 18:44:11 ERROR JDBCUserDao:52 - Add user com.mysql.cj.jdbc.ClientPreparedStatement: insert into users ( user_email, user_name, user_surname, user_patronymic, user_role, user_password) values ('admin@a','name','sfsf','pan','admin','admin')
2019-08-02 18:44:11 DEBUG AuthFilter:40 - URI /mybank/home;jsessionid=F4EF63C145137EDB3BA515B4AD43A588
2019-08-02 18:44:11 DEBUG AuthFilter:45 - User 0does not have permission
2019-08-02 18:44:11 DEBUG AuthFilter:40 - URI /mybank/
2019-08-02 18:44:11 DEBUG AuthFilter:42 - User 0has permission
2019-08-02 18:44:11 DEBUG AuthFilter:40 - URI /mybank/home
2019-08-02 18:44:11 DEBUG AuthFilter:42 - User 0has permission
2019-08-02 18:44:11 DEBUG Servlet:76 - Servlet /mybank/home
2019-08-02 18:44:11 DEBUG HomeCommand:20 - User GUEST
2019-08-02 18:44:11 DEBUG Servlet:84 - Redirecting to redirect:/mybank/guest/login_form
2019-08-02 18:44:11 DEBUG AuthFilter:40 - URI /mybank/guest/login_form
2019-08-02 18:44:11 DEBUG AuthFilter:42 - User 0has permission
2019-08-02 18:44:11 DEBUG Servlet:76 - Servlet /mybank/guest/login_form
2019-08-02 18:44:11 DEBUG Servlet:87 - Forwarding to /WEB-INF/jsp/guest/loginForm.jsp
2019-08-02 18:44:13 DEBUG AuthFilter:40 - URI /mybank/guest/login
2019-08-02 18:44:13 DEBUG AuthFilter:42 - User 0has permission
2019-08-02 18:44:13 DEBUG Servlet:76 - Servlet /mybank/guest/login
2019-08-02 18:44:13 DEBUG LoginCommand:33 - User USER
2019-08-02 18:44:13 DEBUG Servlet:84 - Redirecting to redirect:/mybank/home
2019-08-02 18:44:13 DEBUG AuthFilter:40 - URI /mybank/home
2019-08-02 18:44:13 DEBUG AuthFilter:42 - User 0has permission
2019-08-02 18:44:13 DEBUG Servlet:76 - Servlet /mybank/home
2019-08-02 18:44:13 DEBUG HomeCommand:20 - User USER
2019-08-02 18:44:13 DEBUG Servlet:84 - Redirecting to redirect:/mybank/user/home
2019-08-02 18:44:13 DEBUG AuthFilter:40 - URI /mybank/user/home
2019-08-02 18:44:13 DEBUG AuthFilter:42 - User 0has permission
2019-08-02 18:44:13 DEBUG Servlet:76 - Servlet /mybank/user/home
2019-08-02 18:44:13 DEBUG Servlet:87 - Forwarding to /WEB-INF/jsp/user/userHome.jsp
2019-08-02 18:46:28 DEBUG AuthFilter:40 - URI /mybank/
2019-08-02 18:46:28 DEBUG AuthFilter:42 - User 0has permission
2019-08-02 18:46:29 DEBUG JDBCDaoFactory:24 - Getting connection to DB URL:{jdbc:mysql://localhost:3306/mybankdb?serverTimezone=UTC} Password:{root} User:{root}
2019-08-02 18:46:29 ERROR JDBCUserDao:52 - Add user com.mysql.cj.jdbc.ClientPreparedStatement: insert into users ( user_email, user_name, user_surname, user_patronymic, user_role, user_password) values ('admin@a','name','sfsf','pan','admin','admin')
2019-08-02 18:46:29 DEBUG AuthFilter:40 - URI /mybank/home;jsessionid=CD7247E4CF76D06A69ADB0FF3CFBE68D
2019-08-02 18:46:29 DEBUG AuthFilter:45 - User 0does not have permission
2019-08-02 18:46:29 DEBUG AuthFilter:40 - URI /mybank/
2019-08-02 18:46:29 DEBUG AuthFilter:42 - User 0has permission
2019-08-02 18:46:29 DEBUG AuthFilter:40 - URI /mybank/home
2019-08-02 18:46:29 DEBUG AuthFilter:42 - User 0has permission
2019-08-02 18:46:29 DEBUG Servlet:76 - Servlet /mybank/home
2019-08-02 18:46:29 DEBUG HomeCommand:20 - User GUEST
2019-08-02 18:46:29 DEBUG Servlet:84 - Redirecting to redirect:/mybank/guest/login_form
2019-08-02 18:46:29 DEBUG AuthFilter:40 - URI /mybank/guest/login_form
2019-08-02 18:46:29 DEBUG AuthFilter:42 - User 0has permission
2019-08-02 18:46:29 DEBUG Servlet:76 - Servlet /mybank/guest/login_form
2019-08-02 18:46:29 DEBUG Servlet:87 - Forwarding to /WEB-INF/jsp/guest/loginForm.jsp
2019-08-02 18:46:33 DEBUG AuthFilter:40 - URI /mybank/quest/reg_form
2019-08-02 18:46:33 DEBUG AuthFilter:45 - User 0does not have permission
2019-08-02 18:46:44 DEBUG AuthFilter:40 - URI /mybank/home
2019-08-02 18:46:44 DEBUG AuthFilter:42 - User 0has permission
2019-08-02 18:46:44 DEBUG Servlet:76 - Servlet /mybank/home
2019-08-02 18:46:44 DEBUG HomeCommand:20 - User GUEST
2019-08-02 18:46:44 DEBUG Servlet:84 - Redirecting to redirect:/mybank/guest/login_form
2019-08-02 18:46:44 DEBUG AuthFilter:40 - URI /mybank/guest/login_form
2019-08-02 18:46:44 DEBUG AuthFilter:42 - User 0has permission
2019-08-02 18:46:44 DEBUG Servlet:76 - Servlet /mybank/guest/login_form
2019-08-02 18:46:44 DEBUG Servlet:87 - Forwarding to /WEB-INF/jsp/guest/loginForm.jsp
2019-08-02 18:46:45 DEBUG AuthFilter:40 - URI /mybank/quest/reg_form
2019-08-02 18:46:45 DEBUG AuthFilter:45 - User 0does not have permission
2019-08-02 18:47:00 DEBUG AuthFilter:40 - URI /mybank/quest/reg_form
2019-08-02 18:47:00 DEBUG AuthFilter:45 - User 0does not have permission
2019-08-02 18:47:01 DEBUG AuthFilter:40 - URI /mybank/quest/reg_form
2019-08-02 18:47:01 DEBUG AuthFilter:45 - User 0does not have permission
2019-08-02 18:47:03 DEBUG AuthFilter:40 - URI /mybank/
2019-08-02 18:47:03 DEBUG AuthFilter:42 - User 0has permission
2019-08-02 18:47:03 DEBUG AuthFilter:40 - URI /mybank/home
2019-08-02 18:47:03 DEBUG AuthFilter:42 - User 0has permission
2019-08-02 18:47:03 DEBUG Servlet:76 - Servlet /mybank/home
2019-08-02 18:47:03 DEBUG HomeCommand:20 - User GUEST
2019-08-02 18:47:03 DEBUG Servlet:84 - Redirecting to redirect:/mybank/guest/login_form
2019-08-02 18:47:03 DEBUG AuthFilter:40 - URI /mybank/guest/login_form
2019-08-02 18:47:03 DEBUG AuthFilter:42 - User 0has permission
2019-08-02 18:47:03 DEBUG Servlet:76 - Servlet /mybank/guest/login_form
2019-08-02 18:47:03 DEBUG Servlet:87 - Forwarding to /WEB-INF/jsp/guest/loginForm.jsp
2019-08-02 18:47:06 DEBUG AuthFilter:40 - URI /mybank/
2019-08-02 18:47:06 DEBUG AuthFilter:42 - User 0has permission
2019-08-02 18:47:06 DEBUG AuthFilter:40 - URI /mybank/home
2019-08-02 18:47:06 DEBUG AuthFilter:42 - User 0has permission
2019-08-02 18:47:06 DEBUG Servlet:76 - Servlet /mybank/home
2019-08-02 18:47:06 DEBUG HomeCommand:20 - User GUEST
2019-08-02 18:47:06 DEBUG Servlet:84 - Redirecting to redirect:/mybank/guest/login_form
2019-08-02 18:47:06 DEBUG AuthFilter:40 - URI /mybank/guest/login_form
2019-08-02 18:47:06 DEBUG AuthFilter:42 - User 0has permission
2019-08-02 18:47:06 DEBUG Servlet:76 - Servlet /mybank/guest/login_form
2019-08-02 18:47:06 DEBUG Servlet:87 - Forwarding to /WEB-INF/jsp/guest/loginForm.jsp
2019-08-02 18:47:12 DEBUG AuthFilter:40 - URI /mybank/guest/reg_form
2019-08-02 18:47:12 DEBUG AuthFilter:42 - User 0has permission
2019-08-02 18:47:12 DEBUG Servlet:76 - Servlet /mybank/guest/reg_form
2019-08-02 18:47:12 DEBUG Servlet:87 - Forwarding to /WEB-INF/jsp/guest/regForm.jsp
2019-08-02 18:48:09 DEBUG AuthFilter:40 - URI /mybank/
2019-08-02 18:48:09 DEBUG AuthFilter:42 - User 0has permission
2019-08-02 18:48:09 DEBUG JDBCDaoFactory:24 - Getting connection to DB URL:{jdbc:mysql://localhost:3306/mybankdb?serverTimezone=UTC} Password:{root} User:{root}
2019-08-02 18:48:09 ERROR JDBCUserDao:52 - Add user com.mysql.cj.jdbc.ClientPreparedStatement: insert into users ( user_email, user_name, user_surname, user_patronymic, user_role, user_password) values ('admin@a','name','sfsf','pan','admin','admin')
2019-08-02 18:48:09 DEBUG AuthFilter:40 - URI /mybank/home;jsessionid=D750D5B8339B7143168FC17EE78CDD15
2019-08-02 18:48:09 DEBUG AuthFilter:45 - User 0does not have permission
2019-08-02 18:48:10 DEBUG AuthFilter:40 - URI /mybank/
2019-08-02 18:48:10 DEBUG AuthFilter:42 - User 0has permission
2019-08-02 18:48:10 DEBUG AuthFilter:40 - URI /mybank/home
2019-08-02 18:48:10 DEBUG AuthFilter:42 - User 0has permission
2019-08-02 18:48:10 DEBUG Servlet:76 - Servlet /mybank/home
2019-08-02 18:48:10 DEBUG HomeCommand:20 - User GUEST
2019-08-02 18:48:10 DEBUG Servlet:84 - Redirecting to redirect:/mybank/guest/login_form
2019-08-02 18:48:10 DEBUG AuthFilter:40 - URI /mybank/guest/login_form
2019-08-02 18:48:10 DEBUG AuthFilter:42 - User 0has permission
2019-08-02 18:48:10 DEBUG Servlet:76 - Servlet /mybank/guest/login_form
2019-08-02 18:48:10 DEBUG Servlet:87 - Forwarding to /WEB-INF/jsp/guest/loginForm.jsp
2019-08-02 18:48:11 DEBUG AuthFilter:40 - URI /mybank/guest/reg_form
2019-08-02 18:48:11 DEBUG AuthFilter:42 - User 0has permission
2019-08-02 18:48:11 DEBUG Servlet:76 - Servlet /mybank/guest/reg_form
2019-08-02 18:48:11 DEBUG Servlet:87 - Forwarding to /WEB-INF/jsp/guest/regForm.jsp
2019-08-02 18:48:14 DEBUG AuthFilter:40 - URI /mybank/guest/registration
2019-08-02 18:48:14 DEBUG AuthFilter:42 - User 0has permission
2019-08-02 18:48:14 DEBUG Servlet:76 - Servlet /mybank/guest/registration
2019-08-02 18:49:04 DEBUG AuthFilter:40 - URI /mybank/
2019-08-02 18:49:04 DEBUG AuthFilter:42 - User 0has permission
2019-08-02 18:49:04 DEBUG JDBCDaoFactory:24 - Getting connection to DB URL:{jdbc:mysql://localhost:3306/mybankdb?serverTimezone=UTC} Password:{root} User:{root}
2019-08-02 18:49:05 ERROR JDBCUserDao:52 - Add user com.mysql.cj.jdbc.ClientPreparedStatement: insert into users ( user_email, user_name, user_surname, user_patronymic, user_role, user_password) values ('admin@a','name','sfsf','pan','admin','admin')
2019-08-02 18:49:05 DEBUG AuthFilter:40 - URI /mybank/home;jsessionid=980F7AF5905F58FA3C18F094BDD1622A
2019-08-02 18:49:05 DEBUG AuthFilter:45 - User 0does not have permission
2019-08-02 18:49:05 DEBUG AuthFilter:40 - URI /mybank/
2019-08-02 18:49:05 DEBUG AuthFilter:42 - User 0has permission
2019-08-02 18:49:05 DEBUG AuthFilter:40 - URI /mybank/home
2019-08-02 18:49:05 DEBUG AuthFilter:42 - User 0has permission
2019-08-02 18:49:05 DEBUG Servlet:76 - Servlet /mybank/home
2019-08-02 18:49:05 DEBUG HomeCommand:20 - User GUEST
2019-08-02 18:49:05 DEBUG Servlet:84 - Redirecting to redirect:/mybank/guest/login_form
2019-08-02 18:49:05 DEBUG AuthFilter:40 - URI /mybank/guest/login_form
2019-08-02 18:49:05 DEBUG AuthFilter:42 - User 0has permission
2019-08-02 18:49:05 DEBUG Servlet:76 - Servlet /mybank/guest/login_form
2019-08-02 18:49:05 DEBUG Servlet:87 - Forwarding to /WEB-INF/jsp/guest/loginForm.jsp
2019-08-02 18:49:08 DEBUG AuthFilter:40 - URI /mybank/guest/reg_form
2019-08-02 18:49:08 DEBUG AuthFilter:42 - User 0has permission
2019-08-02 18:49:08 DEBUG Servlet:76 - Servlet /mybank/guest/reg_form
2019-08-02 18:49:08 DEBUG Servlet:87 - Forwarding to /WEB-INF/jsp/guest/regForm.jsp
2019-08-02 18:49:17 DEBUG AuthFilter:40 - URI /mybank/guest/login_form
2019-08-02 18:49:17 DEBUG AuthFilter:42 - User 0has permission
2019-08-02 18:49:17 DEBUG Servlet:76 - Servlet /mybank/guest/login_form
2019-08-02 18:49:17 DEBUG Servlet:87 - Forwarding to /WEB-INF/jsp/guest/loginForm.jsp
2019-08-02 18:49:17 DEBUG AuthFilter:40 - URI /mybank/guest/reg_form
2019-08-02 18:49:17 DEBUG AuthFilter:42 - User 0has permission
2019-08-02 18:49:17 DEBUG Servlet:76 - Servlet /mybank/guest/reg_form
2019-08-02 18:49:17 DEBUG Servlet:87 - Forwarding to /WEB-INF/jsp/guest/regForm.jsp
2019-08-02 18:49:18 DEBUG AuthFilter:40 - URI /mybank/guest/login_form
2019-08-02 18:49:18 DEBUG AuthFilter:42 - User 0has permission
2019-08-02 18:49:18 DEBUG Servlet:76 - Servlet /mybank/guest/login_form
2019-08-02 18:49:18 DEBUG Servlet:87 - Forwarding to /WEB-INF/jsp/guest/loginForm.jsp
2019-08-02 18:49:19 DEBUG AuthFilter:40 - URI /mybank/guest/reg_form
2019-08-02 18:49:19 DEBUG AuthFilter:42 - User 0has permission
2019-08-02 18:49:19 DEBUG Servlet:76 - Servlet /mybank/guest/reg_form
2019-08-02 18:49:19 DEBUG Servlet:87 - Forwarding to /WEB-INF/jsp/guest/regForm.jsp
2019-08-02 19:39:34 DEBUG AuthFilter:40 - URI /mybank/
2019-08-02 19:39:34 DEBUG AuthFilter:42 - User 0has permission
2019-08-02 19:39:35 DEBUG JDBCDaoFactory:24 - Getting connection to DB URL:{jdbc:mysql://localhost:3306/mybankdb?serverTimezone=UTC} Password:{root} User:{root}
2019-08-02 19:39:35 ERROR JDBCUserDao:52 - Add user com.mysql.cj.jdbc.ClientPreparedStatement: insert into users ( user_email, user_name, user_surname, user_patronymic, user_role, user_password) values ('admin@a','name','sfsf','pan','admin','admin')
2019-08-02 19:39:35 DEBUG AuthFilter:40 - URI /mybank/home;jsessionid=E485D3C05FAB4DC283BED6A1F3CF3EF7
2019-08-02 19:39:35 DEBUG AuthFilter:45 - User 0does not have permission
2019-08-02 19:39:35 DEBUG AuthFilter:40 - URI /mybank/
2019-08-02 19:39:35 DEBUG AuthFilter:42 - User 0has permission
2019-08-02 19:39:35 DEBUG AuthFilter:40 - URI /mybank/home
2019-08-02 19:39:35 DEBUG AuthFilter:42 - User 0has permission
2019-08-02 19:39:35 DEBUG Servlet:76 - Servlet /mybank/home
2019-08-02 19:39:35 DEBUG HomeCommand:20 - User GUEST
2019-08-02 19:39:35 DEBUG Servlet:84 - Redirecting to redirect:/mybank/guest/login_form
2019-08-02 19:39:35 DEBUG AuthFilter:40 - URI /mybank/guest/login_form
2019-08-02 19:39:35 DEBUG AuthFilter:42 - User 0has permission
2019-08-02 19:39:35 DEBUG Servlet:76 - Servlet /mybank/guest/login_form
2019-08-02 19:39:35 DEBUG Servlet:87 - Forwarding to /WEB-INF/jsp/guest/loginForm.jsp
2019-08-02 19:40:38 DEBUG AuthFilter:40 - URI /mybank/
2019-08-02 19:40:38 DEBUG AuthFilter:42 - User 0has permission
2019-08-02 19:40:39 DEBUG JDBCDaoFactory:24 - Getting connection to DB URL:{jdbc:mysql://localhost:3306/mybankdb?serverTimezone=UTC} Password:{root} User:{root}
2019-08-02 19:40:39 ERROR JDBCUserDao:52 - Add user com.mysql.cj.jdbc.ClientPreparedStatement: insert into users ( user_email, user_name, user_surname, user_patronymic, user_role, user_password) values ('admin@a','name','sfsf','pan','admin','admin')
2019-08-02 19:40:39 DEBUG AuthFilter:40 - URI /mybank/home;jsessionid=E4F3B756BC6D210825999025A121AF57
2019-08-02 19:40:39 DEBUG AuthFilter:45 - User 0does not have permission
2019-08-02 19:40:39 DEBUG AuthFilter:40 - URI /mybank/
2019-08-02 19:40:39 DEBUG AuthFilter:42 - User 0has permission
2019-08-02 19:40:39 DEBUG AuthFilter:40 - URI /mybank/home
2019-08-02 19:40:39 DEBUG AuthFilter:42 - User 0has permission
2019-08-02 19:40:39 DEBUG Servlet:76 - Servlet /mybank/home
2019-08-02 19:40:39 DEBUG HomeCommand:20 - User GUEST
2019-08-02 19:40:39 DEBUG Servlet:84 - Redirecting to redirect:/mybank/guest/login_form
2019-08-02 19:40:39 DEBUG AuthFilter:40 - URI /mybank/guest/login_form
2019-08-02 19:40:39 DEBUG AuthFilter:42 - User 0has permission
2019-08-02 19:40:39 DEBUG Servlet:76 - Servlet /mybank/guest/login_form
2019-08-02 19:40:39 DEBUG Servlet:87 - Forwarding to /WEB-INF/jsp/guest/loginForm.jsp
2019-08-02 19:41:30 DEBUG AuthFilter:40 - URI /mybank/
2019-08-02 19:41:30 DEBUG AuthFilter:42 - User 0has permission
2019-08-02 19:41:30 DEBUG JDBCDaoFactory:24 - Getting connection to DB URL:{jdbc:mysql://localhost:3306/mybankdb?serverTimezone=UTC} Password:{root} User:{root}
2019-08-02 19:41:30 ERROR JDBCUserDao:52 - Add user com.mysql.cj.jdbc.ClientPreparedStatement: insert into users ( user_email, user_name, user_surname, user_patronymic, user_role, user_password) values ('admin@a','name','sfsf','pan','admin','admin')
2019-08-02 19:41:30 DEBUG AuthFilter:40 - URI /mybank/home;jsessionid=07031E291FC969858D45615B7CC7C14C
2019-08-02 19:41:30 DEBUG AuthFilter:45 - User 0does not have permission
2019-08-02 19:41:31 DEBUG AuthFilter:40 - URI /mybank/
2019-08-02 19:41:31 DEBUG AuthFilter:42 - User 0has permission
2019-08-02 19:41:31 DEBUG AuthFilter:40 - URI /mybank/home
2019-08-02 19:41:31 DEBUG AuthFilter:42 - User 0has permission
2019-08-02 19:41:31 DEBUG Servlet:76 - Servlet /mybank/home
2019-08-02 19:41:31 DEBUG HomeCommand:20 - User GUEST
2019-08-02 19:41:31 DEBUG Servlet:84 - Redirecting to redirect:/mybank/guest/login_form
2019-08-02 19:41:31 DEBUG AuthFilter:40 - URI /mybank/guest/login_form
2019-08-02 19:41:31 DEBUG AuthFilter:42 - User 0has permission
2019-08-02 19:41:31 DEBUG Servlet:76 - Servlet /mybank/guest/login_form
2019-08-02 19:41:31 DEBUG Servlet:87 - Forwarding to /WEB-INF/jsp/guest/loginForm.jsp
2019-08-02 19:54:50 DEBUG AuthFilter:40 - URI /mybank/
2019-08-02 19:54:50 DEBUG AuthFilter:42 - User 0has permission
2019-08-02 19:54:51 DEBUG JDBCDaoFactory:24 - Getting connection to DB URL:{jdbc:mysql://localhost:3306/mybankdb?serverTimezone=UTC} Password:{root} User:{root}
2019-08-02 19:54:51 ERROR JDBCUserDao:52 - Add user com.mysql.cj.jdbc.ClientPreparedStatement: insert into users ( user_email, user_name, user_surname, user_patronymic, user_role, user_password) values ('admin@a','name','sfsf','pan','admin','admin')
2019-08-02 19:54:51 DEBUG AuthFilter:40 - URI /mybank/home;jsessionid=657CA8BDEC413C76085521F0F2BAEFF2
2019-08-02 19:54:51 DEBUG AuthFilter:45 - User 0does not have permission
2019-08-02 19:54:51 DEBUG AuthFilter:40 - URI /mybank/
2019-08-02 19:54:51 DEBUG AuthFilter:42 - User 0has permission
2019-08-02 19:54:52 DEBUG AuthFilter:40 - URI /mybank/home
2019-08-02 19:54:52 DEBUG AuthFilter:42 - User 0has permission
2019-08-02 19:54:52 DEBUG Servlet:76 - Servlet /mybank/home
2019-08-02 19:54:52 DEBUG HomeCommand:20 - User GUEST
2019-08-02 19:54:52 DEBUG Servlet:84 - Redirecting to redirect:/mybank/guest/login_form
2019-08-02 19:54:52 DEBUG AuthFilter:40 - URI /mybank/guest/login_form
2019-08-02 19:54:52 DEBUG AuthFilter:42 - User 0has permission
2019-08-02 19:54:52 DEBUG Servlet:76 - Servlet /mybank/guest/login_form
2019-08-02 19:54:52 DEBUG Servlet:87 - Forwarding to /WEB-INF/jsp/guest/loginForm.jsp
2019-08-02 19:54:54 DEBUG AuthFilter:40 - URI /mybank/guest/reg_form
2019-08-02 19:54:54 DEBUG AuthFilter:42 - User 0has permission
2019-08-02 19:54:54 DEBUG Servlet:76 - Servlet /mybank/guest/reg_form
2019-08-02 19:54:54 DEBUG Servlet:87 - Forwarding to /WEB-INF/jsp/guest/regForm.jsp
2019-08-02 19:54:55 DEBUG AuthFilter:40 - URI /mybank/guest/registration
2019-08-02 19:54:55 DEBUG AuthFilter:42 - User 0has permission
2019-08-02 19:54:55 DEBUG Servlet:76 - Servlet /mybank/guest/registration
2019-08-02 19:55:14 DEBUG AuthFilter:40 - URI /mybank/guest/registration
2019-08-02 19:55:14 DEBUG AuthFilter:42 - User 0has permission
2019-08-02 19:55:14 DEBUG Servlet:76 - Servlet /mybank/guest/registration
2019-08-02 19:56:34 DEBUG AuthFilter:40 - URI /mybank/
2019-08-02 19:56:34 DEBUG AuthFilter:42 - User 0has permission
2019-08-02 19:56:35 DEBUG JDBCDaoFactory:24 - Getting connection to DB URL:{jdbc:mysql://localhost:3306/mybankdb?serverTimezone=UTC} Password:{root} User:{root}
2019-08-02 19:56:35 ERROR JDBCUserDao:52 - Add user com.mysql.cj.jdbc.ClientPreparedStatement: insert into users ( user_email, user_name, user_surname, user_patronymic, user_role, user_password) values ('admin@a','name','sfsf','pan','admin','admin')
2019-08-02 19:56:35 DEBUG AuthFilter:40 - URI /mybank/home;jsessionid=10EB055CD21A429D6EA2D6DD280C9DEA
2019-08-02 19:56:35 DEBUG AuthFilter:45 - User 0does not have permission
2019-08-02 19:56:35 DEBUG AuthFilter:40 - URI /mybank/
2019-08-02 19:56:35 DEBUG AuthFilter:42 - User 0has permission
2019-08-02 19:56:35 DEBUG AuthFilter:40 - URI /mybank/home
2019-08-02 19:56:35 DEBUG AuthFilter:42 - User 0has permission
2019-08-02 19:56:35 DEBUG Servlet:76 - Servlet /mybank/home
2019-08-02 19:56:35 DEBUG HomeCommand:20 - User GUEST
2019-08-02 19:56:35 DEBUG Servlet:84 - Redirecting to redirect:/mybank/guest/login_form
2019-08-02 19:56:35 DEBUG AuthFilter:40 - URI /mybank/guest/login_form
2019-08-02 19:56:35 DEBUG AuthFilter:42 - User 0has permission
2019-08-02 19:56:35 DEBUG Servlet:76 - Servlet /mybank/guest/login_form
2019-08-02 19:56:35 DEBUG Servlet:87 - Forwarding to /WEB-INF/jsp/guest/loginForm.jsp
2019-08-02 19:56:37 DEBUG AuthFilter:40 - URI /mybank/guest/reg_form
2019-08-02 19:56:37 DEBUG AuthFilter:42 - User 0has permission
2019-08-02 19:56:37 DEBUG Servlet:76 - Servlet /mybank/guest/reg_form
2019-08-02 19:56:37 DEBUG Servlet:87 - Forwarding to /WEB-INF/jsp/guest/regForm.jsp
2019-08-02 19:56:38 DEBUG AuthFilter:40 - URI /mybank/guest/registration
2019-08-02 19:56:38 DEBUG AuthFilter:42 - User 0has permission
2019-08-02 19:56:38 DEBUG Servlet:76 - Servlet /mybank/guest/registration
2019-08-02 19:56:38 WARN  RegistrationCommand:26 - org.itstep.model.dto.UserRegistrationDTO@6cbcaca2
2019-08-02 19:57:20 DEBUG AuthFilter:40 - URI /mybank/
2019-08-02 19:57:20 DEBUG AuthFilter:42 - User 0has permission
2019-08-02 19:57:21 DEBUG JDBCDaoFactory:24 - Getting connection to DB URL:{jdbc:mysql://localhost:3306/mybankdb?serverTimezone=UTC} Password:{root} User:{root}
2019-08-02 19:57:21 ERROR JDBCUserDao:52 - Add user com.mysql.cj.jdbc.ClientPreparedStatement: insert into users ( user_email, user_name, user_surname, user_patronymic, user_role, user_password) values ('admin@a','name','sfsf','pan','admin','admin')
2019-08-02 19:57:21 DEBUG AuthFilter:40 - URI /mybank/home;jsessionid=9E86645C1BE43534283FF33F75126A35
2019-08-02 19:57:21 DEBUG AuthFilter:45 - User 0does not have permission
2019-08-02 19:57:21 DEBUG AuthFilter:40 - URI /mybank/
2019-08-02 19:57:21 DEBUG AuthFilter:42 - User 0has permission
2019-08-02 19:57:21 DEBUG AuthFilter:40 - URI /mybank/home
2019-08-02 19:57:21 DEBUG AuthFilter:42 - User 0has permission
2019-08-02 19:57:21 DEBUG Servlet:76 - Servlet /mybank/home
2019-08-02 19:57:21 DEBUG HomeCommand:20 - User GUEST
2019-08-02 19:57:21 DEBUG Servlet:84 - Redirecting to redirect:/mybank/guest/login_form
2019-08-02 19:57:21 DEBUG AuthFilter:40 - URI /mybank/guest/login_form
2019-08-02 19:57:21 DEBUG AuthFilter:42 - User 0has permission
2019-08-02 19:57:21 DEBUG Servlet:76 - Servlet /mybank/guest/login_form
2019-08-02 19:57:21 DEBUG Servlet:87 - Forwarding to /WEB-INF/jsp/guest/loginForm.jsp
2019-08-02 19:57:23 DEBUG AuthFilter:40 - URI /mybank/guest/reg_form
2019-08-02 19:57:23 DEBUG AuthFilter:42 - User 0has permission
2019-08-02 19:57:23 DEBUG Servlet:76 - Servlet /mybank/guest/reg_form
2019-08-02 19:57:23 DEBUG Servlet:87 - Forwarding to /WEB-INF/jsp/guest/regForm.jsp
2019-08-02 19:57:24 DEBUG AuthFilter:40 - URI /mybank/guest/registration
2019-08-02 19:57:24 DEBUG AuthFilter:42 - User 0has permission
2019-08-02 19:57:24 DEBUG Servlet:76 - Servlet /mybank/guest/registration
2019-08-02 19:57:24 WARN  RegistrationCommand:26 - ------------------------------------------------------------------------------------
2019-08-02 19:57:24 WARN  RegistrationCommand:27 - 
2019-08-02 19:58:04 DEBUG AuthFilter:40 - URI /mybank/
2019-08-02 19:58:04 DEBUG AuthFilter:42 - User 0has permission
2019-08-02 19:58:04 DEBUG JDBCDaoFactory:24 - Getting connection to DB URL:{jdbc:mysql://localhost:3306/mybankdb?serverTimezone=UTC} Password:{root} User:{root}
2019-08-02 19:58:05 ERROR JDBCUserDao:52 - Add user com.mysql.cj.jdbc.ClientPreparedStatement: insert into users ( user_email, user_name, user_surname, user_patronymic, user_role, user_password) values ('admin@a','name','sfsf','pan','admin','admin')
2019-08-02 19:58:05 DEBUG AuthFilter:40 - URI /mybank/home;jsessionid=F822961A9770E75F82365066954E5D0F
2019-08-02 19:58:05 DEBUG AuthFilter:45 - User 0does not have permission
2019-08-02 19:58:05 DEBUG AuthFilter:40 - URI /mybank/
2019-08-02 19:58:05 DEBUG AuthFilter:42 - User 0has permission
2019-08-02 19:58:05 DEBUG AuthFilter:40 - URI /mybank/home
2019-08-02 19:58:05 DEBUG AuthFilter:42 - User 0has permission
2019-08-02 19:58:05 DEBUG Servlet:76 - Servlet /mybank/home
2019-08-02 19:58:05 DEBUG HomeCommand:20 - User GUEST
2019-08-02 19:58:05 DEBUG Servlet:84 - Redirecting to redirect:/mybank/guest/login_form
2019-08-02 19:58:05 DEBUG AuthFilter:40 - URI /mybank/guest/login_form
2019-08-02 19:58:05 DEBUG AuthFilter:42 - User 0has permission
2019-08-02 19:58:05 DEBUG Servlet:76 - Servlet /mybank/guest/login_form
2019-08-02 19:58:05 DEBUG Servlet:87 - Forwarding to /WEB-INF/jsp/guest/loginForm.jsp
2019-08-02 19:58:07 DEBUG AuthFilter:40 - URI /mybank/guest/login
2019-08-02 19:58:07 DEBUG AuthFilter:42 - User 0has permission
2019-08-02 19:58:07 DEBUG Servlet:76 - Servlet /mybank/guest/login
2019-08-02 19:58:15 DEBUG AuthFilter:40 - URI /mybank/guest/reg_form
2019-08-02 19:58:15 DEBUG AuthFilter:42 - User 0has permission
2019-08-02 19:58:15 DEBUG Servlet:76 - Servlet /mybank/guest/reg_form
2019-08-02 19:58:15 DEBUG Servlet:87 - Forwarding to /WEB-INF/jsp/guest/regForm.jsp
2019-08-02 19:58:16 DEBUG AuthFilter:40 - URI /mybank/guest/registration
2019-08-02 19:58:16 DEBUG AuthFilter:42 - User 0has permission
2019-08-02 19:58:16 DEBUG Servlet:76 - Servlet /mybank/guest/registration
2019-08-02 19:58:16 WARN  RegistrationCommand:26 - ------------------------------------------------------------------------------------
2019-08-02 19:58:16 WARN  RegistrationCommand:27 - 
2019-08-02 19:59:51 DEBUG AuthFilter:40 - URI /mybank/
2019-08-02 19:59:51 DEBUG AuthFilter:42 - User 0has permission
2019-08-02 19:59:52 DEBUG JDBCDaoFactory:24 - Getting connection to DB URL:{jdbc:mysql://localhost:3306/mybankdb?serverTimezone=UTC} Password:{root} User:{root}
2019-08-02 19:59:52 ERROR JDBCUserDao:52 - Add user com.mysql.cj.jdbc.ClientPreparedStatement: insert into users ( user_email, user_name, user_surname, user_patronymic, user_role, user_password) values ('admin@a','name','sfsf','pan','admin','admin')
2019-08-02 19:59:52 DEBUG AuthFilter:40 - URI /mybank/home;jsessionid=00E52062AA5AC5DE2DDA60AF9075CFE2
2019-08-02 19:59:52 DEBUG AuthFilter:45 - User 0does not have permission
2019-08-02 19:59:52 DEBUG AuthFilter:40 - URI /mybank/
2019-08-02 19:59:52 DEBUG AuthFilter:42 - User 0has permission
2019-08-02 19:59:52 DEBUG AuthFilter:40 - URI /mybank/home
2019-08-02 19:59:52 DEBUG AuthFilter:42 - User 0has permission
2019-08-02 19:59:52 DEBUG Servlet:76 - Servlet /mybank/home
2019-08-02 19:59:52 DEBUG HomeCommand:20 - User GUEST
2019-08-02 19:59:52 DEBUG Servlet:84 - Redirecting to redirect:/mybank/guest/login_form
2019-08-02 19:59:52 DEBUG AuthFilter:40 - URI /mybank/guest/login_form
2019-08-02 19:59:52 DEBUG AuthFilter:42 - User 0has permission
2019-08-02 19:59:52 DEBUG Servlet:76 - Servlet /mybank/guest/login_form
2019-08-02 19:59:52 DEBUG Servlet:87 - Forwarding to /WEB-INF/jsp/guest/loginForm.jsp
2019-08-02 19:59:54 DEBUG AuthFilter:40 - URI /mybank/guest/reg_form
2019-08-02 19:59:54 DEBUG AuthFilter:42 - User 0has permission
2019-08-02 19:59:54 DEBUG Servlet:76 - Servlet /mybank/guest/reg_form
2019-08-02 19:59:54 DEBUG Servlet:87 - Forwarding to /WEB-INF/jsp/guest/regForm.jsp
2019-08-02 19:59:56 DEBUG AuthFilter:40 - URI /mybank/guest/registration
2019-08-02 19:59:56 DEBUG AuthFilter:42 - User 0has permission
2019-08-02 19:59:56 DEBUG Servlet:76 - Servlet /mybank/guest/registration
2019-08-02 19:59:56 WARN  RegistrationCommand:26 - ------------------------------------------------------------------------------------
2019-08-02 19:59:56 WARN  RegistrationCommand:27 - 
2019-08-02 19:59:56 WARN  RegistrationCommand:28 - ------------------------------------------------------------------------------------
2019-08-02 19:59:56 WARN  RegistrationCommand:29 - 
2019-08-02 20:05:45 DEBUG AuthFilter:40 - URI /mybank/
2019-08-02 20:05:45 DEBUG AuthFilter:42 - User 0has permission
2019-08-02 20:05:46 DEBUG AuthFilter:40 - URI /mybank/home;jsessionid=FC8605006BAD1E557C9F6E984CB7A2C0
2019-08-02 20:05:46 DEBUG AuthFilter:45 - User 0does not have permission
2019-08-02 20:05:46 DEBUG AuthFilter:40 - URI /mybank/
2019-08-02 20:05:46 DEBUG AuthFilter:42 - User 0has permission
2019-08-02 20:05:46 DEBUG AuthFilter:40 - URI /mybank/home
2019-08-02 20:05:46 DEBUG AuthFilter:42 - User 0has permission
2019-08-02 20:05:46 DEBUG Servlet:76 - Servlet /mybank/home
2019-08-02 20:05:46 DEBUG HomeCommand:20 - User GUEST
2019-08-02 20:05:46 DEBUG Servlet:84 - Redirecting to redirect:/mybank/guest/login_form
2019-08-02 20:05:46 DEBUG AuthFilter:40 - URI /mybank/guest/login_form
2019-08-02 20:05:46 DEBUG AuthFilter:42 - User 0has permission
2019-08-02 20:05:46 DEBUG Servlet:76 - Servlet /mybank/guest/login_form
2019-08-02 20:05:46 DEBUG Servlet:87 - Forwarding to /WEB-INF/jsp/guest/loginForm.jsp
2019-08-02 20:05:48 DEBUG AuthFilter:40 - URI /mybank/guest/reg_form
2019-08-02 20:05:48 DEBUG AuthFilter:42 - User 0has permission
2019-08-02 20:05:48 DEBUG Servlet:76 - Servlet /mybank/guest/reg_form
2019-08-02 20:05:48 DEBUG Servlet:87 - Forwarding to /WEB-INF/jsp/guest/regForm.jsp
2019-08-02 20:05:51 DEBUG AuthFilter:40 - URI /mybank/guest/registration
2019-08-02 20:05:51 DEBUG AuthFilter:42 - User 0has permission
2019-08-02 20:05:51 DEBUG Servlet:76 - Servlet /mybank/guest/registration
2019-08-02 20:05:51 WARN  RegistrationCommand:26 - ------------------------------------------------------------------------------------
2019-08-02 20:05:51 WARN  RegistrationCommand:27 - 
2019-08-02 20:05:51 WARN  RegistrationCommand:28 - ------------------------------------------------------------------------------------
2019-08-02 20:05:51 WARN  RegistrationCommand:29 - 
2019-08-02 20:06:16 DEBUG AuthFilter:40 - URI /mybank/
2019-08-02 20:06:16 DEBUG AuthFilter:42 - User 0has permission
2019-08-02 20:06:17 DEBUG AuthFilter:40 - URI /mybank/home;jsessionid=F305F941E212EDBAB0394E7C4B8318D0
2019-08-02 20:06:17 DEBUG AuthFilter:45 - User 0does not have permission
2019-08-02 20:06:17 DEBUG AuthFilter:40 - URI /mybank/
2019-08-02 20:06:17 DEBUG AuthFilter:42 - User 0has permission
2019-08-02 20:06:17 DEBUG AuthFilter:40 - URI /mybank/home
2019-08-02 20:06:17 DEBUG AuthFilter:42 - User 0has permission
2019-08-02 20:06:17 DEBUG Servlet:76 - Servlet /mybank/home
2019-08-02 20:06:17 DEBUG HomeCommand:20 - User GUEST
2019-08-02 20:06:17 DEBUG Servlet:84 - Redirecting to redirect:/mybank/guest/login_form
2019-08-02 20:06:17 DEBUG AuthFilter:40 - URI /mybank/guest/login_form
2019-08-02 20:06:17 DEBUG AuthFilter:42 - User 0has permission
2019-08-02 20:06:17 DEBUG Servlet:76 - Servlet /mybank/guest/login_form
2019-08-02 20:06:17 DEBUG Servlet:87 - Forwarding to /WEB-INF/jsp/guest/loginForm.jsp
2019-08-02 20:06:19 DEBUG AuthFilter:40 - URI /mybank/guest/reg_form
2019-08-02 20:06:19 DEBUG AuthFilter:42 - User 0has permission
2019-08-02 20:06:19 DEBUG Servlet:76 - Servlet /mybank/guest/reg_form
2019-08-02 20:06:19 DEBUG Servlet:87 - Forwarding to /WEB-INF/jsp/guest/regForm.jsp
2019-08-02 20:06:21 DEBUG AuthFilter:40 - URI /mybank/guest/registration
2019-08-02 20:06:21 DEBUG AuthFilter:42 - User 0has permission
2019-08-02 20:06:21 DEBUG Servlet:76 - Servlet /mybank/guest/registration
2019-08-02 20:06:21 WARN  RegistrationCommand:26 - ------------------------------------------------------------------------------------
2019-08-02 20:06:21 WARN  RegistrationCommand:27 - 
2019-08-02 20:06:21 WARN  RegistrationCommand:28 - ------------------------------------------------------------------------------------
2019-08-02 20:06:21 WARN  RegistrationCommand:29 - 
2019-08-02 20:06:21 WARN  RegistrationCommand:32 - ------------fuck------------------------------------------------------------------
2019-08-02 20:06:21 WARN  RegistrationCommand:33 - 
2019-08-02 20:06:21 DEBUG Servlet:87 - Forwarding to /WEB-INF/jsp/guest/regForm.jsp
2019-08-02 20:07:20 DEBUG AuthFilter:40 - URI /mybank/
2019-08-02 20:07:20 DEBUG AuthFilter:42 - User 0has permission
2019-08-02 20:07:21 DEBUG AuthFilter:40 - URI /mybank/home;jsessionid=789A23664F783E9AE2DC285311B79823
2019-08-02 20:07:21 DEBUG AuthFilter:45 - User 0does not have permission
2019-08-02 20:07:21 DEBUG AuthFilter:40 - URI /mybank/
2019-08-02 20:07:21 DEBUG AuthFilter:42 - User 0has permission
2019-08-02 20:07:21 DEBUG AuthFilter:40 - URI /mybank/home
2019-08-02 20:07:21 DEBUG AuthFilter:42 - User 0has permission
2019-08-02 20:07:21 DEBUG Servlet:76 - Servlet /mybank/home
2019-08-02 20:07:21 DEBUG HomeCommand:20 - User GUEST
2019-08-02 20:07:21 DEBUG Servlet:84 - Redirecting to redirect:/mybank/guest/login_form
2019-08-02 20:07:21 DEBUG AuthFilter:40 - URI /mybank/guest/login_form
2019-08-02 20:07:21 DEBUG AuthFilter:42 - User 0has permission
2019-08-02 20:07:21 DEBUG Servlet:76 - Servlet /mybank/guest/login_form
2019-08-02 20:07:21 DEBUG Servlet:87 - Forwarding to /WEB-INF/jsp/guest/loginForm.jsp
2019-08-02 20:07:23 DEBUG AuthFilter:40 - URI /mybank/guest/reg_form
2019-08-02 20:07:23 DEBUG AuthFilter:42 - User 0has permission
2019-08-02 20:07:23 DEBUG Servlet:76 - Servlet /mybank/guest/reg_form
2019-08-02 20:07:23 DEBUG Servlet:87 - Forwarding to /WEB-INF/jsp/guest/regForm.jsp
2019-08-02 20:07:24 DEBUG AuthFilter:40 - URI /mybank/guest/registration
2019-08-02 20:07:24 DEBUG AuthFilter:42 - User 0has permission
2019-08-02 20:07:24 DEBUG Servlet:76 - Servlet /mybank/guest/registration
2019-08-02 20:07:24 WARN  RegistrationCommand:26 - ------------------------------------------------------------------------------------
2019-08-02 20:07:24 WARN  RegistrationCommand:27 - 
2019-08-02 20:07:24 WARN  RegistrationCommand:28 - ------------------------------------------------------------------------------------
2019-08-02 20:07:24 WARN  RegistrationCommand:29 - 
2019-08-02 20:07:24 WARN  RegistrationCommand:32 - ------------fuck------------------------------------------------------------------
2019-08-02 20:07:24 WARN  RegistrationCommand:33 - 
2019-08-02 20:07:24 DEBUG Servlet:87 - Forwarding to /WEB-INF/jsp/guest/regForm.jsp
2019-08-02 20:07:30 DEBUG AuthFilter:40 - URI /mybank/guest/registration
2019-08-02 20:07:30 DEBUG AuthFilter:42 - User 0has permission
2019-08-02 20:07:30 DEBUG Servlet:76 - Servlet /mybank/guest/registration
2019-08-02 20:07:30 WARN  RegistrationCommand:26 - ------------------------------------------------------------------------------------
2019-08-02 20:07:30 WARN  RegistrationCommand:27 - dsdsd@sf
2019-08-02 20:07:30 WARN  RegistrationCommand:28 - ------------------------------------------------------------------------------------
2019-08-02 20:07:30 WARN  RegistrationCommand:29 - 
2019-08-02 20:07:30 DEBUG Servlet:87 - Forwarding to /WEB-INF/jsp/guest/regForm.jsp
2019-08-02 20:08:48 DEBUG AuthFilter:40 - URI /mybank/
2019-08-02 20:08:48 DEBUG AuthFilter:42 - User 0has permission
2019-08-02 20:08:48 DEBUG AuthFilter:40 - URI /mybank/home;jsessionid=C7F92845F11FB3B39CD59C6946CA610B
2019-08-02 20:08:48 DEBUG AuthFilter:45 - User 0does not have permission
2019-08-02 20:08:48 DEBUG AuthFilter:40 - URI /mybank/
2019-08-02 20:08:48 DEBUG AuthFilter:42 - User 0has permission
2019-08-02 20:08:48 DEBUG AuthFilter:40 - URI /mybank/home
2019-08-02 20:08:48 DEBUG AuthFilter:42 - User 0has permission
2019-08-02 20:08:48 DEBUG Servlet:76 - Servlet /mybank/home
2019-08-02 20:08:48 DEBUG HomeCommand:20 - User GUEST
2019-08-02 20:08:48 DEBUG Servlet:84 - Redirecting to redirect:/mybank/guest/login_form
2019-08-02 20:08:48 DEBUG AuthFilter:40 - URI /mybank/guest/login_form
2019-08-02 20:08:48 DEBUG AuthFilter:42 - User 0has permission
2019-08-02 20:08:48 DEBUG Servlet:76 - Servlet /mybank/guest/login_form
2019-08-02 20:08:48 DEBUG Servlet:87 - Forwarding to /WEB-INF/jsp/guest/loginForm.jsp
2019-08-02 20:08:50 DEBUG AuthFilter:40 - URI /mybank/guest/reg_form
2019-08-02 20:08:50 DEBUG AuthFilter:42 - User 0has permission
2019-08-02 20:08:50 DEBUG Servlet:76 - Servlet /mybank/guest/reg_form
2019-08-02 20:08:50 DEBUG Servlet:87 - Forwarding to /WEB-INF/jsp/guest/regForm.jsp
2019-08-02 20:08:52 DEBUG AuthFilter:40 - URI /mybank/guest/registration
2019-08-02 20:08:52 DEBUG AuthFilter:42 - User 0has permission
2019-08-02 20:08:52 DEBUG Servlet:76 - Servlet /mybank/guest/registration
2019-08-02 20:08:52 DEBUG Servlet:87 - Forwarding to /WEB-INF/jsp/guest/regForm.jsp
2019-08-02 20:08:59 DEBUG AuthFilter:40 - URI /mybank/guest/registration
2019-08-02 20:08:59 DEBUG AuthFilter:42 - User 0has permission
2019-08-02 20:08:59 DEBUG Servlet:76 - Servlet /mybank/guest/registration
2019-08-02 20:08:59 DEBUG Servlet:87 - Forwarding to /WEB-INF/jsp/guest/regForm.jsp
2019-08-02 20:09:10 DEBUG AuthFilter:40 - URI /mybank/guest/registration
2019-08-02 20:09:10 DEBUG AuthFilter:42 - User 0has permission
2019-08-02 20:09:10 DEBUG Servlet:76 - Servlet /mybank/guest/registration
2019-08-02 20:09:10 DEBUG Servlet:87 - Forwarding to /WEB-INF/jsp/guest/regForm.jsp
2019-08-02 20:09:18 DEBUG AuthFilter:40 - URI /mybank/guest/registration
2019-08-02 20:09:18 DEBUG AuthFilter:42 - User 0has permission
2019-08-02 20:09:18 DEBUG Servlet:76 - Servlet /mybank/guest/registration
2019-08-02 20:09:18 DEBUG Servlet:87 - Forwarding to /WEB-INF/jsp/guest/regForm.jsp
2019-08-02 20:11:21 DEBUG AuthFilter:40 - URI /mybank/
2019-08-02 20:11:21 DEBUG AuthFilter:42 - User 0has permission
2019-08-02 20:11:21 DEBUG AuthFilter:40 - URI /mybank/home;jsessionid=033E6DE607EBE5CE2834305282B88557
2019-08-02 20:11:21 DEBUG AuthFilter:45 - User 0does not have permission
2019-08-02 20:11:21 DEBUG AuthFilter:40 - URI /mybank/
2019-08-02 20:11:21 DEBUG AuthFilter:42 - User 0has permission
2019-08-02 20:11:21 DEBUG AuthFilter:40 - URI /mybank/home
2019-08-02 20:11:21 DEBUG AuthFilter:42 - User 0has permission
2019-08-02 20:11:21 DEBUG Servlet:76 - Servlet /mybank/home
2019-08-02 20:11:21 DEBUG HomeCommand:20 - User GUEST
2019-08-02 20:11:21 DEBUG Servlet:84 - Redirecting to redirect:/mybank/guest/login_form
2019-08-02 20:11:21 DEBUG AuthFilter:40 - URI /mybank/guest/login_form
2019-08-02 20:11:21 DEBUG AuthFilter:42 - User 0has permission
2019-08-02 20:11:21 DEBUG Servlet:76 - Servlet /mybank/guest/login_form
2019-08-02 20:11:21 DEBUG Servlet:87 - Forwarding to /WEB-INF/jsp/guest/loginForm.jsp
2019-08-02 20:11:23 DEBUG AuthFilter:40 - URI /mybank/guest/reg_form
2019-08-02 20:11:23 DEBUG AuthFilter:42 - User 0has permission
2019-08-02 20:11:23 DEBUG Servlet:76 - Servlet /mybank/guest/reg_form
2019-08-02 20:11:23 DEBUG Servlet:87 - Forwarding to /WEB-INF/jsp/guest/regForm.jsp
2019-08-02 20:11:24 DEBUG AuthFilter:40 - URI /mybank/guest/registration
2019-08-02 20:11:24 DEBUG AuthFilter:42 - User 0has permission
2019-08-02 20:11:24 DEBUG Servlet:76 - Servlet /mybank/guest/registration
2019-08-02 20:11:24 DEBUG Servlet:87 - Forwarding to /WEB-INF/jsp/guest/regForm.jsp
2019-08-02 20:11:27 DEBUG AuthFilter:40 - URI /mybank/guest/registration
2019-08-02 20:11:27 DEBUG AuthFilter:42 - User 0has permission
2019-08-02 20:11:27 DEBUG Servlet:76 - Servlet /mybank/guest/registration
2019-08-02 20:11:27 DEBUG Servlet:87 - Forwarding to /WEB-INF/jsp/guest/regForm.jsp
2019-08-02 20:13:02 DEBUG AuthFilter:40 - URI /mybank/
2019-08-02 20:13:02 DEBUG AuthFilter:42 - User 0has permission
2019-08-02 20:13:02 DEBUG AuthFilter:40 - URI /mybank/home;jsessionid=C832D7498A871B075EC61A9B319C8194
2019-08-02 20:13:02 DEBUG AuthFilter:45 - User 0does not have permission
2019-08-02 20:13:02 DEBUG AuthFilter:40 - URI /mybank/
2019-08-02 20:13:02 DEBUG AuthFilter:42 - User 0has permission
2019-08-02 20:13:02 DEBUG AuthFilter:40 - URI /mybank/home
2019-08-02 20:13:02 DEBUG AuthFilter:42 - User 0has permission
2019-08-02 20:13:02 DEBUG Servlet:76 - Servlet /mybank/home
2019-08-02 20:13:02 DEBUG HomeCommand:20 - User GUEST
2019-08-02 20:13:02 DEBUG Servlet:84 - Redirecting to redirect:/mybank/guest/login_form
2019-08-02 20:13:02 DEBUG AuthFilter:40 - URI /mybank/guest/login_form
2019-08-02 20:13:02 DEBUG AuthFilter:42 - User 0has permission
2019-08-02 20:13:02 DEBUG Servlet:76 - Servlet /mybank/guest/login_form
2019-08-02 20:13:02 DEBUG Servlet:87 - Forwarding to /WEB-INF/jsp/guest/loginForm.jsp
2019-08-02 20:13:05 DEBUG AuthFilter:40 - URI /mybank/guest/reg_form
2019-08-02 20:13:05 DEBUG AuthFilter:42 - User 0has permission
2019-08-02 20:13:05 DEBUG Servlet:76 - Servlet /mybank/guest/reg_form
2019-08-02 20:13:05 DEBUG Servlet:87 - Forwarding to /WEB-INF/jsp/guest/regForm.jsp
2019-08-02 20:13:06 DEBUG AuthFilter:40 - URI /mybank/guest/registration
2019-08-02 20:13:06 DEBUG AuthFilter:42 - User 0has permission
2019-08-02 20:13:06 DEBUG Servlet:76 - Servlet /mybank/guest/registration
2019-08-02 20:13:06 DEBUG Servlet:87 - Forwarding to /WEB-INF/jsp/guest/regForm.jsp
2019-08-02 20:13:09 DEBUG AuthFilter:40 - URI /mybank/guest/registration
2019-08-02 20:13:09 DEBUG AuthFilter:42 - User 0has permission
2019-08-02 20:13:09 DEBUG Servlet:76 - Servlet /mybank/guest/registration
2019-08-02 20:13:09 DEBUG Servlet:87 - Forwarding to /WEB-INF/jsp/guest/regForm.jsp
2019-08-02 20:13:10 DEBUG AuthFilter:40 - URI /mybank/guest/registration
2019-08-02 20:13:10 DEBUG AuthFilter:42 - User 0has permission
2019-08-02 20:13:10 DEBUG Servlet:76 - Servlet /mybank/guest/registration
2019-08-02 20:13:10 DEBUG Servlet:87 - Forwarding to /WEB-INF/jsp/guest/regForm.jsp
2019-08-02 20:15:31 DEBUG AuthFilter:40 - URI /mybank/
2019-08-02 20:15:31 DEBUG AuthFilter:42 - User 0has permission
2019-08-02 20:15:31 DEBUG AuthFilter:40 - URI /mybank/home;jsessionid=CC2E0E5D2E5569B8FC6CBB4CF3DB89A4
2019-08-02 20:15:31 DEBUG AuthFilter:45 - User 0does not have permission
2019-08-02 20:15:31 DEBUG AuthFilter:40 - URI /mybank/
2019-08-02 20:15:31 DEBUG AuthFilter:42 - User 0has permission
2019-08-02 20:15:31 DEBUG AuthFilter:40 - URI /mybank/home
2019-08-02 20:15:31 DEBUG AuthFilter:42 - User 0has permission
2019-08-02 20:15:31 DEBUG Servlet:76 - Servlet /mybank/home
2019-08-02 20:15:31 DEBUG HomeCommand:20 - User GUEST
2019-08-02 20:15:31 DEBUG Servlet:84 - Redirecting to redirect:/mybank/guest/login_form
2019-08-02 20:15:31 DEBUG AuthFilter:40 - URI /mybank/guest/login_form
2019-08-02 20:15:31 DEBUG AuthFilter:42 - User 0has permission
2019-08-02 20:15:31 DEBUG Servlet:76 - Servlet /mybank/guest/login_form
2019-08-02 20:15:31 DEBUG Servlet:87 - Forwarding to /WEB-INF/jsp/guest/loginForm.jsp
2019-08-02 20:15:34 DEBUG AuthFilter:40 - URI /mybank/guest/reg_form
2019-08-02 20:15:34 DEBUG AuthFilter:42 - User 0has permission
2019-08-02 20:15:34 DEBUG Servlet:76 - Servlet /mybank/guest/reg_form
2019-08-02 20:15:34 DEBUG Servlet:87 - Forwarding to /WEB-INF/jsp/guest/regForm.jsp
2019-08-02 20:15:41 DEBUG AuthFilter:40 - URI /mybank/guest/registration
2019-08-02 20:15:41 DEBUG AuthFilter:42 - User 0has permission
2019-08-02 20:15:41 DEBUG Servlet:76 - Servlet /mybank/guest/registration
2019-08-02 20:15:41 DEBUG Servlet:87 - Forwarding to /WEB-INF/jsp/guest/regForm.jsp
2019-08-02 20:15:43 DEBUG AuthFilter:40 - URI /mybank/guest/registration
2019-08-02 20:15:43 DEBUG AuthFilter:42 - User 0has permission
2019-08-02 20:15:43 DEBUG Servlet:76 - Servlet /mybank/guest/registration
2019-08-02 20:15:43 DEBUG Servlet:87 - Forwarding to /WEB-INF/jsp/guest/regForm.jsp
2019-08-02 20:15:46 DEBUG AuthFilter:40 - URI /mybank/guest/registration
2019-08-02 20:15:46 DEBUG AuthFilter:42 - User 0has permission
2019-08-02 20:15:46 DEBUG Servlet:76 - Servlet /mybank/guest/registration
2019-08-02 20:15:46 DEBUG Servlet:87 - Forwarding to /WEB-INF/jsp/guest/regForm.jsp
2019-08-02 20:15:47 DEBUG AuthFilter:40 - URI /mybank/guest/registration
2019-08-02 20:15:47 DEBUG AuthFilter:42 - User 0has permission
2019-08-02 20:15:47 DEBUG Servlet:76 - Servlet /mybank/guest/registration
2019-08-02 20:15:47 DEBUG Servlet:87 - Forwarding to /WEB-INF/jsp/guest/regForm.jsp
2019-08-02 20:16:20 DEBUG AuthFilter:40 - URI /mybank/
2019-08-02 20:16:20 DEBUG AuthFilter:42 - User 0has permission
2019-08-02 20:16:21 DEBUG AuthFilter:40 - URI /mybank/home;jsessionid=03936C9284FE1C5A28827FB62497FB76
2019-08-02 20:16:21 DEBUG AuthFilter:45 - User 0does not have permission
2019-08-02 20:16:21 DEBUG AuthFilter:40 - URI /mybank/
2019-08-02 20:16:21 DEBUG AuthFilter:42 - User 0has permission
2019-08-02 20:16:21 DEBUG AuthFilter:40 - URI /mybank/home
2019-08-02 20:16:21 DEBUG AuthFilter:42 - User 0has permission
2019-08-02 20:16:21 DEBUG Servlet:76 - Servlet /mybank/home
2019-08-02 20:16:21 DEBUG HomeCommand:20 - User GUEST
2019-08-02 20:16:21 DEBUG Servlet:84 - Redirecting to redirect:/mybank/guest/login_form
2019-08-02 20:16:21 DEBUG AuthFilter:40 - URI /mybank/guest/login_form
2019-08-02 20:16:21 DEBUG AuthFilter:42 - User 0has permission
2019-08-02 20:16:21 DEBUG Servlet:76 - Servlet /mybank/guest/login_form
2019-08-02 20:16:21 DEBUG Servlet:87 - Forwarding to /WEB-INF/jsp/guest/loginForm.jsp
2019-08-02 20:16:22 DEBUG AuthFilter:40 - URI /mybank/guest/reg_form
2019-08-02 20:16:22 DEBUG AuthFilter:42 - User 0has permission
2019-08-02 20:16:22 DEBUG Servlet:76 - Servlet /mybank/guest/reg_form
2019-08-02 20:16:22 DEBUG Servlet:87 - Forwarding to /WEB-INF/jsp/guest/regForm.jsp
2019-08-02 20:16:29 DEBUG AuthFilter:40 - URI /mybank/guest/registration
2019-08-02 20:16:29 DEBUG AuthFilter:42 - User 0has permission
2019-08-02 20:16:29 DEBUG Servlet:76 - Servlet /mybank/guest/registration
2019-08-02 20:16:29 DEBUG Servlet:87 - Forwarding to /WEB-INF/jsp/guest/regForm.jsp
2019-08-02 20:16:32 DEBUG AuthFilter:40 - URI /mybank/guest/registration
2019-08-02 20:16:32 DEBUG AuthFilter:42 - User 0has permission
2019-08-02 20:16:32 DEBUG Servlet:76 - Servlet /mybank/guest/registration
2019-08-02 20:16:32 DEBUG Servlet:87 - Forwarding to /WEB-INF/jsp/guest/regForm.jsp
2019-08-02 20:16:35 DEBUG AuthFilter:40 - URI /mybank/guest/registration
2019-08-02 20:16:35 DEBUG AuthFilter:42 - User 0has permission
2019-08-02 20:16:35 DEBUG Servlet:76 - Servlet /mybank/guest/registration
2019-08-02 20:16:35 DEBUG Servlet:87 - Forwarding to /WEB-INF/jsp/guest/regForm.jsp
2019-08-02 20:16:35 DEBUG AuthFilter:40 - URI /mybank/guest/registration
2019-08-02 20:16:35 DEBUG AuthFilter:42 - User 0has permission
2019-08-02 20:16:35 DEBUG Servlet:76 - Servlet /mybank/guest/registration
2019-08-02 20:16:35 DEBUG Servlet:87 - Forwarding to /WEB-INF/jsp/guest/regForm.jsp
2019-08-02 20:16:38 DEBUG AuthFilter:40 - URI /mybank/guest/registration
2019-08-02 20:16:38 DEBUG AuthFilter:42 - User 0has permission
2019-08-02 20:16:38 DEBUG Servlet:76 - Servlet /mybank/guest/registration
2019-08-02 20:16:38 DEBUG Servlet:87 - Forwarding to /WEB-INF/jsp/guest/regForm.jsp
2019-08-02 20:16:39 DEBUG AuthFilter:40 - URI /mybank/guest/registration
2019-08-02 20:16:39 DEBUG AuthFilter:42 - User 0has permission
2019-08-02 20:16:39 DEBUG Servlet:76 - Servlet /mybank/guest/registration
2019-08-02 20:16:39 DEBUG Servlet:87 - Forwarding to /WEB-INF/jsp/guest/regForm.jsp
2019-08-02 20:16:41 DEBUG AuthFilter:40 - URI /mybank/guest/registration
2019-08-02 20:16:41 DEBUG AuthFilter:42 - User 0has permission
2019-08-02 20:16:41 DEBUG Servlet:76 - Servlet /mybank/guest/registration
2019-08-02 20:16:41 DEBUG Servlet:87 - Forwarding to /WEB-INF/jsp/guest/regForm.jsp
2019-08-02 20:16:42 DEBUG AuthFilter:40 - URI /mybank/guest/registration
2019-08-02 20:16:42 DEBUG AuthFilter:42 - User 0has permission
2019-08-02 20:16:42 DEBUG Servlet:76 - Servlet /mybank/guest/registration
2019-08-02 20:16:42 DEBUG Servlet:87 - Forwarding to /WEB-INF/jsp/guest/regForm.jsp
2019-08-02 20:38:26 DEBUG AuthFilter:37 - URI /mybank/
2019-08-02 20:38:26 DEBUG AuthFilter:39 - User 0has permission
2019-08-02 20:38:26 DEBUG AuthFilter:37 - URI /mybank/home;jsessionid=5F257B976942539B5FD1F8867FDCD873
2019-08-02 20:38:26 DEBUG AuthFilter:42 - User 0does not have permission
2019-08-02 20:38:26 DEBUG AuthFilter:37 - URI /mybank/
2019-08-02 20:38:26 DEBUG AuthFilter:39 - User 0has permission
2019-08-02 20:38:26 DEBUG AuthFilter:37 - URI /mybank/home
2019-08-02 20:38:26 DEBUG AuthFilter:39 - User 0has permission
2019-08-02 20:38:26 DEBUG Servlet:76 - Servlet /mybank/home
2019-08-02 20:38:26 DEBUG HomeCommand:20 - User GUEST
2019-08-02 20:38:26 DEBUG Servlet:84 - Redirecting to redirect:/mybank/guest/login_form
2019-08-02 20:38:26 DEBUG AuthFilter:37 - URI /mybank/guest/login_form
2019-08-02 20:38:26 DEBUG AuthFilter:39 - User 0has permission
2019-08-02 20:38:26 DEBUG Servlet:76 - Servlet /mybank/guest/login_form
2019-08-02 20:38:26 DEBUG Servlet:87 - Forwarding to /WEB-INF/jsp/guest/loginForm.jsp
2019-08-02 20:38:28 DEBUG AuthFilter:37 - URI /mybank/guest/reg_form
2019-08-02 20:38:28 DEBUG AuthFilter:39 - User 0has permission
2019-08-02 20:38:28 DEBUG Servlet:76 - Servlet /mybank/guest/reg_form
2019-08-02 20:38:28 DEBUG Servlet:87 - Forwarding to /WEB-INF/jsp/guest/regForm.jsp
2019-08-02 20:38:29 DEBUG AuthFilter:37 - URI /mybank/guest/registration
2019-08-02 20:38:29 DEBUG AuthFilter:39 - User 0has permission
2019-08-02 20:38:29 DEBUG Servlet:76 - Servlet /mybank/guest/registration
2019-08-02 20:38:29 DEBUG Servlet:87 - Forwarding to /WEB-INF/jsp/guest/regForm.jsp
2019-08-02 20:38:39 DEBUG AuthFilter:37 - URI /mybank/guest/registration
2019-08-02 20:38:39 DEBUG AuthFilter:39 - User 0has permission
2019-08-02 20:38:39 DEBUG Servlet:76 - Servlet /mybank/guest/registration
2019-08-02 20:38:39 DEBUG JDBCDaoFactory:24 - Getting connection to DB URL:{jdbc:mysql://localhost:3306/mybankdb?serverTimezone=UTC} Password:{root} User:{root}
2019-08-02 20:38:39 ERROR JDBCUserDao:52 - Add user com.mysql.cj.jdbc.ClientPreparedStatement: insert into users ( user_email, user_name, user_surname, user_patronymic, user_role, user_password) values ('test@t','test@t','test@t','test@t','user','test@t')
2019-08-02 20:38:39 DEBUG Servlet:87 - Forwarding to /WEB-INF/jsp/guest/regForm.jsp
2019-08-02 20:38:51 DEBUG AuthFilter:37 - URI /mybank/guest/registration
2019-08-02 20:38:51 DEBUG AuthFilter:39 - User 0has permission
2019-08-02 20:38:51 DEBUG Servlet:76 - Servlet /mybank/guest/registration
2019-08-02 20:38:51 DEBUG JDBCDaoFactory:24 - Getting connection to DB URL:{jdbc:mysql://localhost:3306/mybankdb?serverTimezone=UTC} Password:{root} User:{root}
2019-08-02 20:38:51 ERROR JDBCUserDao:52 - Add user com.mysql.cj.jdbc.ClientPreparedStatement: insert into users ( user_email, user_name, user_surname, user_patronymic, user_role, user_password) values ('test@t','test@t','test@t','test@t','user','test@t')
2019-08-02 20:38:51 ERROR JDBCUserDao:56 - User was not added: java.sql.SQLIntegrityConstraintViolationException: Duplicate entry 'test@t' for key 'user_email_UNIQUE'
2019-08-02 20:40:42 DEBUG AuthFilter:37 - URI /mybank/
2019-08-02 20:40:42 DEBUG AuthFilter:39 - User 0has permission
2019-08-02 20:40:42 DEBUG AuthFilter:37 - URI /mybank/home;jsessionid=6EB6584FD63BDB83E61D3109941A9DDA
2019-08-02 20:40:42 DEBUG AuthFilter:42 - User 0does not have permission
2019-08-02 20:40:42 DEBUG AuthFilter:37 - URI /mybank/
2019-08-02 20:40:42 DEBUG AuthFilter:39 - User 0has permission
2019-08-02 20:40:42 DEBUG AuthFilter:37 - URI /mybank/home
2019-08-02 20:40:42 DEBUG AuthFilter:39 - User 0has permission
2019-08-02 20:40:42 DEBUG Servlet:76 - Servlet /mybank/home
2019-08-02 20:40:42 DEBUG HomeCommand:20 - User GUEST
2019-08-02 20:40:42 DEBUG Servlet:84 - Redirecting to redirect:/mybank/guest/login_form
2019-08-02 20:40:42 DEBUG AuthFilter:37 - URI /mybank/guest/login_form
2019-08-02 20:40:42 DEBUG AuthFilter:39 - User 0has permission
2019-08-02 20:40:42 DEBUG Servlet:76 - Servlet /mybank/guest/login_form
2019-08-02 20:40:42 DEBUG Servlet:87 - Forwarding to /WEB-INF/jsp/guest/loginForm.jsp
2019-08-02 20:40:45 DEBUG AuthFilter:37 - URI /mybank/guest/reg_form
2019-08-02 20:40:45 DEBUG AuthFilter:39 - User 0has permission
2019-08-02 20:40:45 DEBUG Servlet:76 - Servlet /mybank/guest/reg_form
2019-08-02 20:40:45 DEBUG Servlet:87 - Forwarding to /WEB-INF/jsp/guest/regForm.jsp
2019-08-02 20:40:52 DEBUG AuthFilter:37 - URI /mybank/guest/registration
2019-08-02 20:40:52 DEBUG AuthFilter:39 - User 0has permission
2019-08-02 20:40:52 DEBUG Servlet:76 - Servlet /mybank/guest/registration
2019-08-02 20:40:52 DEBUG JDBCDaoFactory:24 - Getting connection to DB URL:{jdbc:mysql://localhost:3306/mybankdb?serverTimezone=UTC} Password:{root} User:{root}
2019-08-02 20:40:52 ERROR JDBCUserDao:49 - Add user com.mysql.cj.jdbc.ClientPreparedStatement: insert into users ( user_email, user_name, user_surname, user_patronymic, user_role, user_password) values ('sdsdsd@sdsd','sdsdsd@sdsd','sdsdsd@sdsd','sdsdsd@sdsdsdsdsd@sdsd','user','sdsdsd@sdsd')
2019-08-02 20:40:52 DEBUG Servlet:87 - Forwarding to /WEB-INF/jsp/guest/regForm.jsp
2019-08-02 20:40:53 DEBUG AuthFilter:37 - URI /mybank/guest/registration
2019-08-02 20:40:53 DEBUG AuthFilter:39 - User 0has permission
2019-08-02 20:40:53 DEBUG Servlet:76 - Servlet /mybank/guest/registration
2019-08-02 20:40:53 DEBUG JDBCDaoFactory:24 - Getting connection to DB URL:{jdbc:mysql://localhost:3306/mybankdb?serverTimezone=UTC} Password:{root} User:{root}
2019-08-02 20:40:54 ERROR JDBCUserDao:49 - Add user com.mysql.cj.jdbc.ClientPreparedStatement: insert into users ( user_email, user_name, user_surname, user_patronymic, user_role, user_password) values ('sdsdsd@sdsd','sdsdsd@sdsd','sdsdsd@sdsd','sdsdsd@sdsdsdsdsd@sdsd','user','sdsdsd@sdsd')
2019-08-02 20:40:54 ERROR JDBCUserDao:53 - User was not added: java.sql.SQLIntegrityConstraintViolationException: Duplicate entry 'sdsdsd@sdsd' for key 'user_email_UNIQUE'
2019-08-02 20:41:56 DEBUG AuthFilter:37 - URI /mybank/
2019-08-02 20:41:56 DEBUG AuthFilter:39 - User 0has permission
2019-08-02 20:41:57 DEBUG AuthFilter:37 - URI /mybank/home;jsessionid=34AB7C7FDE0B6B91893B19D992B2512D
2019-08-02 20:41:57 DEBUG AuthFilter:42 - User 0does not have permission
2019-08-02 20:41:57 DEBUG AuthFilter:37 - URI /mybank/
2019-08-02 20:41:57 DEBUG AuthFilter:39 - User 0has permission
2019-08-02 20:41:57 DEBUG AuthFilter:37 - URI /mybank/home
2019-08-02 20:41:57 DEBUG AuthFilter:39 - User 0has permission
2019-08-02 20:41:57 DEBUG Servlet:76 - Servlet /mybank/home
2019-08-02 20:41:57 DEBUG HomeCommand:20 - User GUEST
2019-08-02 20:41:57 DEBUG Servlet:84 - Redirecting to redirect:/mybank/guest/login_form
2019-08-02 20:41:57 DEBUG AuthFilter:37 - URI /mybank/guest/login_form
2019-08-02 20:41:57 DEBUG AuthFilter:39 - User 0has permission
2019-08-02 20:41:57 DEBUG Servlet:76 - Servlet /mybank/guest/login_form
2019-08-02 20:41:57 DEBUG Servlet:87 - Forwarding to /WEB-INF/jsp/guest/loginForm.jsp
2019-08-02 20:41:59 DEBUG AuthFilter:37 - URI /mybank/guest/reg_form
2019-08-02 20:41:59 DEBUG AuthFilter:39 - User 0has permission
2019-08-02 20:41:59 DEBUG Servlet:76 - Servlet /mybank/guest/reg_form
2019-08-02 20:41:59 DEBUG Servlet:87 - Forwarding to /WEB-INF/jsp/guest/regForm.jsp
2019-08-02 20:42:06 DEBUG AuthFilter:37 - URI /mybank/guest/registration
2019-08-02 20:42:06 DEBUG AuthFilter:39 - User 0has permission
2019-08-02 20:42:06 DEBUG Servlet:76 - Servlet /mybank/guest/registration
2019-08-02 20:42:06 DEBUG JDBCDaoFactory:24 - Getting connection to DB URL:{jdbc:mysql://localhost:3306/mybankdb?serverTimezone=UTC} Password:{root} User:{root}
2019-08-02 20:42:06 DEBUG AuthFilter:37 - URI /mybank/guest/registration
2019-08-02 20:42:06 DEBUG AuthFilter:39 - User 0has permission
2019-08-02 20:42:06 DEBUG Servlet:76 - Servlet /mybank/guest/registration
2019-08-02 20:42:06 DEBUG JDBCDaoFactory:24 - Getting connection to DB URL:{jdbc:mysql://localhost:3306/mybankdb?serverTimezone=UTC} Password:{root} User:{root}
2019-08-02 20:42:06 ERROR JDBCUserDao:49 - Add user com.mysql.cj.jdbc.ClientPreparedStatement: insert into users ( user_email, user_name, user_surname, user_patronymic, user_role, user_password) values ('sdsd@sd','sdsd@sd','sdsd@sd','sdsd@sd','user','sdsd@sd')
2019-08-02 20:42:06 ERROR JDBCUserDao:49 - Add user com.mysql.cj.jdbc.ClientPreparedStatement: insert into users ( user_email, user_name, user_surname, user_patronymic, user_role, user_password) values ('sdsd@sd','sdsd@sd','sdsd@sd','sdsd@sd','user','sdsd@sd')
2019-08-02 20:42:06 DEBUG Servlet:87 - Forwarding to /WEB-INF/jsp/guest/regForm.jsp
2019-08-02 20:42:06 ERROR JDBCUserDao:53 - User was not added: java.sql.SQLIntegrityConstraintViolationException: Duplicate entry 'sdsd@sd' for key 'user_email_UNIQUE'
2019-08-02 20:42:07 DEBUG AuthFilter:37 - URI /mybank/guest/registration
2019-08-02 20:42:07 DEBUG AuthFilter:39 - User 0has permission
2019-08-02 20:42:07 DEBUG Servlet:76 - Servlet /mybank/guest/registration
2019-08-02 20:42:07 DEBUG JDBCDaoFactory:24 - Getting connection to DB URL:{jdbc:mysql://localhost:3306/mybankdb?serverTimezone=UTC} Password:{root} User:{root}
2019-08-02 20:42:07 ERROR JDBCUserDao:49 - Add user com.mysql.cj.jdbc.ClientPreparedStatement: insert into users ( user_email, user_name, user_surname, user_patronymic, user_role, user_password) values ('sdsd@sd','sdsd@sd','sdsd@sd','sdsd@sd','user','sdsd@sd')
2019-08-02 20:42:07 ERROR JDBCUserDao:53 - User was not added: java.sql.SQLIntegrityConstraintViolationException: Duplicate entry 'sdsd@sd' for key 'user_email_UNIQUE'
2019-08-02 20:42:30 DEBUG AuthFilter:37 - URI /mybank/guest/registration
2019-08-02 20:42:30 DEBUG AuthFilter:39 - User 0has permission
2019-08-02 20:42:30 DEBUG Servlet:76 - Servlet /mybank/guest/registration
2019-08-02 20:42:30 DEBUG JDBCDaoFactory:24 - Getting connection to DB URL:{jdbc:mysql://localhost:3306/mybankdb?serverTimezone=UTC} Password:{root} User:{root}
2019-08-02 20:42:30 ERROR JDBCUserDao:49 - Add user com.mysql.cj.jdbc.ClientPreparedStatement: insert into users ( user_email, user_name, user_surname, user_patronymic, user_role, user_password) values ('sdsd@sd','sdsd@sd','sdsd@sd','sdsd@sd','user','sdsd@sd')
2019-08-02 20:42:30 ERROR JDBCUserDao:53 - User was not added: java.sql.SQLIntegrityConstraintViolationException: Duplicate entry 'sdsd@sd' for key 'user_email_UNIQUE'
2019-08-02 20:44:13 DEBUG AuthFilter:37 - URI /mybank/
2019-08-02 20:44:13 DEBUG AuthFilter:39 - User 0has permission
2019-08-02 20:44:14 DEBUG AuthFilter:37 - URI /mybank/home;jsessionid=2ABC541E47894145035E5DD8D6FFB215
2019-08-02 20:44:14 DEBUG AuthFilter:42 - User 0does not have permission
2019-08-02 20:44:14 DEBUG AuthFilter:37 - URI /mybank/
2019-08-02 20:44:14 DEBUG AuthFilter:39 - User 0has permission
2019-08-02 20:44:14 DEBUG AuthFilter:37 - URI /mybank/home
2019-08-02 20:44:14 DEBUG AuthFilter:39 - User 0has permission
2019-08-02 20:44:14 DEBUG Servlet:76 - Servlet /mybank/home
2019-08-02 20:44:14 DEBUG HomeCommand:20 - User GUEST
2019-08-02 20:44:14 DEBUG Servlet:84 - Redirecting to redirect:/mybank/guest/login_form
2019-08-02 20:44:14 DEBUG AuthFilter:37 - URI /mybank/guest/login_form
2019-08-02 20:44:14 DEBUG AuthFilter:39 - User 0has permission
2019-08-02 20:44:14 DEBUG Servlet:76 - Servlet /mybank/guest/login_form
2019-08-02 20:44:14 DEBUG Servlet:87 - Forwarding to /WEB-INF/jsp/guest/loginForm.jsp
2019-08-02 20:44:17 DEBUG AuthFilter:37 - URI /mybank/guest/reg_form
2019-08-02 20:44:17 DEBUG AuthFilter:39 - User 0has permission
2019-08-02 20:44:17 DEBUG Servlet:76 - Servlet /mybank/guest/reg_form
2019-08-02 20:44:17 DEBUG Servlet:87 - Forwarding to /WEB-INF/jsp/guest/regForm.jsp
2019-08-02 20:44:22 DEBUG AuthFilter:37 - URI /mybank/guest/registration
2019-08-02 20:44:22 DEBUG AuthFilter:39 - User 0has permission
2019-08-02 20:44:22 DEBUG Servlet:76 - Servlet /mybank/guest/registration
2019-08-02 20:44:22 DEBUG JDBCDaoFactory:24 - Getting connection to DB URL:{jdbc:mysql://localhost:3306/mybankdb?serverTimezone=UTC} Password:{root} User:{root}
2019-08-02 20:44:22 ERROR JDBCUserDao:49 - Add user com.mysql.cj.jdbc.ClientPreparedStatement: insert into users ( user_email, user_name, user_surname, user_patronymic, user_role, user_password) values ('w@sd','w@sd','w@sd','w@sd','user','w@sd')
2019-08-02 20:44:22 DEBUG Servlet:87 - Forwarding to /WEB-INF/jsp/guest/regForm.jsp
2019-08-02 20:44:23 DEBUG AuthFilter:37 - URI /mybank/guest/registration
2019-08-02 20:44:23 DEBUG AuthFilter:39 - User 0has permission
2019-08-02 20:44:23 DEBUG Servlet:76 - Servlet /mybank/guest/registration
2019-08-02 20:44:23 DEBUG JDBCDaoFactory:24 - Getting connection to DB URL:{jdbc:mysql://localhost:3306/mybankdb?serverTimezone=UTC} Password:{root} User:{root}
2019-08-02 20:44:23 ERROR JDBCUserDao:49 - Add user com.mysql.cj.jdbc.ClientPreparedStatement: insert into users ( user_email, user_name, user_surname, user_patronymic, user_role, user_password) values ('w@sd','w@sd','w@sd','w@sd','user','w@sd')
2019-08-02 20:44:23 ERROR JDBCUserDao:53 - User was not added: java.sql.SQLIntegrityConstraintViolationException: Duplicate entry 'w@sd' for key 'user_email_UNIQUE'
2019-08-02 20:45:57 DEBUG AuthFilter:37 - URI /mybank/
2019-08-02 20:45:57 DEBUG AuthFilter:39 - User 0has permission
2019-08-02 20:45:58 DEBUG AuthFilter:37 - URI /mybank/home;jsessionid=2AFDBD36739564ECA4FCA90293E446E1
2019-08-02 20:45:58 DEBUG AuthFilter:42 - User 0does not have permission
2019-08-02 20:45:58 DEBUG AuthFilter:37 - URI /mybank/
2019-08-02 20:45:58 DEBUG AuthFilter:39 - User 0has permission
2019-08-02 20:45:58 DEBUG AuthFilter:37 - URI /mybank/home
2019-08-02 20:45:58 DEBUG AuthFilter:39 - User 0has permission
2019-08-02 20:45:58 DEBUG Servlet:76 - Servlet /mybank/home
2019-08-02 20:45:58 DEBUG HomeCommand:20 - User GUEST
2019-08-02 20:45:58 DEBUG Servlet:84 - Redirecting to redirect:/mybank/guest/login_form
2019-08-02 20:45:58 DEBUG AuthFilter:37 - URI /mybank/guest/login_form
2019-08-02 20:45:58 DEBUG AuthFilter:39 - User 0has permission
2019-08-02 20:45:58 DEBUG Servlet:76 - Servlet /mybank/guest/login_form
2019-08-02 20:45:58 DEBUG Servlet:87 - Forwarding to /WEB-INF/jsp/guest/loginForm.jsp
2019-08-02 20:46:00 DEBUG AuthFilter:37 - URI /mybank/guest/reg_form
2019-08-02 20:46:00 DEBUG AuthFilter:39 - User 0has permission
2019-08-02 20:46:00 DEBUG Servlet:76 - Servlet /mybank/guest/reg_form
2019-08-02 20:46:00 DEBUG Servlet:87 - Forwarding to /WEB-INF/jsp/guest/regForm.jsp
2019-08-02 20:46:11 DEBUG AuthFilter:37 - URI /mybank/guest/registration
2019-08-02 20:46:11 DEBUG AuthFilter:39 - User 0has permission
2019-08-02 20:46:11 DEBUG Servlet:76 - Servlet /mybank/guest/registration
2019-08-02 20:46:11 DEBUG JDBCDaoFactory:24 - Getting connection to DB URL:{jdbc:mysql://localhost:3306/mybankdb?serverTimezone=UTC} Password:{root} User:{root}
2019-08-02 20:46:12 ERROR JDBCUserDao:49 - Add user com.mysql.cj.jdbc.ClientPreparedStatement: insert into users ( user_email, user_name, user_surname, user_patronymic, user_role, user_password) values ('rgra33@sf','rgra33@sf','rgra33@sf','rgra33@sf','user','rgra33@sf')
2019-08-02 20:46:12 DEBUG Servlet:87 - Forwarding to /WEB-INF/jsp/guest/regForm.jsp
2019-08-02 20:46:13 DEBUG AuthFilter:37 - URI /mybank/guest/registration
2019-08-02 20:46:13 DEBUG AuthFilter:39 - User 0has permission
2019-08-02 20:46:13 DEBUG Servlet:76 - Servlet /mybank/guest/registration
2019-08-02 20:46:13 DEBUG JDBCDaoFactory:24 - Getting connection to DB URL:{jdbc:mysql://localhost:3306/mybankdb?serverTimezone=UTC} Password:{root} User:{root}
2019-08-02 20:46:13 ERROR JDBCUserDao:49 - Add user com.mysql.cj.jdbc.ClientPreparedStatement: insert into users ( user_email, user_name, user_surname, user_patronymic, user_role, user_password) values ('rgra33@sf','rgra33@sf','rgra33@sf','rgra33@sf','user','rgra33@sf')
2019-08-02 20:46:13 ERROR JDBCUserDao:53 - User was not added: java.sql.SQLIntegrityConstraintViolationException: Duplicate entry 'rgra33@sf' for key 'user_email_UNIQUE'
2019-08-02 20:46:18 DEBUG AuthFilter:37 - URI /mybank/guest/registration
2019-08-02 20:46:18 DEBUG AuthFilter:39 - User 0has permission
2019-08-02 20:46:18 DEBUG Servlet:76 - Servlet /mybank/guest/registration
2019-08-02 20:46:18 DEBUG JDBCDaoFactory:24 - Getting connection to DB URL:{jdbc:mysql://localhost:3306/mybankdb?serverTimezone=UTC} Password:{root} User:{root}
2019-08-02 20:46:18 ERROR JDBCUserDao:49 - Add user com.mysql.cj.jdbc.ClientPreparedStatement: insert into users ( user_email, user_name, user_surname, user_patronymic, user_role, user_password) values ('rgra33@sf','rgra33@sf','rgra33@sf','rgra33@sf','user','rgra33@sf')
2019-08-02 20:46:18 ERROR JDBCUserDao:53 - User was not added: java.sql.SQLIntegrityConstraintViolationException: Duplicate entry 'rgra33@sf' for key 'user_email_UNIQUE'
2019-08-02 20:54:04 DEBUG AuthFilter:37 - URI /mybank/
2019-08-02 20:54:04 DEBUG AuthFilter:39 - User 0has permission
2019-08-02 20:54:04 DEBUG AuthFilter:37 - URI /mybank/home;jsessionid=25FD94FDD18DF410C1C31CD829F0E823
2019-08-02 20:54:04 DEBUG AuthFilter:42 - User 0does not have permission
2019-08-02 20:54:04 DEBUG AuthFilter:37 - URI /mybank/
2019-08-02 20:54:04 DEBUG AuthFilter:39 - User 0has permission
2019-08-02 20:54:04 DEBUG AuthFilter:37 - URI /mybank/home
2019-08-02 20:54:04 DEBUG AuthFilter:39 - User 0has permission
2019-08-02 20:54:04 DEBUG Servlet:76 - Servlet /mybank/home
2019-08-02 20:54:04 DEBUG HomeCommand:20 - User GUEST
2019-08-02 20:54:04 DEBUG Servlet:84 - Redirecting to redirect:/mybank/guest/login_form
2019-08-02 20:54:04 DEBUG AuthFilter:37 - URI /mybank/guest/login_form
2019-08-02 20:54:04 DEBUG AuthFilter:39 - User 0has permission
2019-08-02 20:54:04 DEBUG Servlet:76 - Servlet /mybank/guest/login_form
2019-08-02 20:54:04 DEBUG Servlet:87 - Forwarding to /WEB-INF/jsp/guest/loginForm.jsp
2019-08-02 20:54:06 DEBUG AuthFilter:37 - URI /mybank/guest/reg_form
2019-08-02 20:54:06 DEBUG AuthFilter:39 - User 0has permission
2019-08-02 20:54:06 DEBUG Servlet:76 - Servlet /mybank/guest/reg_form
2019-08-02 20:54:06 DEBUG Servlet:87 - Forwarding to /WEB-INF/jsp/guest/regForm.jsp
2019-08-02 20:54:07 DEBUG AuthFilter:37 - URI /mybank/guest/registration
2019-08-02 20:54:07 DEBUG AuthFilter:39 - User 0has permission
2019-08-02 20:54:07 DEBUG Servlet:76 - Servlet /mybank/guest/registration
2019-08-02 20:54:07 DEBUG Servlet:87 - Forwarding to /WEB-INF/jsp/guest/regForm.jsp
2019-08-02 20:54:13 DEBUG AuthFilter:37 - URI /mybank/guest/registration
2019-08-02 20:54:13 DEBUG AuthFilter:39 - User 0has permission
2019-08-02 20:54:13 DEBUG Servlet:76 - Servlet /mybank/guest/registration
2019-08-02 20:54:13 DEBUG JDBCDaoFactory:24 - Getting connection to DB URL:{jdbc:mysql://localhost:3306/mybankdb?serverTimezone=UTC} Password:{root} User:{root}
2019-08-02 20:54:13 ERROR JDBCUserDao:50 - Add user com.mysql.cj.jdbc.ClientPreparedStatement: insert into users ( user_email, user_name, user_surname, user_patronymic, user_role, user_password) values ('sdsd@sdsd','sdsd@sdsd','sdsd@sdsd','sdsd@sdsd','user','sdsd@sdsd')
2019-08-02 20:54:13 DEBUG Servlet:87 - Forwarding to /WEB-INF/jsp/guest/regForm.jsp
2019-08-02 20:54:14 DEBUG AuthFilter:37 - URI /mybank/guest/registration
2019-08-02 20:54:14 DEBUG AuthFilter:39 - User 0has permission
2019-08-02 20:54:14 DEBUG Servlet:76 - Servlet /mybank/guest/registration
2019-08-02 20:54:14 DEBUG JDBCDaoFactory:24 - Getting connection to DB URL:{jdbc:mysql://localhost:3306/mybankdb?serverTimezone=UTC} Password:{root} User:{root}
2019-08-02 20:54:14 ERROR JDBCUserDao:50 - Add user com.mysql.cj.jdbc.ClientPreparedStatement: insert into users ( user_email, user_name, user_surname, user_patronymic, user_role, user_password) values ('sdsd@sdsd','sdsd@sdsd','sdsd@sdsd','sdsd@sdsd','user','sdsd@sdsd')
2019-08-02 20:54:14 ERROR JDBCUserDao:54 - User was not added: java.sql.SQLIntegrityConstraintViolationException: Duplicate entry 'sdsd@sdsd' for key 'user_email_UNIQUE'
2019-08-02 20:54:14 DEBUG Servlet:87 - Forwarding to /WEB-INF/jsp/guest/regForm.jsp
2019-08-02 21:02:59 DEBUG AuthFilter:37 - URI /mybank/
2019-08-02 21:02:59 DEBUG AuthFilter:39 - User 0has permission
2019-08-02 21:02:59 DEBUG AuthFilter:37 - URI /mybank/home;jsessionid=596B8D15A3B1E69B5BE89834460FF060
2019-08-02 21:02:59 DEBUG AuthFilter:42 - User 0does not have permission
2019-08-02 21:02:59 DEBUG AuthFilter:37 - URI /mybank/
2019-08-02 21:02:59 DEBUG AuthFilter:39 - User 0has permission
2019-08-02 21:02:59 DEBUG AuthFilter:37 - URI /mybank/home
2019-08-02 21:02:59 DEBUG AuthFilter:39 - User 0has permission
2019-08-02 21:02:59 DEBUG Servlet:76 - Servlet /mybank/home
2019-08-02 21:02:59 DEBUG HomeCommand:20 - User GUEST
2019-08-02 21:02:59 DEBUG Servlet:84 - Redirecting to redirect:/mybank/guest/login_form
2019-08-02 21:02:59 DEBUG AuthFilter:37 - URI /mybank/guest/login_form
2019-08-02 21:02:59 DEBUG AuthFilter:39 - User 0has permission
2019-08-02 21:02:59 DEBUG Servlet:76 - Servlet /mybank/guest/login_form
2019-08-02 21:02:59 DEBUG Servlet:87 - Forwarding to /WEB-INF/jsp/guest/loginForm.jsp
2019-08-02 21:03:02 DEBUG AuthFilter:37 - URI /mybank/guest/reg_form
2019-08-02 21:03:02 DEBUG AuthFilter:39 - User 0has permission
2019-08-02 21:03:02 DEBUG Servlet:76 - Servlet /mybank/guest/reg_form
2019-08-02 21:03:02 DEBUG Servlet:87 - Forwarding to /WEB-INF/jsp/guest/regForm.jsp
2019-08-02 21:03:09 DEBUG AuthFilter:37 - URI /mybank/guest/registration
2019-08-02 21:03:09 DEBUG AuthFilter:39 - User 0has permission
2019-08-02 21:03:09 DEBUG Servlet:76 - Servlet /mybank/guest/registration
2019-08-02 21:03:09 DEBUG JDBCDaoFactory:24 - Getting connection to DB URL:{jdbc:mysql://localhost:3306/mybankdb?serverTimezone=UTC} Password:{root} User:{root}
2019-08-02 21:03:09 ERROR JDBCUserDao:50 - Add user com.mysql.cj.jdbc.ClientPreparedStatement: insert into users ( user_email, user_name, user_surname, user_patronymic, user_role, user_password) values ('tdsdwd@sfsf','tdsdwd@sfsf','tdsdwd@sfsf','tdsdwd@sfsf','user','tdsdwd@sfsf')
2019-08-02 21:03:09 ERROR JDBCUserDao:61 - User was not added: java.sql.SQLException: Generated keys not requested. You need to specify Statement.RETURN_GENERATED_KEYS to Statement.executeUpdate(), Statement.executeLargeUpdate() or Connection.prepareStatement().
2019-08-02 21:04:23 DEBUG AuthFilter:37 - URI /mybank/
2019-08-02 21:04:23 DEBUG AuthFilter:39 - User 0has permission
2019-08-02 21:04:23 DEBUG AuthFilter:37 - URI /mybank/home;jsessionid=4263FA876733A47B8AE9D0C27B1D9386
2019-08-02 21:04:23 DEBUG AuthFilter:42 - User 0does not have permission
2019-08-02 21:04:24 DEBUG AuthFilter:37 - URI /mybank/
2019-08-02 21:04:24 DEBUG AuthFilter:39 - User 0has permission
2019-08-02 21:04:24 DEBUG AuthFilter:37 - URI /mybank/home
2019-08-02 21:04:24 DEBUG AuthFilter:39 - User 0has permission
2019-08-02 21:04:24 DEBUG Servlet:76 - Servlet /mybank/home
2019-08-02 21:04:24 DEBUG HomeCommand:20 - User GUEST
2019-08-02 21:04:24 DEBUG Servlet:84 - Redirecting to redirect:/mybank/guest/login_form
2019-08-02 21:04:24 DEBUG AuthFilter:37 - URI /mybank/guest/login_form
2019-08-02 21:04:24 DEBUG AuthFilter:39 - User 0has permission
2019-08-02 21:04:24 DEBUG Servlet:76 - Servlet /mybank/guest/login_form
2019-08-02 21:04:24 DEBUG Servlet:87 - Forwarding to /WEB-INF/jsp/guest/loginForm.jsp
2019-08-02 21:04:25 DEBUG AuthFilter:37 - URI /mybank/guest/reg_form
2019-08-02 21:04:25 DEBUG AuthFilter:39 - User 0has permission
2019-08-02 21:04:25 DEBUG Servlet:76 - Servlet /mybank/guest/reg_form
2019-08-02 21:04:25 DEBUG Servlet:87 - Forwarding to /WEB-INF/jsp/guest/regForm.jsp
2019-08-02 21:04:31 DEBUG AuthFilter:37 - URI /mybank/guest/registration
2019-08-02 21:04:31 DEBUG AuthFilter:39 - User 0has permission
2019-08-02 21:04:31 DEBUG Servlet:76 - Servlet /mybank/guest/registration
2019-08-02 21:04:31 DEBUG JDBCDaoFactory:24 - Getting connection to DB URL:{jdbc:mysql://localhost:3306/mybankdb?serverTimezone=UTC} Password:{root} User:{root}
2019-08-02 21:04:31 ERROR JDBCUserDao:50 - Add user com.mysql.cj.jdbc.ClientPreparedStatement: insert into users ( user_email, user_name, user_surname, user_patronymic, user_role, user_password) values ('sdsd@sdsdsd','sdsd@sdsdsd','sdsd@sdsdsd','sdsd@sdsdsd','user','sdsd@sdsdsd')
2019-08-02 21:04:31 DEBUG Servlet:87 - Forwarding to /WEB-INF/jsp/guest/loginForm.jsp
2019-08-02 21:05:38 DEBUG AuthFilter:37 - URI /mybank/
2019-08-02 21:05:38 DEBUG AuthFilter:39 - User 0has permission
2019-08-02 21:05:38 DEBUG AuthFilter:37 - URI /mybank/home;jsessionid=68EC455261C436FDA02C21B440460EC4
2019-08-02 21:05:38 DEBUG AuthFilter:42 - User 0does not have permission
2019-08-02 21:05:39 DEBUG AuthFilter:37 - URI /mybank/
2019-08-02 21:05:39 DEBUG AuthFilter:39 - User 0has permission
2019-08-02 21:05:39 DEBUG AuthFilter:37 - URI /mybank/home
2019-08-02 21:05:39 DEBUG AuthFilter:39 - User 0has permission
2019-08-02 21:05:39 DEBUG Servlet:76 - Servlet /mybank/home
2019-08-02 21:05:39 DEBUG HomeCommand:20 - User GUEST
2019-08-02 21:05:39 DEBUG Servlet:84 - Redirecting to redirect:/mybank/guest/login_form
2019-08-02 21:05:39 DEBUG AuthFilter:37 - URI /mybank/guest/login_form
2019-08-02 21:05:39 DEBUG AuthFilter:39 - User 0has permission
2019-08-02 21:05:39 DEBUG Servlet:76 - Servlet /mybank/guest/login_form
2019-08-02 21:05:39 DEBUG Servlet:87 - Forwarding to /WEB-INF/jsp/guest/loginForm.jsp
2019-08-02 21:06:05 DEBUG AuthFilter:37 - URI /mybank/
2019-08-02 21:06:05 DEBUG AuthFilter:39 - User 0has permission
2019-08-02 21:06:05 DEBUG AuthFilter:37 - URI /mybank/home;jsessionid=B387DAAC6AE159184656A1983F05DC0B
2019-08-02 21:06:05 DEBUG AuthFilter:42 - User 0does not have permission
2019-08-02 21:06:05 DEBUG AuthFilter:37 - URI /mybank/
2019-08-02 21:06:05 DEBUG AuthFilter:39 - User 0has permission
2019-08-02 21:06:05 DEBUG AuthFilter:37 - URI /mybank/home
2019-08-02 21:06:05 DEBUG AuthFilter:39 - User 0has permission
2019-08-02 21:06:05 DEBUG Servlet:76 - Servlet /mybank/home
2019-08-02 21:06:05 DEBUG HomeCommand:20 - User GUEST
2019-08-02 21:06:05 DEBUG Servlet:84 - Redirecting to redirect:/mybank/guest/login_form
2019-08-02 21:06:06 DEBUG AuthFilter:37 - URI /mybank/guest/login_form
2019-08-02 21:06:06 DEBUG AuthFilter:39 - User 0has permission
2019-08-02 21:06:06 DEBUG Servlet:76 - Servlet /mybank/guest/login_form
2019-08-02 21:06:06 DEBUG Servlet:87 - Forwarding to /WEB-INF/jsp/guest/loginForm.jsp
2019-08-02 21:07:46 DEBUG AuthFilter:37 - URI /mybank/
2019-08-02 21:07:46 DEBUG AuthFilter:39 - User 0has permission
2019-08-02 21:07:47 DEBUG AuthFilter:37 - URI /mybank/home;jsessionid=7B8E601B968233FBEDF484B560062927
2019-08-02 21:07:47 DEBUG AuthFilter:42 - User 0does not have permission
2019-08-02 21:07:47 DEBUG AuthFilter:37 - URI /mybank/
2019-08-02 21:07:47 DEBUG AuthFilter:39 - User 0has permission
2019-08-02 21:07:47 DEBUG AuthFilter:37 - URI /mybank/home
2019-08-02 21:07:47 DEBUG AuthFilter:39 - User 0has permission
2019-08-02 21:07:47 DEBUG Servlet:76 - Servlet /mybank/home
2019-08-02 21:07:47 DEBUG HomeCommand:20 - User GUEST
2019-08-02 21:07:47 DEBUG Servlet:84 - Redirecting to redirect:/mybank/guest/login_form
2019-08-02 21:07:47 DEBUG AuthFilter:37 - URI /mybank/guest/login_form
2019-08-02 21:07:47 DEBUG AuthFilter:39 - User 0has permission
2019-08-02 21:07:47 DEBUG Servlet:76 - Servlet /mybank/guest/login_form
2019-08-02 21:07:47 DEBUG Servlet:87 - Forwarding to /WEB-INF/jsp/guest/loginForm.jsp
2019-08-02 21:07:49 DEBUG AuthFilter:37 - URI /mybank/guest/reg_form
2019-08-02 21:07:49 DEBUG AuthFilter:39 - User 0has permission
2019-08-02 21:07:49 DEBUG Servlet:76 - Servlet /mybank/guest/reg_form
2019-08-02 21:07:49 DEBUG Servlet:87 - Forwarding to /WEB-INF/jsp/guest/regForm.jsp
2019-08-02 21:07:54 DEBUG AuthFilter:37 - URI /mybank/guest/registration
2019-08-02 21:07:54 DEBUG AuthFilter:39 - User 0has permission
2019-08-02 21:07:54 DEBUG Servlet:76 - Servlet /mybank/guest/registration
2019-08-02 21:07:54 DEBUG Servlet:87 - Forwarding to /WEB-INF/jsp/guest/regForm.jsp
2019-08-02 21:07:55 DEBUG AuthFilter:37 - URI /mybank/guest/registration
2019-08-02 21:07:55 DEBUG AuthFilter:39 - User 0has permission
2019-08-02 21:07:55 DEBUG Servlet:76 - Servlet /mybank/guest/registration
2019-08-02 21:07:55 DEBUG JDBCDaoFactory:24 - Getting connection to DB URL:{jdbc:mysql://localhost:3306/mybankdb?serverTimezone=UTC} Password:{root} User:{root}
2019-08-02 21:07:55 ERROR JDBCUserDao:50 - Add user com.mysql.cj.jdbc.ClientPreparedStatement: insert into users ( user_email, user_name, user_surname, user_patronymic, user_role, user_password) values ('sdsd@dsd','sdsd','sds','sdsdsd','user','sdsd')
2019-08-02 21:07:55 DEBUG Servlet:87 - Forwarding to /WEB-INF/jsp/guest/loginForm.jsp
2019-08-02 21:43:01 DEBUG AuthFilter:37 - URI /mybank/
2019-08-02 21:43:01 DEBUG AuthFilter:39 - User 0has permission
2019-08-02 21:43:02 DEBUG AuthFilter:37 - URI /mybank/home;jsessionid=85DA0F23F78F08C6B8B5B827C5485D72
2019-08-02 21:43:02 DEBUG AuthFilter:42 - User 0does not have permission
2019-08-02 21:43:02 DEBUG AuthFilter:37 - URI /mybank/
2019-08-02 21:43:02 DEBUG AuthFilter:39 - User 0has permission
2019-08-02 21:43:02 DEBUG AuthFilter:37 - URI /mybank/home
2019-08-02 21:43:02 DEBUG AuthFilter:39 - User 0has permission
2019-08-02 21:43:02 DEBUG Servlet:76 - Servlet /mybank/home
2019-08-02 21:43:02 DEBUG HomeCommand:20 - User GUEST
2019-08-02 21:43:02 DEBUG Servlet:84 - Redirecting to redirect:/mybank/guest/login_form
2019-08-02 21:43:02 DEBUG AuthFilter:37 - URI /mybank/guest/login_form
2019-08-02 21:43:02 DEBUG AuthFilter:39 - User 0has permission
2019-08-02 21:43:02 DEBUG Servlet:76 - Servlet /mybank/guest/login_form
2019-08-02 21:43:02 DEBUG Servlet:87 - Forwarding to /WEB-INF/jsp/guest/loginForm.jsp
2019-08-02 21:43:04 DEBUG AuthFilter:37 - URI /mybank/guest/registration
2019-08-02 21:43:04 DEBUG AuthFilter:39 - User 0has permission
2019-08-02 21:43:04 DEBUG Servlet:76 - Servlet /mybank/guest/registration
2019-08-02 21:43:44 DEBUG AuthFilter:37 - URI /mybank/
2019-08-02 21:43:44 DEBUG AuthFilter:39 - User 0has permission
2019-08-02 21:43:44 DEBUG AuthFilter:37 - URI /mybank/home;jsessionid=657CCF4CCD41B19077DF6339965E56A2
2019-08-02 21:43:44 DEBUG AuthFilter:42 - User 0does not have permission
2019-08-02 21:43:44 DEBUG AuthFilter:37 - URI /mybank/
2019-08-02 21:43:44 DEBUG AuthFilter:39 - User 0has permission
2019-08-02 21:43:44 DEBUG AuthFilter:37 - URI /mybank/home
2019-08-02 21:43:44 DEBUG AuthFilter:39 - User 0has permission
2019-08-02 21:43:44 DEBUG Servlet:76 - Servlet /mybank/home
2019-08-02 21:43:44 DEBUG HomeCommand:20 - User GUEST
2019-08-02 21:43:44 DEBUG Servlet:84 - Redirecting to redirect:/mybank/guest/login_form
2019-08-02 21:43:44 DEBUG AuthFilter:37 - URI /mybank/guest/login_form
2019-08-02 21:43:44 DEBUG AuthFilter:39 - User 0has permission
2019-08-02 21:43:44 DEBUG Servlet:76 - Servlet /mybank/guest/login_form
2019-08-02 21:43:44 DEBUG Servlet:87 - Forwarding to /WEB-INF/jsp/guest/loginForm.jsp
2019-08-02 21:43:46 DEBUG AuthFilter:37 - URI /mybank/guest/registration
2019-08-02 21:43:46 DEBUG AuthFilter:39 - User 0has permission
2019-08-02 21:43:46 DEBUG Servlet:76 - Servlet /mybank/guest/registration
2019-08-02 21:43:46 DEBUG Servlet:87 - Forwarding to /WEB-INF/jsp/guest/regForm.jsp
2019-08-02 21:43:49 DEBUG AuthFilter:37 - URI /mybank/guest/registration
2019-08-02 21:43:49 DEBUG AuthFilter:39 - User 0has permission
2019-08-02 21:43:49 DEBUG Servlet:76 - Servlet /mybank/guest/registration
2019-08-02 21:43:49 DEBUG Servlet:87 - Forwarding to /WEB-INF/jsp/guest/regForm.jsp
2019-08-02 21:43:53 DEBUG AuthFilter:37 - URI /mybank/guest/registration
2019-08-02 21:43:53 DEBUG AuthFilter:39 - User 0has permission
2019-08-02 21:43:53 DEBUG Servlet:76 - Servlet /mybank/guest/registration
2019-08-02 21:43:53 DEBUG Servlet:87 - Forwarding to /WEB-INF/jsp/guest/regForm.jsp
2019-08-02 21:44:06 DEBUG AuthFilter:37 - URI /mybank/guest/registration
2019-08-02 21:44:06 DEBUG AuthFilter:39 - User 0has permission
2019-08-02 21:44:06 DEBUG Servlet:76 - Servlet /mybank/guest/registration
2019-08-02 21:44:06 DEBUG JDBCDaoFactory:24 - Getting connection to DB URL:{jdbc:mysql://localhost:3306/mybankdb?serverTimezone=UTC} Password:{root} User:{root}
2019-08-02 21:44:06 ERROR JDBCUserDao:50 - Add user com.mysql.cj.jdbc.ClientPreparedStatement: insert into users ( user_email, user_name, user_surname, user_patronymic, user_role, user_password) values ('sdsd@sdsd','sdsd@sdsd','sdsd@sdsd','sdsd@sdsd','user','sdsd@sdsd')
2019-08-02 21:44:06 ERROR JDBCUserDao:61 - User was not added: java.sql.SQLIntegrityConstraintViolationException: Duplicate entry 'sdsd@sdsd' for key 'user_email_UNIQUE'
2019-08-02 21:44:06 DEBUG Servlet:87 - Forwarding to /WEB-INF/jsp/guest/regForm.jsp
2019-08-02 21:44:12 DEBUG AuthFilter:37 - URI /mybank/guest/registration
2019-08-02 21:44:12 DEBUG AuthFilter:39 - User 0has permission
2019-08-02 21:44:12 DEBUG Servlet:76 - Servlet /mybank/guest/registration
2019-08-02 21:44:12 DEBUG JDBCDaoFactory:24 - Getting connection to DB URL:{jdbc:mysql://localhost:3306/mybankdb?serverTimezone=UTC} Password:{root} User:{root}
2019-08-02 21:44:12 ERROR JDBCUserDao:50 - Add user com.mysql.cj.jdbc.ClientPreparedStatement: insert into users ( user_email, user_name, user_surname, user_patronymic, user_role, user_password) values ('sdsd@sdsd2','sdsd@sdsd','sdsd@sdsd','sdsd@sdsd','user','sdsd@sdsd')
2019-08-02 21:44:12 DEBUG Servlet:87 - Forwarding to /WEB-INF/jsp/guest/loginForm.jsp
2019-08-02 21:45:34 DEBUG AuthFilter:37 - URI /mybank/
2019-08-02 21:45:34 DEBUG AuthFilter:39 - User 0has permission
2019-08-02 21:45:35 DEBUG AuthFilter:37 - URI /mybank/home;jsessionid=0A2451E4797BDAC9665B503FD3C519F6
2019-08-02 21:45:35 DEBUG AuthFilter:42 - User 0does not have permission
2019-08-02 21:45:35 DEBUG AuthFilter:37 - URI /mybank/
2019-08-02 21:45:35 DEBUG AuthFilter:39 - User 0has permission
2019-08-02 21:45:35 DEBUG AuthFilter:37 - URI /mybank/home
2019-08-02 21:45:35 DEBUG AuthFilter:39 - User 0has permission
2019-08-02 21:45:35 DEBUG Servlet:76 - Servlet /mybank/home
2019-08-02 21:45:35 DEBUG HomeCommand:20 - User GUEST
2019-08-02 21:45:35 DEBUG Servlet:84 - Redirecting to redirect:/mybank/guest/login
2019-08-02 21:45:35 DEBUG AuthFilter:37 - URI /mybank/guest/login
2019-08-02 21:45:35 DEBUG AuthFilter:39 - User 0has permission
2019-08-02 21:45:35 DEBUG Servlet:76 - Servlet /mybank/guest/login
2019-08-02 21:45:35 DEBUG Servlet:87 - Forwarding to /WEB-INF/jsp/guest/loginForm.jsp
2019-08-02 21:45:37 DEBUG AuthFilter:37 - URI /mybank/guest/login
2019-08-02 21:45:37 DEBUG AuthFilter:39 - User 0has permission
2019-08-02 21:45:37 DEBUG Servlet:76 - Servlet /mybank/guest/login
2019-08-02 21:45:37 DEBUG Servlet:87 - Forwarding to /WEB-INF/jsp/guest/loginForm.jsp
2019-08-02 21:45:39 DEBUG AuthFilter:37 - URI /mybank/guest/registration
2019-08-02 21:45:39 DEBUG AuthFilter:39 - User 0has permission
2019-08-02 21:45:39 DEBUG Servlet:76 - Servlet /mybank/guest/registration
2019-08-02 21:45:39 DEBUG Servlet:87 - Forwarding to /WEB-INF/jsp/guest/regForm.jsp
2019-08-02 21:45:40 DEBUG AuthFilter:37 - URI /mybank/guest/login_form
2019-08-02 21:45:40 DEBUG AuthFilter:39 - User 0has permission
2019-08-02 21:45:40 DEBUG Servlet:76 - Servlet /mybank/guest/login_form
2019-08-02 21:45:40 DEBUG Servlet:87 - Forwarding to /WEB-INF/jsp/guest/loginForm.jsp
2019-08-02 21:45:43 DEBUG AuthFilter:37 - URI /mybank/guest/login
2019-08-02 21:45:43 DEBUG AuthFilter:39 - User 0has permission
2019-08-02 21:45:43 DEBUG Servlet:76 - Servlet /mybank/guest/login
